Archive member included to satisfy reference by file (symbol)

c:/st/stm32cubeide_1.11.2/stm32cubeide/plugins/com.st.stm32cube.ide.mcu.externaltools.gnu-tools-for-stm32.10.3-2021.10.win32_1.0.100.202210260954/tools/bin/../lib/gcc/arm-none-eabi/10.3.1/../../../../arm-none-eabi/lib/thumb/v8-m.main+fp/hard\libstdc++_nano.a(new_op.o)
                              ./Core/Los_Driver/Src/LOS_D_SBUSReceiver.o (operator new(unsigned int))
c:/st/stm32cubeide_1.11.2/stm32cubeide/plugins/com.st.stm32cube.ide.mcu.externaltools.gnu-tools-for-stm32.10.3-2021.10.win32_1.0.100.202210260954/tools/bin/../lib/gcc/arm-none-eabi/10.3.1/../../../../arm-none-eabi/lib/thumb/v8-m.main+fp/hard\libstdc++_nano.a(new_handler.o)
                              c:/st/stm32cubeide_1.11.2/stm32cubeide/plugins/com.st.stm32cube.ide.mcu.externaltools.gnu-tools-for-stm32.10.3-2021.10.win32_1.0.100.202210260954/tools/bin/../lib/gcc/arm-none-eabi/10.3.1/../../../../arm-none-eabi/lib/thumb/v8-m.main+fp/hard\libstdc++_nano.a(new_op.o) (std::get_new_handler())
c:/st/stm32cubeide_1.11.2/stm32cubeide/plugins/com.st.stm32cube.ide.mcu.externaltools.gnu-tools-for-stm32.10.3-2021.10.win32_1.0.100.202210260954/tools/bin/../lib/gcc/arm-none-eabi/10.3.1/../../../../arm-none-eabi/lib/thumb/v8-m.main+fp/hard\libc_nano.a(lib_a-abort.o)
                              c:/st/stm32cubeide_1.11.2/stm32cubeide/plugins/com.st.stm32cube.ide.mcu.externaltools.gnu-tools-for-stm32.10.3-2021.10.win32_1.0.100.202210260954/tools/bin/../lib/gcc/arm-none-eabi/10.3.1/../../../../arm-none-eabi/lib/thumb/v8-m.main+fp/hard\libstdc++_nano.a(new_op.o) (abort)
c:/st/stm32cubeide_1.11.2/stm32cubeide/plugins/com.st.stm32cube.ide.mcu.externaltools.gnu-tools-for-stm32.10.3-2021.10.win32_1.0.100.202210260954/tools/bin/../lib/gcc/arm-none-eabi/10.3.1/../../../../arm-none-eabi/lib/thumb/v8-m.main+fp/hard\libc_nano.a(lib_a-errno.o)
                              ./Core/Src/syscalls.o (__errno)
c:/st/stm32cubeide_1.11.2/stm32cubeide/plugins/com.st.stm32cube.ide.mcu.externaltools.gnu-tools-for-stm32.10.3-2021.10.win32_1.0.100.202210260954/tools/bin/../lib/gcc/arm-none-eabi/10.3.1/../../../../arm-none-eabi/lib/thumb/v8-m.main+fp/hard\libc_nano.a(lib_a-exit.o)
                              c:/st/stm32cubeide_1.11.2/stm32cubeide/plugins/com.st.stm32cube.ide.mcu.externaltools.gnu-tools-for-stm32.10.3-2021.10.win32_1.0.100.202210260954/tools/bin/../lib/gcc/arm-none-eabi/10.3.1/../../../../arm-none-eabi/lib/thumb/v8-m.main+fp/hard/crt0.o (exit)
c:/st/stm32cubeide_1.11.2/stm32cubeide/plugins/com.st.stm32cube.ide.mcu.externaltools.gnu-tools-for-stm32.10.3-2021.10.win32_1.0.100.202210260954/tools/bin/../lib/gcc/arm-none-eabi/10.3.1/../../../../arm-none-eabi/lib/thumb/v8-m.main+fp/hard\libc_nano.a(lib_a-impure.o)
                              c:/st/stm32cubeide_1.11.2/stm32cubeide/plugins/com.st.stm32cube.ide.mcu.externaltools.gnu-tools-for-stm32.10.3-2021.10.win32_1.0.100.202210260954/tools/bin/../lib/gcc/arm-none-eabi/10.3.1/../../../../arm-none-eabi/lib/thumb/v8-m.main+fp/hard\libc_nano.a(lib_a-exit.o) (_global_impure_ptr)
c:/st/stm32cubeide_1.11.2/stm32cubeide/plugins/com.st.stm32cube.ide.mcu.externaltools.gnu-tools-for-stm32.10.3-2021.10.win32_1.0.100.202210260954/tools/bin/../lib/gcc/arm-none-eabi/10.3.1/../../../../arm-none-eabi/lib/thumb/v8-m.main+fp/hard\libc_nano.a(lib_a-init.o)
                              c:/st/stm32cubeide_1.11.2/stm32cubeide/plugins/com.st.stm32cube.ide.mcu.externaltools.gnu-tools-for-stm32.10.3-2021.10.win32_1.0.100.202210260954/tools/bin/../lib/gcc/arm-none-eabi/10.3.1/../../../../arm-none-eabi/lib/thumb/v8-m.main+fp/hard/crt0.o (__libc_init_array)
c:/st/stm32cubeide_1.11.2/stm32cubeide/plugins/com.st.stm32cube.ide.mcu.externaltools.gnu-tools-for-stm32.10.3-2021.10.win32_1.0.100.202210260954/tools/bin/../lib/gcc/arm-none-eabi/10.3.1/../../../../arm-none-eabi/lib/thumb/v8-m.main+fp/hard\libc_nano.a(lib_a-malloc.o)
                              c:/st/stm32cubeide_1.11.2/stm32cubeide/plugins/com.st.stm32cube.ide.mcu.externaltools.gnu-tools-for-stm32.10.3-2021.10.win32_1.0.100.202210260954/tools/bin/../lib/gcc/arm-none-eabi/10.3.1/../../../../arm-none-eabi/lib/thumb/v8-m.main+fp/hard\libstdc++_nano.a(new_op.o) (malloc)
c:/st/stm32cubeide_1.11.2/stm32cubeide/plugins/com.st.stm32cube.ide.mcu.externaltools.gnu-tools-for-stm32.10.3-2021.10.win32_1.0.100.202210260954/tools/bin/../lib/gcc/arm-none-eabi/10.3.1/../../../../arm-none-eabi/lib/thumb/v8-m.main+fp/hard\libc_nano.a(lib_a-memset.o)
                              c:/st/stm32cubeide_1.11.2/stm32cubeide/plugins/com.st.stm32cube.ide.mcu.externaltools.gnu-tools-for-stm32.10.3-2021.10.win32_1.0.100.202210260954/tools/bin/../lib/gcc/arm-none-eabi/10.3.1/../../../../arm-none-eabi/lib/thumb/v8-m.main+fp/hard/crt0.o (memset)
[...]
Memory Configuration

Name             Origin             Length             Attributes
RAM              0x0000000020000000 0x0000000000030000 xrw
RAM2             0x0000000020030000 0x0000000000010000 xrw
FLASH            0x0000000008000000 0x0000000000080000 xr
*default*        0x0000000000000000 0xffffffffffffffff

Linker script and memory map

LOAD c:/st/stm32cubeide_1.11.2/stm32cubeide/plugins/com.st.stm32cube.ide.mcu.externaltools.gnu-tools-for-stm32.10.3-2021.10.win32_1.0.100.202210260954/tools/bin/../lib/gcc/arm-none-eabi/10.3.1/thumb/v8-m.main+fp/hard/crti.o
LOAD c:/st/stm32cubeide_1.11.2/stm32cubeide/plugins/com.st.stm32cube.ide.mcu.externaltools.gnu-tools-for-stm32.10.3-2021.10.win32_1.0.100.202210260954/tools/bin/../lib/gcc/arm-none-eabi/10.3.1/thumb/v8-m.main+fp/hard/crtbegin.o
LOAD c:/st/stm32cubeide_1.11.2/stm32cubeide/plugins/com.st.stm32cube.ide.mcu.externaltools.gnu-tools-for-stm32.10.3-2021.10.win32_1.0.100.202210260954/tools/bin/../lib/gcc/arm-none-eabi/10.3.1/../../../../arm-none-eabi/lib/thumb/v8-m.main+fp/hard/crt0.o
LOAD ./Core/Los_Driver/Src/LOS_D_SBUSReceiver.o
LOAD ./Core/Los_Driver/Src/LOS_D_SBUSSender.o
LOAD ./Core/Simple_SM/Src/Simple_System_Manager.o
LOAD ./Core/Src/adc.o
LOAD ./Core/Src/dma.o
LOAD ./Core/Src/gpio.o
LOAD ./Core/Src/main.o
LOAD ./Core/Src/rtc.o
LOAD ./Core/Src/stm32l5xx_hal_msp.o
LOAD ./Core/Src/stm32l5xx_it.o
LOAD ./Core/Src/syscalls.o
LOAD ./Core/Src/sysmem.o
LOAD ./Core/Src/system_stm32l5xx.o
LOAD ./Core/Src/ucpd.o
LOAD ./Core/Src/usart.o
LOAD ./Core/Src/usb.o
LOAD ./Core/Startup/startup_stm32l552zetxq.o
LOAD ./Drivers/STM32L5xx_HAL_Driver/Src/stm32l5xx_hal.o
LOAD ./Drivers/STM32L5xx_HAL_Driver/Src/stm32l5xx_hal_adc.o
LOAD ./Drivers/STM32L5xx_HAL_Driver/Src/stm32l5xx_hal_adc_ex.o
LOAD ./Drivers/STM32L5xx_HAL_Driver/Src/stm32l5xx_hal_cortex.o
LOAD ./Drivers/STM32L5xx_HAL_Driver/Src/stm32l5xx_hal_dma.o
LOAD ./Drivers/STM32L5xx_HAL_Driver/Src/stm32l5xx_hal_dma_ex.o
LOAD ./Drivers/STM32L5xx_HAL_Driver/Src/stm32l5xx_hal_exti.o
LOAD ./Drivers/STM32L5xx_HAL_Driver/Src/stm32l5xx_hal_flash.o
LOAD ./Drivers/STM32L5xx_HAL_Driver/Src/stm32l5xx_hal_flash_ex.o
LOAD ./Drivers/STM32L5xx_HAL_Driver/Src/stm32l5xx_hal_flash_ramfunc.o
LOAD ./Drivers/STM32L5xx_HAL_Driver/Src/stm32l5xx_hal_gpio.o
LOAD ./Drivers/STM32L5xx_HAL_Driver/Src/stm32l5xx_hal_i2c.o
LOAD ./Drivers/STM32L5xx_HAL_Driver/Src/stm32l5xx_hal_i2c_ex.o
LOAD ./Drivers/STM32L5xx_HAL_Driver/Src/stm32l5xx_hal_icache.o
LOAD ./Drivers/STM32L5xx_HAL_Driver/Src/stm32l5xx_hal_pcd.o
LOAD ./Drivers/STM32L5xx_HAL_Driver/Src/stm32l5xx_hal_pcd_ex.o
LOAD ./Drivers/STM32L5xx_HAL_Driver/Src/stm32l5xx_hal_pwr.o
LOAD ./Drivers/STM32L5xx_HAL_Driver/Src/stm32l5xx_hal_pwr_ex.o
LOAD ./Drivers/STM32L5xx_HAL_Driver/Src/stm32l5xx_hal_rcc.o
LOAD ./Drivers/STM32L5xx_HAL_Driver/Src/stm32l5xx_hal_rcc_ex.o
LOAD ./Drivers/STM32L5xx_HAL_Driver/Src/stm32l5xx_hal_rtc.o
LOAD ./Drivers/STM32L5xx_HAL_Driver/Src/stm32l5xx_hal_rtc_ex.o
LOAD ./Drivers/STM32L5xx_HAL_Driver/Src/stm32l5xx_hal_tim.o
LOAD ./Drivers/STM32L5xx_HAL_Driver/Src/stm32l5xx_hal_tim_ex.o
LOAD ./Drivers/STM32L5xx_HAL_Driver/Src/stm32l5xx_hal_uart.o
LOAD ./Drivers/STM32L5xx_HAL_Driver/Src/stm32l5xx_hal_uart_ex.o
LOAD ./Drivers/STM32L5xx_HAL_Driver/Src/stm32l5xx_ll_dma.o
LOAD ./Drivers/STM32L5xx_HAL_Driver/Src/stm32l5xx_ll_exti.o
LOAD ./Drivers/STM32L5xx_HAL_Driver/Src/stm32l5xx_ll_gpio.o
LOAD ./Drivers/STM32L5xx_HAL_Driver/Src/stm32l5xx_ll_ucpd.o
LOAD ./Drivers/STM32L5xx_HAL_Driver/Src/stm32l5xx_ll_usb.o
LOAD ./Drivers/STM32L5xx_HAL_Driver/Src/stm32l5xx_ll_utils.o
START GROUP
LOAD c:/st/stm32cubeide_1.11.2/stm32cubeide/plugins/com.st.stm32cube.ide.mcu.externaltools.gnu-tools-for-stm32.10.3-2021.10.win32_1.0.100.202210260954/tools/bin/../lib/gcc/arm-none-eabi/10.3.1/../../../../arm-none-eabi/lib/thumb/v8-m.main+fp/hard\libstdc++_nano.a
LOAD c:/st/stm32cubeide_1.11.2/stm32cubeide/plugins/com.st.stm32cube.ide.mcu.externaltools.gnu-tools-for-stm32.10.3-2021.10.win32_1.0.100.202210260954/tools/bin/../lib/gcc/arm-none-eabi/10.3.1/../../../../arm-none-eabi/lib/thumb/v8-m.main+fp/hard\libsupc++_nano.a
END GROUP
LOAD c:/st/stm32cubeide_1.11.2/stm32cubeide/plugins/com.st.stm32cube.ide.mcu.externaltools.gnu-tools-for-stm32.10.3-2021.10.win32_1.0.100.202210260954/tools/bin/../lib/gcc/arm-none-eabi/10.3.1/../../../../arm-none-eabi/lib/thumb/v8-m.main+fp/hard\libstdc++_nano.a
LOAD c:/st/stm32cubeide_1.11.2/stm32cubeide/plugins/com.st.stm32cube.ide.mcu.externaltools.gnu-tools-for-stm32.10.3-2021.10.win32_1.0.100.202210260954/tools/bin/../lib/gcc/arm-none-eabi/10.3.1/../../../../arm-none-eabi/lib/thumb/v8-m.main+fp/hard\libm.a
LOAD c:/st/stm32cubeide_1.11.2/stm32cubeide/plugins/com.st.stm32cube.ide.mcu.externaltools.gnu-tools-for-stm32.10.3-2021.10.win32_1.0.100.202210260954/tools/bin/../lib/gcc/arm-none-eabi/10.3.1/../../../../arm-none-eabi/lib/thumb/v8-m.main+fp/hard\libc_nano.a
START GROUP
LOAD c:/st/stm32cubeide_1.11.2/stm32cubeide/plugins/com.st.stm32cube.ide.mcu.externaltools.gnu-tools-for-stm32.10.3-2021.10.win32_1.0.100.202210260954/tools/bin/../lib/gcc/arm-none-eabi/10.3.1/thumb/v8-m.main+fp/hard\libgcc.a
LOAD c:/st/stm32cubeide_1.11.2/stm32cubeide/plugins/com.st.stm32cube.ide.mcu.externaltools.gnu-tools-for-stm32.10.3-2021.10.win32_1.0.100.202210260954/tools/bin/../lib/gcc/arm-none-eabi/10.3.1/../../../../arm-none-eabi/lib/thumb/v8-m.main+fp/hard\libc_nano.a
END GROUP
START GROUP
LOAD c:/st/stm32cubeide_1.11.2/stm32cubeide/plugins/com.st.stm32cube.ide.mcu.externaltools.gnu-tools-for-stm32.10.3-2021.10.win32_1.0.100.202210260954/tools/bin/../lib/gcc/arm-none-eabi/10.3.1/thumb/v8-m.main+fp/hard\libgcc.a
LOAD c:/st/stm32cubeide_1.11.2/stm32cubeide/plugins/com.st.stm32cube.ide.mcu.externaltools.gnu-tools-for-stm32.10.3-2021.10.win32_1.0.100.202210260954/tools/bin/../lib/gcc/arm-none-eabi/10.3.1/../../../../arm-none-eabi/lib/thumb/v8-m.main+fp/hard\libc_nano.a
END GROUP
LOAD c:/st/stm32cubeide_1.11.2/stm32cubeide/plugins/com.st.stm32cube.ide.mcu.externaltools.gnu-tools-for-stm32.10.3-2021.10.win32_1.0.100.202210260954/tools/bin/../lib/gcc/arm-none-eabi/10.3.1/thumb/v8-m.main+fp/hard/crtend.o
LOAD c:/st/stm32cubeide_1.11.2/stm32cubeide/plugins/com.st.stm32cube.ide.mcu.externaltools.gnu-tools-for-stm32.10.3-2021.10.win32_1.0.100.202210260954/tools/bin/../lib/gcc/arm-none-eabi/10.3.1/thumb/v8-m.main+fp/hard/crtn.o
                0x0000000020030000                _estack = (ORIGIN (RAM) + LENGTH (RAM))
                0x0000000000000200                _Min_Heap_Size = 0x200
                0x0000000000000400                _Min_Stack_Size = 0x400

.isr_vector     0x0000000008000000      0x1f4
                0x0000000008000000                . = ALIGN (0x4)
 *(.isr_vector)
 .isr_vector    0x0000000008000000      0x1f4 ./Core/Startup/startup_stm32l552zetxq.o
                0x0000000008000000                g_pfnVectors
                0x00000000080001f4                . = ALIGN (0x4)

.text           0x00000000080001f4     0x7bd4
                0x00000000080001f4                . = ALIGN (0x4)
 *(.text)
 .text          0x00000000080001f4       0x40 c:/st/stm32cubeide_1.11.2/stm32cubeide/plugins/com.st.stm32cube.ide.mcu.externaltools.gnu-tools-for-stm32.10.3-2021.10.win32_1.0.100.202210260954/tools/bin/../lib/gcc/arm-none-eabi/10.3.1/thumb/v8-m.main+fp/hard/crtbegin.o
 .text          0x0000000008000234       0x30 c:/st/stm32cubeide_1.11.2/stm32cubeide/plugins/com.st.stm32cube.ide.mcu.externaltools.gnu-tools-for-stm32.10.3-2021.10.win32_1.0.100.202210260954/tools/bin/../lib/gcc/arm-none-eabi/10.3.1/thumb/v8-m.main+fp/hard\libgcc.a(_aeabi_uldivmod.o)
                0x0000000008000234                __aeabi_uldivmod
 .text          0x0000000008000264      0x2ec c:/st/stm32cubeide_1.11.2/stm32cubeide/plugins/com.st.stm32cube.ide.mcu.externaltools.gnu-tools-for-stm32.10.3-2021.10.win32_1.0.100.202210260954/tools/bin/../lib/gcc/arm-none-eabi/10.3.1/thumb/v8-m.main+fp/hard\libgcc.a(_udivmoddi4.o)
                0x0000000008000264                __udivmoddi4
 .text          0x0000000008000550        0x4 c:/st/stm32cubeide_1.11.2/stm32cubeide/plugins/com.st.stm32cube.ide.mcu.externaltools.gnu-tools-for-stm32.10.3-2021.10.win32_1.0.100.202210260954/tools/bin/../lib/gcc/arm-none-eabi/10.3.1/thumb/v8-m.main+fp/hard\libgcc.a(_dvmd_tls.o)
                0x0000000008000550                __aeabi_idiv0
                0x0000000008000550                __aeabi_ldiv0
 *(.text*)
 .text._ZN9RCControlC2Ev
                0x0000000008000554       0x94 ./Core/Los_Driver/Src/LOS_D_SBUSReceiver.o
                0x0000000008000554                RCControl::RCControl()
                0x0000000008000554                RCControl::RCControl()
 .text._ZN12SBUSReceiver11getInstanceEP20__UART_HandleTypeDef
                0x00000000080005e8       0x38 ./Core/Los_Driver/Src/LOS_D_SBUSReceiver.o
                0x00000000080005e8                SBUSReceiver::getInstance(__UART_HandleTypeDef*)
 .text._ZN12SBUSReceiverC2EP20__UART_HandleTypeDef
                0x0000000008000620       0x7a ./Core/Los_Driver/Src/LOS_D_SBUSReceiver.o
                0x0000000008000620                SBUSReceiver::SBUSReceiver(__UART_HandleTypeDef*)
                0x0000000008000620                SBUSReceiver::SBUSReceiver(__UART_HandleTypeDef*)
 .text._ZN12SBUSReceiver7GetSBUSEv
                0x000000000800069a       0x44 ./Core/Los_Driver/Src/LOS_D_SBUSReceiver.o
                0x000000000800069a                SBUSReceiver::GetSBUS()
 .text._ZN12SBUSReceiver12GetRCControlEv
                0x00000000080006de       0x36 ./Core/Los_Driver/Src/LOS_D_SBUSReceiver.o
                0x00000000080006de                SBUSReceiver::GetRCControl()
 .text._ZN12SBUSReceiver5parseEv
                0x0000000008000714      0x2e4 ./Core/Los_Driver/Src/LOS_D_SBUSReceiver.o
                0x0000000008000714                SBUSReceiver::parse()
 .text._ZN12SBUSReceiver14cast_rccontrolEv
                0x00000000080009f8       0x48 ./Core/Los_Driver/Src/LOS_D_SBUSReceiver.o
                0x00000000080009f8                SBUSReceiver::cast_rccontrol()
 .text._ZN12SBUSReceiver17sbus_to_rccontrolEt
                0x0000000008000a40       0x4c ./Core/Los_Driver/Src/LOS_D_SBUSReceiver.o
                0x0000000008000a40                SBUSReceiver::sbus_to_rccontrol(unsigned short)
 .text.HAL_UART_RxCpltCallback
                0x0000000008000a8c       0x50 ./Core/Los_Driver/Src/LOS_D_SBUSReceiver.o
                0x0000000008000a8c                HAL_UART_RxCpltCallback
 .text._ZN10SBUSSender11getInstanceEP20__UART_HandleTypeDef
                0x0000000008000adc       0x38 ./Core/Los_Driver/Src/LOS_D_SBUSSender.o
                0x0000000008000adc                SBUSSender::getInstance(__UART_HandleTypeDef*)
 .text._ZN10SBUSSenderC2EP20__UART_HandleTypeDef
                0x0000000008000b14       0x70 ./Core/Los_Driver/Src/LOS_D_SBUSSender.o
                0x0000000008000b14                SBUSSender::SBUSSender(__UART_HandleTypeDef*)
                0x0000000008000b14                SBUSSender::SBUSSender(__UART_HandleTypeDef*)
 .text._ZN10SBUSSender12SetSBusValueE4SBus
                0x0000000008000b84       0x3a ./Core/Los_Driver/Src/LOS_D_SBUSSender.o
                0x0000000008000b84                SBUSSender::SetSBusValue(SBus)
 .text._ZN10SBUSSender15assemble_packetEv
                0x0000000008000bbe      0x2ea ./Core/Los_Driver/Src/LOS_D_SBUSSender.o
                0x0000000008000bbe                SBUSSender::assemble_packet()
 .text._ZN3SSM11getInstanceEv
                0x0000000008000ea8       0x2c ./Core/Simple_SM/Src/Simple_System_Manager.o
                0x0000000008000ea8                SSM::getInstance()
 .text._ZN3SSM19execute_manual_modeEv
                0x0000000008000ed4       0x28 ./Core/Simple_SM/Src/Simple_System_Manager.o
                0x0000000008000ed4                SSM::execute_manual_mode()
 .text._ZN3SSMC2Ev
                0x0000000008000efc       0x18 ./Core/Simple_SM/Src/Simple_System_Manager.o
                0x0000000008000efc                SSM::SSM()
                0x0000000008000efc                SSM::SSM()
 .text._ZN3SSM6configEv
                0x0000000008000f14       0x20 ./Core/Simple_SM/Src/Simple_System_Manager.o
                0x0000000008000f14                SSM::config()
 .text._ZN3SSM13fetch_commandER4SBus
                0x0000000008000f34      0x29c ./Core/Simple_SM/Src/Simple_System_Manager.o
                0x0000000008000f34                SSM::fetch_command(SBus&)
 .text._ZN3SSM16transmit_commandER4SBus
                0x00000000080011d0       0x58 ./Core/Simple_SM/Src/Simple_System_Manager.o
                0x00000000080011d0                SSM::transmit_command(SBus&)
 .text._ZN10ControlRefILh7EfEcvRfEv
                0x0000000008001228       0x18 ./Core/Simple_SM/Src/Simple_System_Manager.o
                0x0000000008001228                ControlRef<(unsigned char)7, float>::operator float&()
 .text._ZN10ControlRefILh7EfEltERKf
                0x0000000008001240       0x34 ./Core/Simple_SM/Src/Simple_System_Manager.o
                0x0000000008001240                ControlRef<(unsigned char)7, float>::operator<(float const&)
 .text.MX_ADC1_Init
                0x0000000008001274       0xec ./Core/Src/adc.o
                0x0000000008001274                MX_ADC1_Init
 .text.HAL_ADC_MspInit
                0x0000000008001360       0xb4 ./Core/Src/adc.o
                0x0000000008001360                HAL_ADC_MspInit
 .text.MX_DMA_Init
                0x0000000008001414       0x64 ./Core/Src/dma.o
                0x0000000008001414                MX_DMA_Init
 .text.MX_GPIO_Init
                0x0000000008001478      0x124 ./Core/Src/gpio.o
                0x0000000008001478                MX_GPIO_Init
 .text.main     0x000000000800159c       0x44 ./Core/Src/main.o
                0x000000000800159c                main
 .text._Z18SystemClock_Configv
                0x00000000080015e0       0xe0 ./Core/Src/main.o
                0x00000000080015e0                SystemClock_Config()
 .text.Error_Handler
                0x00000000080016c0        0xa ./Core/Src/main.o
                0x00000000080016c0                Error_Handler
 *fill*         0x00000000080016ca        0x2 
 .text.MX_RTC_Init
                0x00000000080016cc       0x94 ./Core/Src/rtc.o
                0x00000000080016cc                MX_RTC_Init
 .text.HAL_RTC_MspInit
                0x0000000008001760       0x7c ./Core/Src/rtc.o
                0x0000000008001760                HAL_RTC_MspInit
 .text.HAL_MspInit
                0x00000000080017dc       0x48 ./Core/Src/stm32l5xx_hal_msp.o
                0x00000000080017dc                HAL_MspInit
 .text.NMI_Handler
                0x0000000008001824        0x6 ./Core/Src/stm32l5xx_it.o
                0x0000000008001824                NMI_Handler
 .text.HardFault_Handler
                0x000000000800182a        0x6 ./Core/Src/stm32l5xx_it.o
                0x000000000800182a                HardFault_Handler
 .text.MemManage_Handler
                0x0000000008001830        0x6 ./Core/Src/stm32l5xx_it.o
                0x0000000008001830                MemManage_Handler
 .text.BusFault_Handler
                0x0000000008001836        0x6 ./Core/Src/stm32l5xx_it.o
                0x0000000008001836                BusFault_Handler
 .text.UsageFault_Handler
                0x000000000800183c        0x6 ./Core/Src/stm32l5xx_it.o
                0x000000000800183c                UsageFault_Handler
 .text.SVC_Handler
                0x0000000008001842        0xe ./Core/Src/stm32l5xx_it.o
                0x0000000008001842                SVC_Handler
 .text.DebugMon_Handler
                0x0000000008001850        0xe ./Core/Src/stm32l5xx_it.o
                0x0000000008001850                DebugMon_Handler
 .text.PendSV_Handler
                0x000000000800185e        0xe ./Core/Src/stm32l5xx_it.o
                0x000000000800185e                PendSV_Handler
 .text.SysTick_Handler
                0x000000000800186c        0xc ./Core/Src/stm32l5xx_it.o
                0x000000000800186c                SysTick_Handler
 .text.DMA1_Channel1_IRQHandler
                0x0000000008001878       0x14 ./Core/Src/stm32l5xx_it.o
                0x0000000008001878                DMA1_Channel1_IRQHandler
 .text.DMA1_Channel2_IRQHandler
                0x000000000800188c       0x14 ./Core/Src/stm32l5xx_it.o
                0x000000000800188c                DMA1_Channel2_IRQHandler
 .text.USART2_IRQHandler
                0x00000000080018a0       0x14 ./Core/Src/stm32l5xx_it.o
                0x00000000080018a0                USART2_IRQHandler
 .text._getpid  0x00000000080018b4       0x10 ./Core/Src/syscalls.o
                0x00000000080018b4                _getpid
 .text._kill    0x00000000080018c4       0x20 ./Core/Src/syscalls.o
                0x00000000080018c4                _kill
 .text._exit    0x00000000080018e4       0x14 ./Core/Src/syscalls.o
                0x00000000080018e4                _exit
 .text._sbrk    0x00000000080018f8       0x6c ./Core/Src/sysmem.o
                0x00000000080018f8                _sbrk
 .text.SystemInit
                0x0000000008001964       0x24 ./Core/Src/system_stm32l5xx.o
                0x0000000008001964                SystemInit
 .text.SystemCoreClockUpdate
                0x0000000008001988      0x15c ./Core/Src/system_stm32l5xx.o
                0x0000000008001988                SystemCoreClockUpdate
 .text.LL_AHB2_GRP1_EnableClock
                0x0000000008001ae4       0x30 ./Core/Src/ucpd.o
 .text.LL_APB1_GRP2_EnableClock
                0x0000000008001b14       0x30 ./Core/Src/ucpd.o
 .text.MX_UCPD1_Init
                0x0000000008001b44       0x6c ./Core/Src/ucpd.o
                0x0000000008001b44                MX_UCPD1_Init
 .text.MX_LPUART1_UART_Init
                0x0000000008001bb0       0x9c ./Core/Src/usart.o
                0x0000000008001bb0                MX_LPUART1_UART_Init
 .text.MX_USART2_UART_Init
                0x0000000008001c4c       0xa0 ./Core/Src/usart.o
                0x0000000008001c4c                MX_USART2_UART_Init
 .text.HAL_UART_MspInit
                0x0000000008001cec      0x238 ./Core/Src/usart.o
                0x0000000008001cec                HAL_UART_MspInit
 .text.MX_USB_PCD_Init
                0x0000000008001f24       0x50 ./Core/Src/usb.o
                0x0000000008001f24                MX_USB_PCD_Init
 .text.HAL_PCD_MspInit
                0x0000000008001f74       0xc0 ./Core/Src/usb.o
                0x0000000008001f74                HAL_PCD_MspInit
 .text.Reset_Handler
                0x0000000008002034       0x50 ./Core/Startup/startup_stm32l552zetxq.o
                0x0000000008002034                Reset_Handler
 .text.Default_Handler
                0x0000000008002084        0x2 ./Core/Startup/startup_stm32l552zetxq.o
                0x0000000008002084                EXTI2_IRQHandler
                0x0000000008002084                TIM8_TRG_COM_IRQHandler
                0x0000000008002084                TIM8_CC_IRQHandler
                0x0000000008002084                EXTI5_IRQHandler
                0x0000000008002084                FLASH_S_IRQHandler
                0x0000000008002084                EXTI13_IRQHandler
                0x0000000008002084                TIM1_CC_IRQHandler
                0x0000000008002084                TSC_IRQHandler
                0x0000000008002084                TAMP_IRQHandler
                0x0000000008002084                TIM6_IRQHandler
                0x0000000008002084                EXTI12_IRQHandler
                0x0000000008002084                DMA2_Channel8_IRQHandler
                0x0000000008002084                EXTI3_IRQHandler
                0x0000000008002084                EXTI8_IRQHandler
                0x0000000008002084                LPTIM2_IRQHandler
                0x0000000008002084                DFSDM1_FLT1_IRQHandler
                0x0000000008002084                USB_FS_IRQHandler
                0x0000000008002084                I2C3_ER_IRQHandler
                0x0000000008002084                DFSDM1_FLT2_IRQHandler
                0x0000000008002084                DMAMUX1_IRQHandler
                0x0000000008002084                LPTIM3_IRQHandler
                0x0000000008002084                EXTI0_IRQHandler
                0x0000000008002084                I2C2_EV_IRQHandler
                0x0000000008002084                FPU_IRQHandler
                0x0000000008002084                FDCAN1_IT1_IRQHandler
                0x0000000008002084                ADC1_2_IRQHandler
                0x0000000008002084                SPI1_IRQHandler
                0x0000000008002084                OCTOSPI1_IRQHandler
                0x0000000008002084                TIM8_UP_IRQHandler
                0x0000000008002084                RCC_S_IRQHandler
                0x0000000008002084                DMA2_Channel2_IRQHandler
                0x0000000008002084                DMA1_Channel4_IRQHandler
                0x0000000008002084                SAI2_IRQHandler
                0x0000000008002084                DFSDM1_FLT3_IRQHandler
                0x0000000008002084                EXTI15_IRQHandler
                0x0000000008002084                TIM17_IRQHandler
                0x0000000008002084                USART3_IRQHandler
                0x0000000008002084                RTC_IRQHandler
                0x0000000008002084                EXTI9_IRQHandler
                0x0000000008002084                DMA1_Channel7_IRQHandler
                0x0000000008002084                UART5_IRQHandler
                0x0000000008002084                TIM4_IRQHandler
                0x0000000008002084                DMA2_Channel1_IRQHandler
                0x0000000008002084                I2C1_EV_IRQHandler
                0x0000000008002084                DMA1_Channel6_IRQHandler
                0x0000000008002084                TIM16_IRQHandler
                0x0000000008002084                UART4_IRQHandler
                0x0000000008002084                DMA2_Channel4_IRQHandler
                0x0000000008002084                SecureFault_Handler
                0x0000000008002084                TIM3_IRQHandler
                0x0000000008002084                RCC_IRQHandler
                0x0000000008002084                TIM1_TRG_COM_IRQHandler
                0x0000000008002084                Default_Handler
                0x0000000008002084                DMA2_Channel7_IRQHandler
                0x0000000008002084                DMA1_Channel8_IRQHandler
                0x0000000008002084                TIM7_IRQHandler
                0x0000000008002084                SDMMC1_IRQHandler
                0x0000000008002084                TIM5_IRQHandler
                0x0000000008002084                UCPD1_IRQHandler
                0x0000000008002084                TIM15_IRQHandler
                0x0000000008002084                I2C3_EV_IRQHandler
                0x0000000008002084                PVD_PVM_IRQHandler
                0x0000000008002084                SPI2_IRQHandler
                0x0000000008002084                EXTI14_IRQHandler
                0x0000000008002084                EXTI11_IRQHandler
                0x0000000008002084                DMA2_Channel5_IRQHandler
                0x0000000008002084                CRS_IRQHandler
                0x0000000008002084                DMA1_Channel5_IRQHandler
                0x0000000008002084                EXTI4_IRQHandler
                0x0000000008002084                RTC_S_IRQHandler
                0x0000000008002084                RNG_IRQHandler
                0x0000000008002084                DMAMUX1_S_IRQHandler
                0x0000000008002084                DMA1_Channel3_IRQHandler
                0x0000000008002084                COMP_IRQHandler
                0x0000000008002084                TIM1_UP_IRQHandler
                0x0000000008002084                WWDG_IRQHandler
                0x0000000008002084                I2C4_EV_IRQHandler
                0x0000000008002084                LPUART1_IRQHandler
                0x0000000008002084                DMA2_Channel6_IRQHandler
                0x0000000008002084                FDCAN1_IT0_IRQHandler
                0x0000000008002084                TIM2_IRQHandler
                0x0000000008002084                TAMP_S_IRQHandler
                0x0000000008002084                EXTI7_IRQHandler
                0x0000000008002084                TIM1_BRK_IRQHandler
                0x0000000008002084                DAC_IRQHandler
                0x0000000008002084                EXTI1_IRQHandler
                0x0000000008002084                GTZC_IRQHandler
                0x0000000008002084                DFSDM1_FLT0_IRQHandler
                0x0000000008002084                I2C2_ER_IRQHandler
                0x0000000008002084                TIM8_BRK_IRQHandler
                0x0000000008002084                FLASH_IRQHandler
                0x0000000008002084                USART1_IRQHandler
                0x0000000008002084                EXTI10_IRQHandler
                0x0000000008002084                SPI3_IRQHandler
                0x0000000008002084                I2C1_ER_IRQHandler
                0x0000000008002084                FMC_IRQHandler
                0x0000000008002084                EXTI6_IRQHandler
                0x0000000008002084                LPTIM1_IRQHandler
                0x0000000008002084                I2C4_ER_IRQHandler
                0x0000000008002084                ICACHE_IRQHandler
                0x0000000008002084                SAI1_IRQHandler
                0x0000000008002084                HASH_IRQHandler
                0x0000000008002084                DMA2_Channel3_IRQHandler
 .text.HAL_Init
                0x0000000008002086       0x34 ./Drivers/STM32L5xx_HAL_Driver/Src/stm32l5xx_hal.o
                0x0000000008002086                HAL_Init
 *fill*         0x00000000080020ba        0x2 
 .text.HAL_InitTick
                0x00000000080020bc       0x78 ./Drivers/STM32L5xx_HAL_Driver/Src/stm32l5xx_hal.o
                0x00000000080020bc                HAL_InitTick
 .text.HAL_IncTick
                0x0000000008002134       0x28 ./Drivers/STM32L5xx_HAL_Driver/Src/stm32l5xx_hal.o
                0x0000000008002134                HAL_IncTick
 .text.HAL_GetTick
                0x000000000800215c       0x18 ./Drivers/STM32L5xx_HAL_Driver/Src/stm32l5xx_hal.o
                0x000000000800215c                HAL_GetTick
 .text.LL_ADC_SetCommonClock
                0x0000000008002174       0x26 ./Drivers/STM32L5xx_HAL_Driver/Src/stm32l5xx_hal_adc.o
 .text.LL_ADC_SetCommonPathInternalCh
                0x000000000800219a       0x26 ./Drivers/STM32L5xx_HAL_Driver/Src/stm32l5xx_hal_adc.o
 .text.LL_ADC_GetCommonPathInternalCh
                0x00000000080021c0       0x1c ./Drivers/STM32L5xx_HAL_Driver/Src/stm32l5xx_hal_adc.o
 .text.LL_ADC_SetOffset
                0x00000000080021dc       0x48 ./Drivers/STM32L5xx_HAL_Driver/Src/stm32l5xx_hal_adc.o
 .text.LL_ADC_GetOffsetChannel
                0x0000000008002224       0x2c ./Drivers/STM32L5xx_HAL_Driver/Src/stm32l5xx_hal_adc.o
 .text.LL_ADC_SetOffsetState
                0x0000000008002250       0x36 ./Drivers/STM32L5xx_HAL_Driver/Src/stm32l5xx_hal_adc.o
 .text.LL_ADC_SetSamplingTimeCommonConfig
                0x0000000008002286       0x26 ./Drivers/STM32L5xx_HAL_Driver/Src/stm32l5xx_hal_adc.o
 .text.LL_ADC_REG_SetSequencerRanks
                0x00000000080022ac       0x58 ./Drivers/STM32L5xx_HAL_Driver/Src/stm32l5xx_hal_adc.o
 .text.LL_ADC_SetChannelSamplingTime
                0x0000000008002304       0x56 ./Drivers/STM32L5xx_HAL_Driver/Src/stm32l5xx_hal_adc.o
 *fill*         0x000000000800235a        0x2 
 .text.LL_ADC_SetChannelSingleDiff
                0x000000000800235c       0x48 ./Drivers/STM32L5xx_HAL_Driver/Src/stm32l5xx_hal_adc.o
 .text.LL_ADC_DisableDeepPowerDown
                0x00000000080023a4       0x24 ./Drivers/STM32L5xx_HAL_Driver/Src/stm32l5xx_hal_adc.o
 .text.LL_ADC_IsDeepPowerDownEnabled
                0x00000000080023c8       0x28 ./Drivers/STM32L5xx_HAL_Driver/Src/stm32l5xx_hal_adc.o
 .text.LL_ADC_EnableInternalRegulator
                0x00000000080023f0       0x28 ./Drivers/STM32L5xx_HAL_Driver/Src/stm32l5xx_hal_adc.o
 .text.LL_ADC_IsInternalRegulatorEnabled
                0x0000000008002418       0x28 ./Drivers/STM32L5xx_HAL_Driver/Src/stm32l5xx_hal_adc.o
 .text.LL_ADC_IsEnabled
                0x0000000008002440       0x26 ./Drivers/STM32L5xx_HAL_Driver/Src/stm32l5xx_hal_adc.o
 .text.LL_ADC_REG_IsConversionOngoing
                0x0000000008002466       0x26 ./Drivers/STM32L5xx_HAL_Driver/Src/stm32l5xx_hal_adc.o
 .text.LL_ADC_INJ_IsConversionOngoing
                0x000000000800248c       0x26 ./Drivers/STM32L5xx_HAL_Driver/Src/stm32l5xx_hal_adc.o
 *fill*         0x00000000080024b2        0x2 
 .text.HAL_ADC_Init
                0x00000000080024b4      0x298 ./Drivers/STM32L5xx_HAL_Driver/Src/stm32l5xx_hal_adc.o
                0x00000000080024b4                HAL_ADC_Init
 .text.HAL_ADC_ConfigChannel
                0x000000000800274c      0x7d4 ./Drivers/STM32L5xx_HAL_Driver/Src/stm32l5xx_hal_adc.o
                0x000000000800274c                HAL_ADC_ConfigChannel
 .text.LL_ADC_IsEnabled
                0x0000000008002f20       0x26 ./Drivers/STM32L5xx_HAL_Driver/Src/stm32l5xx_hal_adc_ex.o
 .text.LL_ADC_REG_IsConversionOngoing
                0x0000000008002f46       0x26 ./Drivers/STM32L5xx_HAL_Driver/Src/stm32l5xx_hal_adc_ex.o
 .text.HAL_ADCEx_MultiModeConfigChannel
                0x0000000008002f6c      0x148 ./Drivers/STM32L5xx_HAL_Driver/Src/stm32l5xx_hal_adc_ex.o
                0x0000000008002f6c                HAL_ADCEx_MultiModeConfigChannel
 .text.__NVIC_SetPriorityGrouping
                0x00000000080030b4       0x48 ./Drivers/STM32L5xx_HAL_Driver/Src/stm32l5xx_hal_cortex.o
 .text.__NVIC_GetPriorityGrouping
                0x00000000080030fc       0x1c ./Drivers/STM32L5xx_HAL_Driver/Src/stm32l5xx_hal_cortex.o
 .text.__NVIC_EnableIRQ
                0x0000000008003118       0x3c ./Drivers/STM32L5xx_HAL_Driver/Src/stm32l5xx_hal_cortex.o
 .text.__NVIC_SetPriority
                0x0000000008003154       0x54 ./Drivers/STM32L5xx_HAL_Driver/Src/stm32l5xx_hal_cortex.o
 .text.NVIC_EncodePriority
                0x00000000080031a8       0x66 ./Drivers/STM32L5xx_HAL_Driver/Src/stm32l5xx_hal_cortex.o
 *fill*         0x000000000800320e        0x2 
 .text.SysTick_Config
                0x0000000008003210       0x44 ./Drivers/STM32L5xx_HAL_Driver/Src/stm32l5xx_hal_cortex.o
 .text.HAL_NVIC_SetPriorityGrouping
                0x0000000008003254       0x16 ./Drivers/STM32L5xx_HAL_Driver/Src/stm32l5xx_hal_cortex.o
                0x0000000008003254                HAL_NVIC_SetPriorityGrouping
 .text.HAL_NVIC_SetPriority
                0x000000000800326a       0x34 ./Drivers/STM32L5xx_HAL_Driver/Src/stm32l5xx_hal_cortex.o
                0x000000000800326a                HAL_NVIC_SetPriority
 .text.HAL_NVIC_EnableIRQ
                0x000000000800329e       0x1c ./Drivers/STM32L5xx_HAL_Driver/Src/stm32l5xx_hal_cortex.o
                0x000000000800329e                HAL_NVIC_EnableIRQ
 .text.HAL_SYSTICK_Config
                0x00000000080032ba       0x18 ./Drivers/STM32L5xx_HAL_Driver/Src/stm32l5xx_hal_cortex.o
                0x00000000080032ba                HAL_SYSTICK_Config
 *fill*         0x00000000080032d2        0x2 
 .text.HAL_DMA_Init
                0x00000000080032d4      0x150 ./Drivers/STM32L5xx_HAL_Driver/Src/stm32l5xx_hal_dma.o
                0x00000000080032d4                HAL_DMA_Init
 .text.HAL_DMA_Start_IT
                0x0000000008003424       0xf6 ./Drivers/STM32L5xx_HAL_Driver/Src/stm32l5xx_hal_dma.o
                0x0000000008003424                HAL_DMA_Start_IT
 .text.HAL_DMA_Abort
                0x000000000800351a       0xb8 ./Drivers/STM32L5xx_HAL_Driver/Src/stm32l5xx_hal_dma.o
                0x000000000800351a                HAL_DMA_Abort
 .text.HAL_DMA_Abort_IT
                0x00000000080035d2       0xbe ./Drivers/STM32L5xx_HAL_Driver/Src/stm32l5xx_hal_dma.o
                0x00000000080035d2                HAL_DMA_Abort_IT
 .text.HAL_DMA_IRQHandler
                0x0000000008003690      0x200 ./Drivers/STM32L5xx_HAL_Driver/Src/stm32l5xx_hal_dma.o
                0x0000000008003690                HAL_DMA_IRQHandler
 .text.HAL_DMA_ConfigChannelAttributes
                0x0000000008003890       0x60 ./Drivers/STM32L5xx_HAL_Driver/Src/stm32l5xx_hal_dma.o
                0x0000000008003890                HAL_DMA_ConfigChannelAttributes
 .text.DMA_SetConfig
                0x00000000080038f0       0x7c ./Drivers/STM32L5xx_HAL_Driver/Src/stm32l5xx_hal_dma.o
 .text.DMA_CalcDMAMUXChannelBaseAndMask
                0x000000000800396c       0x7c ./Drivers/STM32L5xx_HAL_Driver/Src/stm32l5xx_hal_dma.o
 .text.DMA_CalcDMAMUXRequestGenBaseAndMask
                0x00000000080039e8       0x48 ./Drivers/STM32L5xx_HAL_Driver/Src/stm32l5xx_hal_dma.o
 .text.HAL_GPIO_Init
                0x0000000008003a30      0x300 ./Drivers/STM32L5xx_HAL_Driver/Src/stm32l5xx_hal_gpio.o
                0x0000000008003a30                HAL_GPIO_Init
 .text.HAL_GPIO_WritePin
                0x0000000008003d30       0x30 ./Drivers/STM32L5xx_HAL_Driver/Src/stm32l5xx_hal_gpio.o
                0x0000000008003d30                HAL_GPIO_WritePin
 .text.HAL_PCD_Init
                0x0000000008003d60      0x1b2 ./Drivers/STM32L5xx_HAL_Driver/Src/stm32l5xx_hal_pcd.o
                0x0000000008003d60                HAL_PCD_Init
 .text.HAL_PCDEx_ActivateLPM
                0x0000000008003f12       0x54 ./Drivers/STM32L5xx_HAL_Driver/Src/stm32l5xx_hal_pcd_ex.o
                0x0000000008003f12                HAL_PCDEx_ActivateLPM
 *fill*         0x0000000008003f66        0x2 
 .text.HAL_PWR_EnableBkUpAccess
                0x0000000008003f68       0x20 ./Drivers/STM32L5xx_HAL_Driver/Src/stm32l5xx_hal_pwr.o
                0x0000000008003f68                HAL_PWR_EnableBkUpAccess
 .text.HAL_PWREx_GetVoltageRange
                0x0000000008003f88       0x1c ./Drivers/STM32L5xx_HAL_Driver/Src/stm32l5xx_hal_pwr_ex.o
                0x0000000008003f88                HAL_PWREx_GetVoltageRange
 .text.HAL_PWREx_ControlVoltageScaling
                0x0000000008003fa4       0xb8 ./Drivers/STM32L5xx_HAL_Driver/Src/stm32l5xx_hal_pwr_ex.o
                0x0000000008003fa4                HAL_PWREx_ControlVoltageScaling
 .text.HAL_PWREx_EnableVddIO2
                0x000000000800405c       0x20 ./Drivers/STM32L5xx_HAL_Driver/Src/stm32l5xx_hal_pwr_ex.o
                0x000000000800405c                HAL_PWREx_EnableVddIO2
 .text.HAL_PWREx_SMPS_GetEffectiveMode
                0x000000000800407c       0x48 ./Drivers/STM32L5xx_HAL_Driver/Src/stm32l5xx_hal_pwr_ex.o
                0x000000000800407c                HAL_PWREx_SMPS_GetEffectiveMode
 .text.HAL_RCC_OscConfig
                0x00000000080040c4      0x9ac ./Drivers/STM32L5xx_HAL_Driver/Src/stm32l5xx_hal_rcc.o
                0x00000000080040c4                HAL_RCC_OscConfig
 .text.HAL_RCC_ClockConfig
                0x0000000008004a70      0x270 ./Drivers/STM32L5xx_HAL_Driver/Src/stm32l5xx_hal_rcc.o
                0x0000000008004a70                HAL_RCC_ClockConfig
 .text.HAL_RCC_GetSysClockFreq
                0x0000000008004ce0      0x13c ./Drivers/STM32L5xx_HAL_Driver/Src/stm32l5xx_hal_rcc.o
                0x0000000008004ce0                HAL_RCC_GetSysClockFreq
 .text.HAL_RCC_GetHCLKFreq
                0x0000000008004e1c       0x28 ./Drivers/STM32L5xx_HAL_Driver/Src/stm32l5xx_hal_rcc.o
                0x0000000008004e1c                HAL_RCC_GetHCLKFreq
 .text.HAL_RCC_GetPCLK1Freq
                0x0000000008004e44       0x28 ./Drivers/STM32L5xx_HAL_Driver/Src/stm32l5xx_hal_rcc.o
                0x0000000008004e44                HAL_RCC_GetPCLK1Freq
 .text.HAL_RCC_GetPCLK2Freq
                0x0000000008004e6c       0x28 ./Drivers/STM32L5xx_HAL_Driver/Src/stm32l5xx_hal_rcc.o
                0x0000000008004e6c                HAL_RCC_GetPCLK2Freq
 .text.RCC_SetFlashLatencyFromMSIRange
                0x0000000008004e94       0xc8 ./Drivers/STM32L5xx_HAL_Driver/Src/stm32l5xx_hal_rcc.o
 .text.RCC_GetSysClockFreqFromPLLSource
                0x0000000008004f5c       0xdc ./Drivers/STM32L5xx_HAL_Driver/Src/stm32l5xx_hal_rcc.o
 .text.HAL_RCCEx_PeriphCLKConfig
                0x0000000008005038      0x708 ./Drivers/STM32L5xx_HAL_Driver/Src/stm32l5xx_hal_rcc_ex.o
                0x0000000008005038                HAL_RCCEx_PeriphCLKConfig
 .text.RCCEx_PLLSAI1_Config
                0x0000000008005740      0x1cc ./Drivers/STM32L5xx_HAL_Driver/Src/stm32l5xx_hal_rcc_ex.o
 .text.RCCEx_PLLSAI2_Config
                0x000000000800590c      0x158 ./Drivers/STM32L5xx_HAL_Driver/Src/stm32l5xx_hal_rcc_ex.o
 .text.HAL_RTC_Init
                0x0000000008005a64       0xf0 ./Drivers/STM32L5xx_HAL_Driver/Src/stm32l5xx_hal_rtc.o
                0x0000000008005a64                HAL_RTC_Init
 .text.HAL_RTC_WaitForSynchro
                0x0000000008005b54       0x48 ./Drivers/STM32L5xx_HAL_Driver/Src/stm32l5xx_hal_rtc.o
                0x0000000008005b54                HAL_RTC_WaitForSynchro
 .text.RTC_EnterInitMode
                0x0000000008005b9c       0x68 ./Drivers/STM32L5xx_HAL_Driver/Src/stm32l5xx_hal_rtc.o
                0x0000000008005b9c                RTC_EnterInitMode
 .text.RTC_ExitInitMode
                0x0000000008005c04       0x7c ./Drivers/STM32L5xx_HAL_Driver/Src/stm32l5xx_hal_rtc.o
                0x0000000008005c04                RTC_ExitInitMode
 .text.HAL_RTCEx_PrivilegeModeSet
                0x0000000008005c80       0x58 ./Drivers/STM32L5xx_HAL_Driver/Src/stm32l5xx_hal_rtc_ex.o
                0x0000000008005c80                HAL_RTCEx_PrivilegeModeSet
 .text.HAL_UART_Init
                0x0000000008005cd8       0xa0 ./Drivers/STM32L5xx_HAL_Driver/Src/stm32l5xx_hal_uart.o
                0x0000000008005cd8                HAL_UART_Init
 .text.HAL_UART_Transmit_DMA
                0x0000000008005d78      0x100 ./Drivers/STM32L5xx_HAL_Driver/Src/stm32l5xx_hal_uart.o
                0x0000000008005d78                HAL_UART_Transmit_DMA
 .text.HAL_UART_Receive_DMA
                0x0000000008005e78       0x98 ./Drivers/STM32L5xx_HAL_Driver/Src/stm32l5xx_hal_uart.o
                0x0000000008005e78                HAL_UART_Receive_DMA
 .text.HAL_UART_IRQHandler
                0x0000000008005f10      0x648 ./Drivers/STM32L5xx_HAL_Driver/Src/stm32l5xx_hal_uart.o
                0x0000000008005f10                HAL_UART_IRQHandler
 .text.HAL_UART_TxCpltCallback
                0x0000000008006558       0x14 ./Drivers/STM32L5xx_HAL_Driver/Src/stm32l5xx_hal_uart.o
                0x0000000008006558                HAL_UART_TxCpltCallback
 .text.HAL_UART_TxHalfCpltCallback
                0x000000000800656c       0x14 ./Drivers/STM32L5xx_HAL_Driver/Src/stm32l5xx_hal_uart.o
                0x000000000800656c                HAL_UART_TxHalfCpltCallback
 .text.HAL_UART_RxHalfCpltCallback
                0x0000000008006580       0x14 ./Drivers/STM32L5xx_HAL_Driver/Src/stm32l5xx_hal_uart.o
                0x0000000008006580                HAL_UART_RxHalfCpltCallback
 .text.HAL_UART_ErrorCallback
                0x0000000008006594       0x14 ./Drivers/STM32L5xx_HAL_Driver/Src/stm32l5xx_hal_uart.o
                0x0000000008006594                HAL_UART_ErrorCallback
 .text.HAL_UARTEx_RxEventCallback
                0x00000000080065a8       0x18 ./Drivers/STM32L5xx_HAL_Driver/Src/stm32l5xx_hal_uart.o
                0x00000000080065a8                HAL_UARTEx_RxEventCallback
 .text.UART_SetConfig
                0x00000000080065c0      0x600 ./Drivers/STM32L5xx_HAL_Driver/Src/stm32l5xx_hal_uart.o
                0x00000000080065c0                UART_SetConfig
 .text.UART_AdvFeatureConfig
                0x0000000008006bc0      0x144 ./Drivers/STM32L5xx_HAL_Driver/Src/stm32l5xx_hal_uart.o
                0x0000000008006bc0                UART_AdvFeatureConfig
 .text.UART_CheckIdleState
                0x0000000008006d04      0x154 ./Drivers/STM32L5xx_HAL_Driver/Src/stm32l5xx_hal_uart.o
                0x0000000008006d04                UART_CheckIdleState
 .text.UART_WaitOnFlagUntilTimeout
                0x0000000008006e58       0xce ./Drivers/STM32L5xx_HAL_Driver/Src/stm32l5xx_hal_uart.o
                0x0000000008006e58                UART_WaitOnFlagUntilTimeout
 *fill*         0x0000000008006f26        0x2 
 .text.UART_Start_Receive_DMA
                0x0000000008006f28      0x14c ./Drivers/STM32L5xx_HAL_Driver/Src/stm32l5xx_hal_uart.o
                0x0000000008006f28                UART_Start_Receive_DMA
 .text.UART_EndTxTransfer
                0x0000000008007074       0x82 ./Drivers/STM32L5xx_HAL_Driver/Src/stm32l5xx_hal_uart.o
 .text.UART_EndRxTransfer
                0x00000000080070f6       0xcc ./Drivers/STM32L5xx_HAL_Driver/Src/stm32l5xx_hal_uart.o
 .text.UART_DMATransmitCplt
                0x00000000080071c2       0x9a ./Drivers/STM32L5xx_HAL_Driver/Src/stm32l5xx_hal_uart.o
 .text.UART_DMATxHalfCplt
                0x000000000800725c       0x1c ./Drivers/STM32L5xx_HAL_Driver/Src/stm32l5xx_hal_uart.o
 .text.UART_DMAReceiveCplt
                0x0000000008007278      0x12c ./Drivers/STM32L5xx_HAL_Driver/Src/stm32l5xx_hal_uart.o
 .text.UART_DMARxHalfCplt
                0x00000000080073a4       0x3e ./Drivers/STM32L5xx_HAL_Driver/Src/stm32l5xx_hal_uart.o
 .text.UART_DMAError
                0x00000000080073e2       0x80 ./Drivers/STM32L5xx_HAL_Driver/Src/stm32l5xx_hal_uart.o
 .text.UART_DMAAbortOnError
                0x0000000008007462       0x2c ./Drivers/STM32L5xx_HAL_Driver/Src/stm32l5xx_hal_uart.o
 .text.UART_EndTransmit_IT
                0x000000000800748e       0x56 ./Drivers/STM32L5xx_HAL_Driver/Src/stm32l5xx_hal_uart.o
 .text.HAL_UARTEx_WakeupCallback
                0x00000000080074e4       0x14 ./Drivers/STM32L5xx_HAL_Driver/Src/stm32l5xx_hal_uart_ex.o
                0x00000000080074e4                HAL_UARTEx_WakeupCallback
 .text.HAL_UARTEx_RxFifoFullCallback
                0x00000000080074f8       0x14 ./Drivers/STM32L5xx_HAL_Driver/Src/stm32l5xx_hal_uart_ex.o
                0x00000000080074f8                HAL_UARTEx_RxFifoFullCallback
 .text.HAL_UARTEx_TxFifoEmptyCallback
                0x000000000800750c       0x14 ./Drivers/STM32L5xx_HAL_Driver/Src/stm32l5xx_hal_uart_ex.o
                0x000000000800750c                HAL_UARTEx_TxFifoEmptyCallback
 .text.HAL_UARTEx_DisableFifoMode
                0x0000000008007520       0x72 ./Drivers/STM32L5xx_HAL_Driver/Src/stm32l5xx_hal_uart_ex.o
                0x0000000008007520                HAL_UARTEx_DisableFifoMode
 .text.HAL_UARTEx_SetTxFifoThreshold
                0x0000000008007592       0x7c ./Drivers/STM32L5xx_HAL_Driver/Src/stm32l5xx_hal_uart_ex.o
                0x0000000008007592                HAL_UARTEx_SetTxFifoThreshold
 .text.HAL_UARTEx_SetRxFifoThreshold
                0x000000000800760e       0x7c ./Drivers/STM32L5xx_HAL_Driver/Src/stm32l5xx_hal_uart_ex.o
                0x000000000800760e                HAL_UARTEx_SetRxFifoThreshold
 *fill*         0x000000000800768a        0x2 
 .text.UARTEx_SetNbDataToProcess
                0x000000000800768c       0x9c ./Drivers/STM32L5xx_HAL_Driver/Src/stm32l5xx_hal_uart_ex.o
 .text.LL_GPIO_SetPinMode
                0x0000000008007728       0x7a ./Drivers/STM32L5xx_HAL_Driver/Src/stm32l5xx_ll_gpio.o
 .text.LL_GPIO_SetPinOutputType
                0x00000000080077a2       0x30 ./Drivers/STM32L5xx_HAL_Driver/Src/stm32l5xx_ll_gpio.o
 .text.LL_GPIO_SetPinSpeed
                0x00000000080077d2       0x7a ./Drivers/STM32L5xx_HAL_Driver/Src/stm32l5xx_ll_gpio.o
 .text.LL_GPIO_SetPinPull
                0x000000000800784c       0x7a ./Drivers/STM32L5xx_HAL_Driver/Src/stm32l5xx_ll_gpio.o
 .text.LL_GPIO_SetAFPin_0_7
                0x00000000080078c6       0x7a ./Drivers/STM32L5xx_HAL_Driver/Src/stm32l5xx_ll_gpio.o
 .text.LL_GPIO_SetAFPin_8_15
                0x0000000008007940       0x7e ./Drivers/STM32L5xx_HAL_Driver/Src/stm32l5xx_ll_gpio.o
 .text.LL_GPIO_Init
                0x00000000080079be       0xda ./Drivers/STM32L5xx_HAL_Driver/Src/stm32l5xx_ll_gpio.o
                0x00000000080079be                LL_GPIO_Init
 .text.USB_DisableGlobalInt
                0x0000000008007a98       0x36 ./Drivers/STM32L5xx_HAL_Driver/Src/stm32l5xx_ll_usb.o
                0x0000000008007a98                USB_DisableGlobalInt
 .text.USB_DevInit
                0x0000000008007ace       0x42 ./Drivers/STM32L5xx_HAL_Driver/Src/stm32l5xx_ll_usb.o
                0x0000000008007ace                USB_DevInit
 .text._Znwj    0x0000000008007b10       0x22 c:/st/stm32cubeide_1.11.2/stm32cubeide/plugins/com.st.stm32cube.ide.mcu.externaltools.gnu-tools-for-stm32.10.3-2021.10.win32_1.0.100.202210260954/tools/bin/../lib/gcc/arm-none-eabi/10.3.1/../../../../arm-none-eabi/lib/thumb/v8-m.main+fp/hard\libstdc++_nano.a(new_op.o)
                0x0000000008007b10                operator new(unsigned int)
 *fill*         0x0000000008007b32        0x2 
 .text._ZSt15get_new_handlerv
                0x0000000008007b34        0xc c:/st/stm32cubeide_1.11.2/stm32cubeide/plugins/com.st.stm32cube.ide.mcu.externaltools.gnu-tools-for-stm32.10.3-2021.10.win32_1.0.100.202210260954/tools/bin/../lib/gcc/arm-none-eabi/10.3.1/../../../../arm-none-eabi/lib/thumb/v8-m.main+fp/hard\libstdc++_nano.a(new_handler.o)
                0x0000000008007b34                std::get_new_handler()
 .text.abort    0x0000000008007b40        0xe c:/st/stm32cubeide_1.11.2/stm32cubeide/plugins/com.st.stm32cube.ide.mcu.externaltools.gnu-tools-for-stm32.10.3-2021.10.win32_1.0.100.202210260954/tools/bin/../lib/gcc/arm-none-eabi/10.3.1/../../../../arm-none-eabi/lib/thumb/v8-m.main+fp/hard\libc_nano.a(lib_a-abort.o)
                0x0000000008007b40                abort
 *fill*         0x0000000008007b4e        0x2 
 .text.__errno  0x0000000008007b50        0xc c:/st/stm32cubeide_1.11.2/stm32cubeide/plugins/com.st.stm32cube.ide.mcu.externaltools.gnu-tools-for-stm32.10.3-2021.10.win32_1.0.100.202210260954/tools/bin/../lib/gcc/arm-none-eabi/10.3.1/../../../../arm-none-eabi/lib/thumb/v8-m.main+fp/hard\libc_nano.a(lib_a-errno.o)
                0x0000000008007b50                __errno
 .text.__libc_init_array
                0x0000000008007b5c       0x48 c:/st/stm32cubeide_1.11.2/stm32cubeide/plugins/com.st.stm32cube.ide.mcu.externaltools.gnu-tools-for-stm32.10.3-2021.10.win32_1.0.100.202210260954/tools/bin/../lib/gcc/arm-none-eabi/10.3.1/../../../../arm-none-eabi/lib/thumb/v8-m.main+fp/hard\libc_nano.a(lib_a-init.o)
                0x0000000008007b5c                __libc_init_array
 .text.malloc   0x0000000008007ba4       0x10 c:/st/stm32cubeide_1.11.2/stm32cubeide/plugins/com.st.stm32cube.ide.mcu.externaltools.gnu-tools-for-stm32.10.3-2021.10.win32_1.0.100.202210260954/tools/bin/../lib/gcc/arm-none-eabi/10.3.1/../../../../arm-none-eabi/lib/thumb/v8-m.main+fp/hard\libc_nano.a(lib_a-malloc.o)
                0x0000000008007ba4                malloc
 .text.memset   0x0000000008007bb4       0x10 c:/st/stm32cubeide_1.11.2/stm32cubeide/plugins/com.st.stm32cube.ide.mcu.externaltools.gnu-tools-for-stm32.10.3-2021.10.win32_1.0.100.202210260954/tools/bin/../lib/gcc/arm-none-eabi/10.3.1/../../../../arm-none-eabi/lib/thumb/v8-m.main+fp/hard\libc_nano.a(lib_a-memset.o)
                0x0000000008007bb4                memset
 .text.sbrk_aligned
                0x0000000008007bc4       0x40 c:/st/stm32cubeide_1.11.2/stm32cubeide/plugins/com.st.stm32cube.ide.mcu.externaltools.gnu-tools-for-stm32.10.3-2021.10.win32_1.0.100.202210260954/tools/bin/../lib/gcc/arm-none-eabi/10.3.1/../../../../arm-none-eabi/lib/thumb/v8-m.main+fp/hard\libc_nano.a(lib_a-nano-mallocr.o)
 .text._malloc_r
                0x0000000008007c04       0xe8 c:/st/stm32cubeide_1.11.2/stm32cubeide/plugins/com.st.stm32cube.ide.mcu.externaltools.gnu-tools-for-stm32.10.3-2021.10.win32_1.0.100.202210260954/tools/bin/../lib/gcc/arm-none-eabi/10.3.1/../../../../arm-none-eabi/lib/thumb/v8-m.main+fp/hard\libc_nano.a(lib_a-nano-mallocr.o)
                0x0000000008007c04                _malloc_r
 .text._sbrk_r  0x0000000008007cec       0x20 c:/st/stm32cubeide_1.11.2/stm32cubeide/plugins/com.st.stm32cube.ide.mcu.externaltools.gnu-tools-for-stm32.10.3-2021.10.win32_1.0.100.202210260954/tools/bin/../lib/gcc/arm-none-eabi/10.3.1/../../../../arm-none-eabi/lib/thumb/v8-m.main+fp/hard\libc_nano.a(lib_a-sbrkr.o)
                0x0000000008007cec                _sbrk_r
 .text._raise_r
                0x0000000008007d0c       0x50 c:/st/stm32cubeide_1.11.2/stm32cubeide/plugins/com.st.stm32cube.ide.mcu.externaltools.gnu-tools-for-stm32.10.3-2021.10.win32_1.0.100.202210260954/tools/bin/../lib/gcc/arm-none-eabi/10.3.1/../../../../arm-none-eabi/lib/thumb/v8-m.main+fp/hard\libc_nano.a(lib_a-signal.o)
                0x0000000008007d0c                _raise_r
 .text.raise    0x0000000008007d5c       0x10 c:/st/stm32cubeide_1.11.2/stm32cubeide/plugins/com.st.stm32cube.ide.mcu.externaltools.gnu-tools-for-stm32.10.3-2021.10.win32_1.0.100.202210260954/tools/bin/../lib/gcc/arm-none-eabi/10.3.1/../../../../arm-none-eabi/lib/thumb/v8-m.main+fp/hard\libc_nano.a(lib_a-signal.o)
                0x0000000008007d5c                raise
 .text._kill_r  0x0000000008007d6c       0x24 c:/st/stm32cubeide_1.11.2/stm32cubeide/plugins/com.st.stm32cube.ide.mcu.externaltools.gnu-tools-for-stm32.10.3-2021.10.win32_1.0.100.202210260954/tools/bin/../lib/gcc/arm-none-eabi/10.3.1/../../../../arm-none-eabi/lib/thumb/v8-m.main+fp/hard\libc_nano.a(lib_a-signalr.o)
                0x0000000008007d6c                _kill_r
 .text._getpid_r
                0x0000000008007d90        0x4 c:/st/stm32cubeide_1.11.2/stm32cubeide/plugins/com.st.stm32cube.ide.mcu.externaltools.gnu-tools-for-stm32.10.3-2021.10.win32_1.0.100.202210260954/tools/bin/../lib/gcc/arm-none-eabi/10.3.1/../../../../arm-none-eabi/lib/thumb/v8-m.main+fp/hard\libc_nano.a(lib_a-signalr.o)
                0x0000000008007d90                _getpid_r
 .text.__malloc_lock
                0x0000000008007d94        0xc c:/st/stm32cubeide_1.11.2/stm32cubeide/plugins/com.st.stm32cube.ide.mcu.externaltools.gnu-tools-for-stm32.10.3-2021.10.win32_1.0.100.202210260954/tools/bin/../lib/gcc/arm-none-eabi/10.3.1/../../../../arm-none-eabi/lib/thumb/v8-m.main+fp/hard\libc_nano.a(lib_a-mlock.o)
                0x0000000008007d94                __malloc_lock
 .text.__malloc_unlock
                0x0000000008007da0        0xc c:/st/stm32cubeide_1.11.2/stm32cubeide/plugins/com.st.stm32cube.ide.mcu.externaltools.gnu-tools-for-stm32.10.3-2021.10.win32_1.0.100.202210260954/tools/bin/../lib/gcc/arm-none-eabi/10.3.1/../../../../arm-none-eabi/lib/thumb/v8-m.main+fp/hard\libc_nano.a(lib_a-mlock.o)
                0x0000000008007da0                __malloc_unlock
 .text.__retarget_lock_acquire_recursive
                0x0000000008007dac        0x2 c:/st/stm32cubeide_1.11.2/stm32cubeide/plugins/com.st.stm32cube.ide.mcu.externaltools.gnu-tools-for-stm32.10.3-2021.10.win32_1.0.100.202210260954/tools/bin/../lib/gcc/arm-none-eabi/10.3.1/../../../../arm-none-eabi/lib/thumb/v8-m.main+fp/hard\libc_nano.a(lib_a-lock.o)
                0x0000000008007dac                __retarget_lock_acquire_recursive
 .text.__retarget_lock_release_recursive
                0x0000000008007dae        0x2 c:/st/stm32cubeide_1.11.2/stm32cubeide/plugins/com.st.stm32cube.ide.mcu.externaltools.gnu-tools-for-stm32.10.3-2021.10.win32_1.0.100.202210260954/tools/bin/../lib/gcc/arm-none-eabi/10.3.1/../../../../arm-none-eabi/lib/thumb/v8-m.main+fp/hard\libc_nano.a(lib_a-lock.o)
                0x0000000008007dae                __retarget_lock_release_recursive
 *(.glue_7)
 .glue_7        0x0000000008007db0        0x0 linker stubs
 *(.glue_7t)
 .glue_7t       0x0000000008007db0        0x0 linker stubs
 *(.eh_frame)
 .eh_frame      0x0000000008007db0        0x0 c:/st/stm32cubeide_1.11.2/stm32cubeide/plugins/com.st.stm32cube.ide.mcu.externaltools.gnu-tools-for-stm32.10.3-2021.10.win32_1.0.100.202210260954/tools/bin/../lib/gcc/arm-none-eabi/10.3.1/thumb/v8-m.main+fp/hard/crtbegin.o
 *(.init)
 .init          0x0000000008007db0        0x4 c:/st/stm32cubeide_1.11.2/stm32cubeide/plugins/com.st.stm32cube.ide.mcu.externaltools.gnu-tools-for-stm32.10.3-2021.10.win32_1.0.100.202210260954/tools/bin/../lib/gcc/arm-none-eabi/10.3.1/thumb/v8-m.main+fp/hard/crti.o
                0x0000000008007db0                _init
 .init          0x0000000008007db4        0x8 c:/st/stm32cubeide_1.11.2/stm32cubeide/plugins/com.st.stm32cube.ide.mcu.externaltools.gnu-tools-for-stm32.10.3-2021.10.win32_1.0.100.202210260954/tools/bin/../lib/gcc/arm-none-eabi/10.3.1/thumb/v8-m.main+fp/hard/crtn.o
 *(.fini)
 .fini          0x0000000008007dbc        0x4 c:/st/stm32cubeide_1.11.2/stm32cubeide/plugins/com.st.stm32cube.ide.mcu.externaltools.gnu-tools-for-stm32.10.3-2021.10.win32_1.0.100.202210260954/tools/bin/../lib/gcc/arm-none-eabi/10.3.1/thumb/v8-m.main+fp/hard/crti.o
                0x0000000008007dbc                _fini
 .fini          0x0000000008007dc0        0x8 c:/st/stm32cubeide_1.11.2/stm32cubeide/plugins/com.st.stm32cube.ide.mcu.externaltools.gnu-tools-for-stm32.10.3-2021.10.win32_1.0.100.202210260954/tools/bin/../lib/gcc/arm-none-eabi/10.3.1/thumb/v8-m.main+fp/hard/crtn.o
                0x0000000008007dc8                . = ALIGN (0x4)
                0x0000000008007dc8                _etext = .

.vfp11_veneer   0x0000000008007dc8        0x0
 .vfp11_veneer  0x0000000008007dc8        0x0 linker stubs

.v4_bx          0x0000000008007dc8        0x0
 .v4_bx         0x0000000008007dc8        0x0 linker stubs

.iplt           0x0000000008007dc8        0x0
 .iplt          0x0000000008007dc8        0x0 c:/st/stm32cubeide_1.11.2/stm32cubeide/plugins/com.st.stm32cube.ide.mcu.externaltools.gnu-tools-for-stm32.10.3-2021.10.win32_1.0.100.202210260954/tools/bin/../lib/gcc/arm-none-eabi/10.3.1/thumb/v8-m.main+fp/hard/crtbegin.o

.rodata         0x0000000008007dc8       0x80
                0x0000000008007dc8                . = ALIGN (0x4)
 *(.rodata)
 *(.rodata*)
 .rodata.AHBPrescTable
                0x0000000008007dc8       0x10 ./Core/Src/system_stm32l5xx.o
                0x0000000008007dc8                AHBPrescTable
 .rodata.APBPrescTable
                0x0000000008007dd8        0x8 ./Core/Src/system_stm32l5xx.o
                0x0000000008007dd8                APBPrescTable
 .rodata.MSIRangeTable
                0x0000000008007de0       0x40 ./Core/Src/system_stm32l5xx.o
                0x0000000008007de0                MSIRangeTable
 .rodata.UARTPrescTable
                0x0000000008007e20       0x18 ./Drivers/STM32L5xx_HAL_Driver/Src/stm32l5xx_hal_uart.o
                0x0000000008007e20                UARTPrescTable
 .rodata.numerator.1
                0x0000000008007e38        0x8 ./Drivers/STM32L5xx_HAL_Driver/Src/stm32l5xx_hal_uart_ex.o
 .rodata.denominator.0
                0x0000000008007e40        0x8 ./Drivers/STM32L5xx_HAL_Driver/Src/stm32l5xx_hal_uart_ex.o
                0x0000000008007e48                . = ALIGN (0x4)

.ARM.extab      0x0000000008007e48        0x0
                0x0000000008007e48                . = ALIGN (0x4)
 *(.ARM.extab* .gnu.linkonce.armextab.*)
                0x0000000008007e48                . = ALIGN (0x4)

.ARM            0x0000000008007e48        0x8
                0x0000000008007e48                . = ALIGN (0x4)
                0x0000000008007e48                __exidx_start = .
 *(.ARM.exidx*)
 .ARM.exidx     0x0000000008007e48        0x8 c:/st/stm32cubeide_1.11.2/stm32cubeide/plugins/com.st.stm32cube.ide.mcu.externaltools.gnu-tools-for-stm32.10.3-2021.10.win32_1.0.100.202210260954/tools/bin/../lib/gcc/arm-none-eabi/10.3.1/thumb/v8-m.main+fp/hard\libgcc.a(_udivmoddi4.o)
                0x0000000008007e50                __exidx_end = .
                0x0000000008007e50                . = ALIGN (0x4)

.rel.dyn        0x0000000008007e50        0x0
 .rel.iplt      0x0000000008007e50        0x0 c:/st/stm32cubeide_1.11.2/stm32cubeide/plugins/com.st.stm32cube.ide.mcu.externaltools.gnu-tools-for-stm32.10.3-2021.10.win32_1.0.100.202210260954/tools/bin/../lib/gcc/arm-none-eabi/10.3.1/thumb/v8-m.main+fp/hard/crtbegin.o

.preinit_array  0x0000000008007e50        0x0
                0x0000000008007e50                . = ALIGN (0x4)
                0x0000000008007e50                PROVIDE (__preinit_array_start = .)
 *(.preinit_array*)
                0x0000000008007e50                PROVIDE (__preinit_array_end = .)
                0x0000000008007e50                . = ALIGN (0x4)

.init_array     0x0000000008007e50        0x4
                0x0000000008007e50                . = ALIGN (0x4)
                0x0000000008007e50                PROVIDE (__init_array_start = .)
 *(SORT_BY_NAME(.init_array.*))
 *(.init_array*)
 .init_array    0x0000000008007e50        0x4 c:/st/stm32cubeide_1.11.2/stm32cubeide/plugins/com.st.stm32cube.ide.mcu.externaltools.gnu-tools-for-stm32.10.3-2021.10.win32_1.0.100.202210260954/tools/bin/../lib/gcc/arm-none-eabi/10.3.1/thumb/v8-m.main+fp/hard/crtbegin.o
                0x0000000008007e54                PROVIDE (__init_array_end = .)
                0x0000000008007e54                . = ALIGN (0x4)

.fini_array     0x0000000008007e54        0x4
                0x0000000008007e54                . = ALIGN (0x4)
                [!provide]                        PROVIDE (__fini_array_start = .)
 *(SORT_BY_NAME(.fini_array.*))
 *(.fini_array*)
 .fini_array    0x0000000008007e54        0x4 c:/st/stm32cubeide_1.11.2/stm32cubeide/plugins/com.st.stm32cube.ide.mcu.externaltools.gnu-tools-for-stm32.10.3-2021.10.win32_1.0.100.202210260954/tools/bin/../lib/gcc/arm-none-eabi/10.3.1/thumb/v8-m.main+fp/hard/crtbegin.o
                [!provide]                        PROVIDE (__fini_array_end = .)
                0x0000000008007e58                . = ALIGN (0x4)
                0x0000000008007e58                _sidata = LOADADDR (.data)

.data           0x0000000020000000       0x70 load address 0x0000000008007e58
                0x0000000020000000                . = ALIGN (0x4)
                0x0000000020000000                _sdata = .
 *(.data)
 *(.data*)
 .data.SystemCoreClock
                0x0000000020000000        0x4 ./Core/Src/system_stm32l5xx.o
                0x0000000020000000                SystemCoreClock
 .data.uwTickPrio
                0x0000000020000004        0x4 ./Drivers/STM32L5xx_HAL_Driver/Src/stm32l5xx_hal.o
                0x0000000020000004                uwTickPrio
 .data.uwTickFreq
                0x0000000020000008        0x1 ./Drivers/STM32L5xx_HAL_Driver/Src/stm32l5xx_hal.o
                0x0000000020000008                uwTickFreq
 *fill*         0x0000000020000009        0x3 
 .data._impure_ptr
                0x000000002000000c        0x4 c:/st/stm32cubeide_1.11.2/stm32cubeide/plugins/com.st.stm32cube.ide.mcu.externaltools.gnu-tools-for-stm32.10.3-2021.10.win32_1.0.100.202210260954/tools/bin/../lib/gcc/arm-none-eabi/10.3.1/../../../../arm-none-eabi/lib/thumb/v8-m.main+fp/hard\libc_nano.a(lib_a-impure.o)
                0x000000002000000c                _impure_ptr
 .data.impure_data
                0x0000000020000010       0x60 c:/st/stm32cubeide_1.11.2/stm32cubeide/plugins/com.st.stm32cube.ide.mcu.externaltools.gnu-tools-for-stm32.10.3-2021.10.win32_1.0.100.202210260954/tools/bin/../lib/gcc/arm-none-eabi/10.3.1/../../../../arm-none-eabi/lib/thumb/v8-m.main+fp/hard\libc_nano.a(lib_a-impure.o)
 *(.RamFunc)
 *(.RamFunc*)
                0x0000000020000070                . = ALIGN (0x4)
                0x0000000020000070                _edata = .

.igot.plt       0x0000000020000070        0x0 load address 0x0000000008007ec8
 .igot.plt      0x0000000020000070        0x0 c:/st/stm32cubeide_1.11.2/stm32cubeide/plugins/com.st.stm32cube.ide.mcu.externaltools.gnu-tools-for-stm32.10.3-2021.10.win32_1.0.100.202210260954/tools/bin/../lib/gcc/arm-none-eabi/10.3.1/thumb/v8-m.main+fp/hard/crtbegin.o
                0x0000000020000070                . = ALIGN (0x4)

.bss            0x0000000020000070      0x5c0 load address 0x0000000008007ec8
                0x0000000020000070                _sbss = .
                0x0000000020000070                __bss_start__ = _sbss
 *(.bss)
 .bss           0x0000000020000070       0x1c c:/st/stm32cubeide_1.11.2/stm32cubeide/plugins/com.st.stm32cube.ide.mcu.externaltools.gnu-tools-for-stm32.10.3-2021.10.win32_1.0.100.202210260954/tools/bin/../lib/gcc/arm-none-eabi/10.3.1/thumb/v8-m.main+fp/hard/crtbegin.o
 *(.bss*)
 .bss._ZN12SBUSReceiver10singleton_E
                0x000000002000008c        0x4 ./Core/Los_Driver/Src/LOS_D_SBUSReceiver.o
                0x000000002000008c                SBUSReceiver::singleton_
 .bss._ZN10SBUSSender10singleton_E
                0x0000000020000090        0x4 ./Core/Los_Driver/Src/LOS_D_SBUSSender.o
                0x0000000020000090                SBUSSender::singleton_
 .bss._ZN3SSM10singleton_E
                0x0000000020000094        0x4 ./Core/Simple_SM/Src/Simple_System_Manager.o
                0x0000000020000094                SSM::singleton_
 .bss.hadc1     0x0000000020000098       0x68 ./Core/Src/adc.o
                0x0000000020000098                hadc1
 .bss.hrtc      0x0000000020000100       0x28 ./Core/Src/rtc.o
                0x0000000020000100                hrtc
 .bss.__sbrk_heap_end
                0x0000000020000128        0x4 ./Core/Src/sysmem.o
 .bss.hlpuart1  0x000000002000012c       0x94 ./Core/Src/usart.o
                0x000000002000012c                hlpuart1
 .bss.huart2    0x00000000200001c0       0x94 ./Core/Src/usart.o
                0x00000000200001c0                huart2
 .bss.hdma_usart2_rx
                0x0000000020000254       0x68 ./Core/Src/usart.o
                0x0000000020000254                hdma_usart2_rx
 .bss.hdma_usart2_tx
                0x00000000200002bc       0x68 ./Core/Src/usart.o
                0x00000000200002bc                hdma_usart2_tx
 .bss.hpcd_USB_FS
                0x0000000020000324      0x2f4 ./Core/Src/usb.o
                0x0000000020000324                hpcd_USB_FS
 .bss.uwTick    0x0000000020000618        0x4 ./Drivers/STM32L5xx_HAL_Driver/Src/stm32l5xx_hal.o
                0x0000000020000618                uwTick
 .bss._ZN12_GLOBAL__N_113__new_handlerE
                0x000000002000061c        0x4 c:/st/stm32cubeide_1.11.2/stm32cubeide/plugins/com.st.stm32cube.ide.mcu.externaltools.gnu-tools-for-stm32.10.3-2021.10.win32_1.0.100.202210260954/tools/bin/../lib/gcc/arm-none-eabi/10.3.1/../../../../arm-none-eabi/lib/thumb/v8-m.main+fp/hard\libstdc++_nano.a(new_handler.o)
 .bss.__malloc_free_list
                0x0000000020000620        0x4 c:/st/stm32cubeide_1.11.2/stm32cubeide/plugins/com.st.stm32cube.ide.mcu.externaltools.gnu-tools-for-stm32.10.3-2021.10.win32_1.0.100.202210260954/tools/bin/../lib/gcc/arm-none-eabi/10.3.1/../../../../arm-none-eabi/lib/thumb/v8-m.main+fp/hard\libc_nano.a(lib_a-nano-mallocr.o)
                0x0000000020000620                __malloc_free_list
 .bss.__malloc_sbrk_start
                0x0000000020000624        0x4 c:/st/stm32cubeide_1.11.2/stm32cubeide/plugins/com.st.stm32cube.ide.mcu.externaltools.gnu-tools-for-stm32.10.3-2021.10.win32_1.0.100.202210260954/tools/bin/../lib/gcc/arm-none-eabi/10.3.1/../../../../arm-none-eabi/lib/thumb/v8-m.main+fp/hard\libc_nano.a(lib_a-nano-mallocr.o)
                0x0000000020000624                __malloc_sbrk_start
 .bss.errno     0x0000000020000628        0x4 c:/st/stm32cubeide_1.11.2/stm32cubeide/plugins/com.st.stm32cube.ide.mcu.externaltools.gnu-tools-for-stm32.10.3-2021.10.win32_1.0.100.202210260954/tools/bin/../lib/gcc/arm-none-eabi/10.3.1/../../../../arm-none-eabi/lib/thumb/v8-m.main+fp/hard\libc_nano.a(lib_a-reent.o)
                0x0000000020000628                errno
 .bss.__lock___malloc_recursive_mutex
                0x000000002000062c        0x1 c:/st/stm32cubeide_1.11.2/stm32cubeide/plugins/com.st.stm32cube.ide.mcu.externaltools.gnu-tools-for-stm32.10.3-2021.10.win32_1.0.100.202210260954/tools/bin/../lib/gcc/arm-none-eabi/10.3.1/../../../../arm-none-eabi/lib/thumb/v8-m.main+fp/hard\libc_nano.a(lib_a-lock.o)
                0x000000002000062c                __lock___malloc_recursive_mutex
 *(COMMON)
                0x0000000020000630                . = ALIGN (0x4)
 *fill*         0x000000002000062d        0x3 
                0x0000000020000630                _ebss = .
                0x0000000020000630                __bss_end__ = _ebss

._user_heap_stack
                0x0000000020000630      0x600 load address 0x0000000008007ec8
                0x0000000020000630                . = ALIGN (0x8)
                [!provide]                        PROVIDE (end = .)
                0x0000000020000630                PROVIDE (_end = .)
                0x0000000020000830                . = (. + _Min_Heap_Size)
 *fill*         0x0000000020000630      0x200 
                0x0000000020000c30                . = (. + _Min_Stack_Size)
 *fill*         0x0000000020000830      0x400 
                0x0000000020000c30                . = ALIGN (0x8)

/DISCARD/
 libc.a(*)
 libm.a(*)
 libgcc.a(*)

.ARM.attributes
                0x0000000000000000       0x36
 *(.ARM.attributes)
 .ARM.attributes
                0x0000000000000000       0x22 c:/st/stm32cubeide_1.11.2/stm32cubeide/plugins/com.st.stm32cube.ide.mcu.externaltools.gnu-tools-for-stm32.10.3-2021.10.win32_1.0.100.202210260954/tools/bin/../lib/gcc/arm-none-eabi/10.3.1/thumb/v8-m.main+fp/hard/crti.o
 .ARM.attributes
                0x0000000000000022       0x38 c:/st/stm32cubeide_1.11.2/stm32cubeide/plugins/com.st.stm32cube.ide.mcu.externaltools.gnu-tools-for-stm32.10.3-2021.10.win32_1.0.100.202210260954/tools/bin/../lib/gcc/arm-none-eabi/10.3.1/thumb/v8-m.main+fp/hard/crtbegin.o
 .ARM.attributes
                0x000000000000005a       0x3a ./Core/Los_Driver/Src/LOS_D_SBUSReceiver.o
 .ARM.attributes
                0x0000000000000094       0x3a ./Core/Los_Driver/Src/LOS_D_SBUSSender.o
 .ARM.attributes
                0x00000000000000ce       0x3a ./Core/Simple_SM/Src/Simple_System_Manager.o
 .ARM.attributes
                0x0000000000000108       0x3a ./Core/Src/adc.o
 .ARM.attributes
                0x0000000000000142       0x3a ./Core/Src/dma.o
 .ARM.attributes
                0x000000000000017c       0x3a ./Core/Src/gpio.o
 .ARM.attributes
                0x00000000000001b6       0x3a ./Core/Src/main.o
 .ARM.attributes
                0x00000000000001f0       0x3a ./Core/Src/rtc.o
 .ARM.attributes
                0x000000000000022a       0x3a ./Core/Src/stm32l5xx_hal_msp.o
 .ARM.attributes
                0x0000000000000264       0x3a ./Core/Src/stm32l5xx_it.o
 .ARM.attributes
                0x000000000000029e       0x3a ./Core/Src/syscalls.o
 .ARM.attributes
                0x00000000000002d8       0x3a ./Core/Src/sysmem.o
 .ARM.attributes
                0x0000000000000312       0x3a ./Core/Src/system_stm32l5xx.o
 .ARM.attributes
                0x000000000000034c       0x3a ./Core/Src/ucpd.o
 .ARM.attributes
                0x0000000000000386       0x3a ./Core/Src/usart.o
 .ARM.attributes
                0x00000000000003c0       0x3a ./Core/Src/usb.o
 .ARM.attributes
                0x00000000000003fa       0x24 ./Core/Startup/startup_stm32l552zetxq.o
 .ARM.attributes
                0x000000000000041e       0x3a ./Drivers/STM32L5xx_HAL_Driver/Src/stm32l5xx_hal.o
 .ARM.attributes
                0x0000000000000458       0x3a ./Drivers/STM32L5xx_HAL_Driver/Src/stm32l5xx_hal_adc.o
 .ARM.attributes
                0x0000000000000492       0x3a ./Drivers/STM32L5xx_HAL_Driver/Src/stm32l5xx_hal_adc_ex.o
 .ARM.attributes
                0x00000000000004cc       0x3a ./Drivers/STM32L5xx_HAL_Driver/Src/stm32l5xx_hal_cortex.o
 .ARM.attributes
                0x0000000000000506       0x3a ./Drivers/STM32L5xx_HAL_Driver/Src/stm32l5xx_hal_dma.o
 .ARM.attributes
                0x0000000000000540       0x3a ./Drivers/STM32L5xx_HAL_Driver/Src/stm32l5xx_hal_gpio.o
 .ARM.attributes
                0x000000000000057a       0x3a ./Drivers/STM32L5xx_HAL_Driver/Src/stm32l5xx_hal_pcd.o
 .ARM.attributes
                0x00000000000005b4       0x3a ./Drivers/STM32L5xx_HAL_Driver/Src/stm32l5xx_hal_pcd_ex.o
 .ARM.attributes
                0x00000000000005ee       0x3a ./Drivers/STM32L5xx_HAL_Driver/Src/stm32l5xx_hal_pwr.o
 .ARM.attributes
                0x0000000000000628       0x3a ./Drivers/STM32L5xx_HAL_Driver/Src/stm32l5xx_hal_pwr_ex.o
 .ARM.attributes
                0x0000000000000662       0x3a ./Drivers/STM32L5xx_HAL_Driver/Src/stm32l5xx_hal_rcc.o
 .ARM.attributes
                0x000000000000069c       0x3a ./Drivers/STM32L5xx_HAL_Driver/Src/stm32l5xx_hal_rcc_ex.o
 .ARM.attributes
                0x00000000000006d6       0x3a ./Drivers/STM32L5xx_HAL_Driver/Src/stm32l5xx_hal_rtc.o
 .ARM.attributes
                0x0000000000000710       0x3a ./Drivers/STM32L5xx_HAL_Driver/Src/stm32l5xx_hal_rtc_ex.o
 .ARM.attributes
                0x000000000000074a       0x3a ./Drivers/STM32L5xx_HAL_Driver/Src/stm32l5xx_hal_uart.o
 .ARM.attributes
                0x0000000000000784       0x3a ./Drivers/STM32L5xx_HAL_Driver/Src/stm32l5xx_hal_uart_ex.o
 .ARM.attributes
                0x00000000000007be       0x3a ./Drivers/STM32L5xx_HAL_Driver/Src/stm32l5xx_ll_gpio.o
 .ARM.attributes
                0x00000000000007f8       0x3a ./Drivers/STM32L5xx_HAL_Driver/Src/stm32l5xx_ll_usb.o
 .ARM.attributes
                0x0000000000000832       0x38 c:/st/stm32cubeide_1.11.2/stm32cubeide/plugins/com.st.stm32cube.ide.mcu.externaltools.gnu-tools-for-stm32.10.3-2021.10.win32_1.0.100.202210260954/tools/bin/../lib/gcc/arm-none-eabi/10.3.1/../../../../arm-none-eabi/lib/thumb/v8-m.main+fp/hard\libstdc++_nano.a(new_op.o)
 .ARM.attributes
                0x000000000000086a       0x38 c:/st/stm32cubeide_1.11.2/stm32cubeide/plugins/com.st.stm32cube.ide.mcu.externaltools.gnu-tools-for-stm32.10.3-2021.10.win32_1.0.100.202210260954/tools/bin/../lib/gcc/arm-none-eabi/10.3.1/../../../../arm-none-eabi/lib/thumb/v8-m.main+fp/hard\libstdc++_nano.a(new_handler.o)
 .ARM.attributes
                0x00000000000008a2       0x38 c:/st/stm32cubeide_1.11.2/stm32cubeide/plugins/com.st.stm32cube.ide.mcu.externaltools.gnu-tools-for-stm32.10.3-2021.10.win32_1.0.100.202210260954/tools/bin/../lib/gcc/arm-none-eabi/10.3.1/../../../../arm-none-eabi/lib/thumb/v8-m.main+fp/hard\libc_nano.a(lib_a-abort.o)
 .ARM.attributes
                0x00000000000008da       0x38 c:/st/stm32cubeide_1.11.2/stm32cubeide/plugins/com.st.stm32cube.ide.mcu.externaltools.gnu-tools-for-stm32.10.3-2021.10.win32_1.0.100.202210260954/tools/bin/../lib/gcc/arm-none-eabi/10.3.1/../../../../arm-none-eabi/lib/thumb/v8-m.main+fp/hard\libc_nano.a(lib_a-errno.o)
 .ARM.attributes
                0x0000000000000912       0x38 c:/st/stm32cubeide_1.11.2/stm32cubeide/plugins/com.st.stm32cube.ide.mcu.externaltools.gnu-tools-for-stm32.10.3-2021.10.win32_1.0.100.202210260954/tools/bin/../lib/gcc/arm-none-eabi/10.3.1/../../../../arm-none-eabi/lib/thumb/v8-m.main+fp/hard\libc_nano.a(lib_a-impure.o)
 .ARM.attributes
                0x000000000000094a       0x38 c:/st/stm32cubeide_1.11.2/stm32cubeide/plugins/com.st.stm32cube.ide.mcu.externaltools.gnu-tools-for-stm32.10.3-2021.10.win32_1.0.100.202210260954/tools/bin/../lib/gcc/arm-none-eabi/10.3.1/../../../../arm-none-eabi/lib/thumb/v8-m.main+fp/hard\libc_nano.a(lib_a-init.o)
 .ARM.attributes
                0x0000000000000982       0x38 c:/st/stm32cubeide_1.11.2/stm32cubeide/plugins/com.st.stm32cube.ide.mcu.externaltools.gnu-tools-for-stm32.10.3-2021.10.win32_1.0.100.202210260954/tools/bin/../lib/gcc/arm-none-eabi/10.3.1/../../../../arm-none-eabi/lib/thumb/v8-m.main+fp/hard\libc_nano.a(lib_a-malloc.o)
 .ARM.attributes
                0x00000000000009ba       0x38 c:/st/stm32cubeide_1.11.2/stm32cubeide/plugins/com.st.stm32cube.ide.mcu.externaltools.gnu-tools-for-stm32.10.3-2021.10.win32_1.0.100.202210260954/tools/bin/../lib/gcc/arm-none-eabi/10.3.1/../../../../arm-none-eabi/lib/thumb/v8-m.main+fp/hard\libc_nano.a(lib_a-memset.o)
 .ARM.attributes
                0x00000000000009f2       0x38 c:/st/stm32cubeide_1.11.2/stm32cubeide/plugins/com.st.stm32cube.ide.mcu.externaltools.gnu-tools-for-stm32.10.3-2021.10.win32_1.0.100.202210260954/tools/bin/../lib/gcc/arm-none-eabi/10.3.1/../../../../arm-none-eabi/lib/thumb/v8-m.main+fp/hard\libc_nano.a(lib_a-nano-mallocr.o)
 .ARM.attributes
                0x0000000000000a2a       0x38 c:/st/stm32cubeide_1.11.2/stm32cubeide/plugins/com.st.stm32cube.ide.mcu.externaltools.gnu-tools-for-stm32.10.3-2021.10.win32_1.0.100.202210260954/tools/bin/../lib/gcc/arm-none-eabi/10.3.1/../../../../arm-none-eabi/lib/thumb/v8-m.main+fp/hard\libc_nano.a(lib_a-sbrkr.o)
 .ARM.attributes
                0x0000000000000a62       0x38 c:/st/stm32cubeide_1.11.2/stm32cubeide/plugins/com.st.stm32cube.ide.mcu.externaltools.gnu-tools-for-stm32.10.3-2021.10.win32_1.0.100.202210260954/tools/bin/../lib/gcc/arm-none-eabi/10.3.1/../../../../arm-none-eabi/lib/thumb/v8-m.main+fp/hard\libc_nano.a(lib_a-signal.o)
 .ARM.attributes
                0x0000000000000a9a       0x38 c:/st/stm32cubeide_1.11.2/stm32cubeide/plugins/com.st.stm32cube.ide.mcu.externaltools.gnu-tools-for-stm32.10.3-2021.10.win32_1.0.100.202210260954/tools/bin/../lib/gcc/arm-none-eabi/10.3.1/../../../../arm-none-eabi/lib/thumb/v8-m.main+fp/hard\libc_nano.a(lib_a-signalr.o)
 .ARM.attributes
                0x0000000000000ad2       0x38 c:/st/stm32cubeide_1.11.2/stm32cubeide/plugins/com.st.stm32cube.ide.mcu.externaltools.gnu-tools-for-stm32.10.3-2021.10.win32_1.0.100.202210260954/tools/bin/../lib/gcc/arm-none-eabi/10.3.1/../../../../arm-none-eabi/lib/thumb/v8-m.main+fp/hard\libc_nano.a(lib_a-mlock.o)
 .ARM.attributes
                0x0000000000000b0a       0x38 c:/st/stm32cubeide_1.11.2/stm32cubeide/plugins/com.st.stm32cube.ide.mcu.externaltools.gnu-tools-for-stm32.10.3-2021.10.win32_1.0.100.202210260954/tools/bin/../lib/gcc/arm-none-eabi/10.3.1/../../../../arm-none-eabi/lib/thumb/v8-m.main+fp/hard\libc_nano.a(lib_a-reent.o)
 .ARM.attributes
                0x0000000000000b42       0x38 c:/st/stm32cubeide_1.11.2/stm32cubeide/plugins/com.st.stm32cube.ide.mcu.externaltools.gnu-tools-for-stm32.10.3-2021.10.win32_1.0.100.202210260954/tools/bin/../lib/gcc/arm-none-eabi/10.3.1/../../../../arm-none-eabi/lib/thumb/v8-m.main+fp/hard\libc_nano.a(lib_a-lock.o)
 .ARM.attributes
                0x0000000000000b7a       0x22 c:/st/stm32cubeide_1.11.2/stm32cubeide/plugins/com.st.stm32cube.ide.mcu.externaltools.gnu-tools-for-stm32.10.3-2021.10.win32_1.0.100.202210260954/tools/bin/../lib/gcc/arm-none-eabi/10.3.1/thumb/v8-m.main+fp/hard\libgcc.a(_aeabi_uldivmod.o)
 .ARM.attributes
                0x0000000000000b9c       0x38 c:/st/stm32cubeide_1.11.2/stm32cubeide/plugins/com.st.stm32cube.ide.mcu.externaltools.gnu-tools-for-stm32.10.3-2021.10.win32_1.0.100.202210260954/tools/bin/../lib/gcc/arm-none-eabi/10.3.1/thumb/v8-m.main+fp/hard\libgcc.a(_udivmoddi4.o)
 .ARM.attributes
                0x0000000000000bd4       0x22 c:/st/stm32cubeide_1.11.2/stm32cubeide/plugins/com.st.stm32cube.ide.mcu.externaltools.gnu-tools-for-stm32.10.3-2021.10.win32_1.0.100.202210260954/tools/bin/../lib/gcc/arm-none-eabi/10.3.1/thumb/v8-m.main+fp/hard\libgcc.a(_dvmd_tls.o)
 .ARM.attributes
                0x0000000000000bf6       0x22 c:/st/stm32cubeide_1.11.2/stm32cubeide/plugins/com.st.stm32cube.ide.mcu.externaltools.gnu-tools-for-stm32.10.3-2021.10.win32_1.0.100.202210260954/tools/bin/../lib/gcc/arm-none-eabi/10.3.1/thumb/v8-m.main+fp/hard/crtn.o
OUTPUT(SimpleSystemManager.elf elf32-littlearm)
LOAD linker stubs
LOAD c:/st/stm32cubeide_1.11.2/stm32cubeide/plugins/com.st.stm32cube.ide.mcu.externaltools.gnu-tools-for-stm32.10.3-2021.10.win32_1.0.100.202210260954/tools/bin/../lib/gcc/arm-none-eabi/10.3.1/../../../../arm-none-eabi/lib/thumb/v8-m.main+fp/hard\libc.a
LOAD c:/st/stm32cubeide_1.11.2/stm32cubeide/plugins/com.st.stm32cube.ide.mcu.externaltools.gnu-tools-for-stm32.10.3-2021.10.win32_1.0.100.202210260954/tools/bin/../lib/gcc/arm-none-eabi/10.3.1/../../../../arm-none-eabi/lib/thumb/v8-m.main+fp/hard\libm.a
LOAD c:/st/stm32cubeide_1.11.2/stm32cubeide/plugins/com.st.stm32cube.ide.mcu.externaltools.gnu-tools-for-stm32.10.3-2021.10.win32_1.0.100.202210260954/tools/bin/../lib/gcc/arm-none-eabi/10.3.1/thumb/v8-m.main+fp/hard\libgcc.a

.debug_info     0x0000000000000000    0x25f74
 .debug_info    0x0000000000000000     0x1e02 ./Core/Los_Driver/Src/LOS_D_SBUSReceiver.o
 .debug_info    0x0000000000001e02     0x1c17 ./Core/Los_Driver/Src/LOS_D_SBUSSender.o
 .debug_info    0x0000000000003a19     0x2063 ./Core/Simple_SM/Src/Simple_System_Manager.o
 .debug_info    0x0000000000005a7c     0x11a9 ./Core/Src/adc.o
 .debug_info    0x0000000000006c25      0x71f ./Core/Src/dma.o
 .debug_info    0x0000000000007344      0x622 ./Core/Src/gpio.o
 .debug_info    0x0000000000007966     0x2197 ./Core/Src/main.o
 .debug_info    0x0000000000009afd      0xa5d ./Core/Src/rtc.o
 .debug_info    0x000000000000a55a      0x424 ./Core/Src/stm32l5xx_hal_msp.o
 .debug_info    0x000000000000a97e      0x935 ./Core/Src/stm32l5xx_it.o
 .debug_info    0x000000000000b2b3      0x6e0 ./Core/Src/syscalls.o
 .debug_info    0x000000000000b993      0x171 ./Core/Src/sysmem.o
 .debug_info    0x000000000000bb04      0x7fc ./Core/Src/system_stm32l5xx.o
 .debug_info    0x000000000000c300      0x5f5 ./Core/Src/ucpd.o
 .debug_info    0x000000000000c8f5     0x1429 ./Core/Src/usart.o
 .debug_info    0x000000000000dd1e      0xdea ./Core/Src/usb.o
 .debug_info    0x000000000000eb08       0x22 ./Core/Startup/startup_stm32l552zetxq.o
 .debug_info    0x000000000000eb2a      0xd43 ./Drivers/STM32L5xx_HAL_Driver/Src/stm32l5xx_hal.o
 .debug_info    0x000000000000f86d     0x2026 ./Drivers/STM32L5xx_HAL_Driver/Src/stm32l5xx_hal_adc.o
 .debug_info    0x0000000000011893     0x1da4 ./Drivers/STM32L5xx_HAL_Driver/Src/stm32l5xx_hal_adc_ex.o
 .debug_info    0x0000000000013637     0x1177 ./Drivers/STM32L5xx_HAL_Driver/Src/stm32l5xx_hal_cortex.o
 .debug_info    0x00000000000147ae      0x9c0 ./Drivers/STM32L5xx_HAL_Driver/Src/stm32l5xx_hal_dma.o
 .debug_info    0x000000000001516e      0x655 ./Drivers/STM32L5xx_HAL_Driver/Src/stm32l5xx_hal_gpio.o
 .debug_info    0x00000000000157c3     0x1714 ./Drivers/STM32L5xx_HAL_Driver/Src/stm32l5xx_hal_pcd.o
 .debug_info    0x0000000000016ed7      0x882 ./Drivers/STM32L5xx_HAL_Driver/Src/stm32l5xx_hal_pcd_ex.o
 .debug_info    0x0000000000017759      0xd12 ./Drivers/STM32L5xx_HAL_Driver/Src/stm32l5xx_hal_pwr.o
 .debug_info    0x000000000001846b      0xdf9 ./Drivers/STM32L5xx_HAL_Driver/Src/stm32l5xx_hal_pwr_ex.o
 .debug_info    0x0000000000019264     0x1083 ./Drivers/STM32L5xx_HAL_Driver/Src/stm32l5xx_hal_rcc.o
 .debug_info    0x000000000001a2e7     0x121a ./Drivers/STM32L5xx_HAL_Driver/Src/stm32l5xx_hal_rcc_ex.o
 .debug_info    0x000000000001b501     0x1079 ./Drivers/STM32L5xx_HAL_Driver/Src/stm32l5xx_hal_rtc.o
 .debug_info    0x000000000001c57a     0x1b9b ./Drivers/STM32L5xx_HAL_Driver/Src/stm32l5xx_hal_rtc_ex.o
 .debug_info    0x000000000001e115     0x4ba2 ./Drivers/STM32L5xx_HAL_Driver/Src/stm32l5xx_hal_uart.o
 .debug_info    0x0000000000022cb7     0x10a8 ./Drivers/STM32L5xx_HAL_Driver/Src/stm32l5xx_hal_uart_ex.o
 .debug_info    0x0000000000023d5f      0xaec ./Drivers/STM32L5xx_HAL_Driver/Src/stm32l5xx_ll_gpio.o
 .debug_info    0x000000000002484b     0x1729 ./Drivers/STM32L5xx_HAL_Driver/Src/stm32l5xx_ll_usb.o

.debug_abbrev   0x0000000000000000     0x4fbe
 .debug_abbrev  0x0000000000000000      0x433 ./Core/Los_Driver/Src/LOS_D_SBUSReceiver.o
 .debug_abbrev  0x0000000000000433      0x3dc ./Core/Los_Driver/Src/LOS_D_SBUSSender.o
 .debug_abbrev  0x000000000000080f      0x46c ./Core/Simple_SM/Src/Simple_System_Manager.o
 .debug_abbrev  0x0000000000000c7b      0x207 ./Core/Src/adc.o
 .debug_abbrev  0x0000000000000e82      0x12d ./Core/Src/dma.o
 .debug_abbrev  0x0000000000000faf      0x180 ./Core/Src/gpio.o
 .debug_abbrev  0x000000000000112f      0x41f ./Core/Src/main.o
 .debug_abbrev  0x000000000000154e      0x1d1 ./Core/Src/rtc.o
 .debug_abbrev  0x000000000000171f       0xec ./Core/Src/stm32l5xx_hal_msp.o
 .debug_abbrev  0x000000000000180b      0x189 ./Core/Src/stm32l5xx_it.o
 .debug_abbrev  0x0000000000001994      0x1b3 ./Core/Src/syscalls.o
 .debug_abbrev  0x0000000000001b47       0xbb ./Core/Src/sysmem.o
 .debug_abbrev  0x0000000000001c02      0x127 ./Core/Src/system_stm32l5xx.o
 .debug_abbrev  0x0000000000001d29      0x1b1 ./Core/Src/ucpd.o
 .debug_abbrev  0x0000000000001eda      0x262 ./Core/Src/usart.o
 .debug_abbrev  0x000000000000213c      0x224 ./Core/Src/usb.o
 .debug_abbrev  0x0000000000002360       0x12 ./Core/Startup/startup_stm32l552zetxq.o
 .debug_abbrev  0x0000000000002372      0x2c3 ./Drivers/STM32L5xx_HAL_Driver/Src/stm32l5xx_hal.o
 .debug_abbrev  0x0000000000002635      0x2b6 ./Drivers/STM32L5xx_HAL_Driver/Src/stm32l5xx_hal_adc.o
 .debug_abbrev  0x00000000000028eb      0x2da ./Drivers/STM32L5xx_HAL_Driver/Src/stm32l5xx_hal_adc_ex.o
 .debug_abbrev  0x0000000000002bc5      0x31d ./Drivers/STM32L5xx_HAL_Driver/Src/stm32l5xx_hal_cortex.o
 .debug_abbrev  0x0000000000002ee2      0x1e8 ./Drivers/STM32L5xx_HAL_Driver/Src/stm32l5xx_hal_dma.o
 .debug_abbrev  0x00000000000030ca      0x1b2 ./Drivers/STM32L5xx_HAL_Driver/Src/stm32l5xx_hal_gpio.o
 .debug_abbrev  0x000000000000327c      0x2a4 ./Drivers/STM32L5xx_HAL_Driver/Src/stm32l5xx_hal_pcd.o
 .debug_abbrev  0x0000000000003520      0x21d ./Drivers/STM32L5xx_HAL_Driver/Src/stm32l5xx_hal_pcd_ex.o
 .debug_abbrev  0x000000000000373d      0x1fa ./Drivers/STM32L5xx_HAL_Driver/Src/stm32l5xx_hal_pwr.o
 .debug_abbrev  0x0000000000003937      0x283 ./Drivers/STM32L5xx_HAL_Driver/Src/stm32l5xx_hal_pwr_ex.o
 .debug_abbrev  0x0000000000003bba      0x2ee ./Drivers/STM32L5xx_HAL_Driver/Src/stm32l5xx_hal_rcc.o
 .debug_abbrev  0x0000000000003ea8      0x2b9 ./Drivers/STM32L5xx_HAL_Driver/Src/stm32l5xx_hal_rcc_ex.o
 .debug_abbrev  0x0000000000004161      0x1ff ./Drivers/STM32L5xx_HAL_Driver/Src/stm32l5xx_hal_rtc.o
 .debug_abbrev  0x0000000000004360      0x21f ./Drivers/STM32L5xx_HAL_Driver/Src/stm32l5xx_hal_rtc_ex.o
 .debug_abbrev  0x000000000000457f      0x310 ./Drivers/STM32L5xx_HAL_Driver/Src/stm32l5xx_hal_uart.o
 .debug_abbrev  0x000000000000488f      0x2bd ./Drivers/STM32L5xx_HAL_Driver/Src/stm32l5xx_hal_uart_ex.o
 .debug_abbrev  0x0000000000004b4c      0x243 ./Drivers/STM32L5xx_HAL_Driver/Src/stm32l5xx_ll_gpio.o
 .debug_abbrev  0x0000000000004d8f      0x22f ./Drivers/STM32L5xx_HAL_Driver/Src/stm32l5xx_ll_usb.o

.debug_aranges  0x0000000000000000     0x1838
 .debug_aranges
                0x0000000000000000       0x60 ./Core/Los_Driver/Src/LOS_D_SBUSReceiver.o
 .debug_aranges
                0x0000000000000060       0x50 ./Core/Los_Driver/Src/LOS_D_SBUSSender.o
 .debug_aranges
                0x00000000000000b0       0x60 ./Core/Simple_SM/Src/Simple_System_Manager.o
 .debug_aranges
                0x0000000000000110       0x30 ./Core/Src/adc.o
 .debug_aranges
                0x0000000000000140       0x20 ./Core/Src/dma.o
 .debug_aranges
                0x0000000000000160       0x20 ./Core/Src/gpio.o
 .debug_aranges
                0x0000000000000180       0x38 ./Core/Src/main.o
 .debug_aranges
                0x00000000000001b8       0x30 ./Core/Src/rtc.o
 .debug_aranges
                0x00000000000001e8       0x20 ./Core/Src/stm32l5xx_hal_msp.o
 .debug_aranges
                0x0000000000000208       0x78 ./Core/Src/stm32l5xx_it.o
 .debug_aranges
                0x0000000000000280       0xa8 ./Core/Src/syscalls.o
 .debug_aranges
                0x0000000000000328       0x20 ./Core/Src/sysmem.o
 .debug_aranges
                0x0000000000000348       0x28 ./Core/Src/system_stm32l5xx.o
 .debug_aranges
                0x0000000000000370       0x30 ./Core/Src/ucpd.o
 .debug_aranges
                0x00000000000003a0       0x38 ./Core/Src/usart.o
 .debug_aranges
                0x00000000000003d8       0x30 ./Core/Src/usb.o
 .debug_aranges
                0x0000000000000408       0x28 ./Core/Startup/startup_stm32l552zetxq.o
 .debug_aranges
                0x0000000000000430      0x130 ./Drivers/STM32L5xx_HAL_Driver/Src/stm32l5xx_hal.o
 .debug_aranges
                0x0000000000000560      0x228 ./Drivers/STM32L5xx_HAL_Driver/Src/stm32l5xx_hal_adc.o
 .debug_aranges
                0x0000000000000788      0x1b0 ./Drivers/STM32L5xx_HAL_Driver/Src/stm32l5xx_hal_adc_ex.o
 .debug_aranges
                0x0000000000000938      0x130 ./Drivers/STM32L5xx_HAL_Driver/Src/stm32l5xx_hal_cortex.o
 .debug_aranges
                0x0000000000000a68       0xa0 ./Drivers/STM32L5xx_HAL_Driver/Src/stm32l5xx_hal_dma.o
 .debug_aranges
                0x0000000000000b08       0x60 ./Drivers/STM32L5xx_HAL_Driver/Src/stm32l5xx_hal_gpio.o
 .debug_aranges
                0x0000000000000b68      0x138 ./Drivers/STM32L5xx_HAL_Driver/Src/stm32l5xx_hal_pcd.o
 .debug_aranges
                0x0000000000000ca0       0x58 ./Drivers/STM32L5xx_HAL_Driver/Src/stm32l5xx_hal_pcd_ex.o
 .debug_aranges
                0x0000000000000cf8       0xa8 ./Drivers/STM32L5xx_HAL_Driver/Src/stm32l5xx_hal_pwr.o
 .debug_aranges
                0x0000000000000da0      0x1b8 ./Drivers/STM32L5xx_HAL_Driver/Src/stm32l5xx_hal_pwr_ex.o
 .debug_aranges
                0x0000000000000f58       0xa8 ./Drivers/STM32L5xx_HAL_Driver/Src/stm32l5xx_hal_rcc.o
 .debug_aranges
                0x0000000000001000      0x118 ./Drivers/STM32L5xx_HAL_Driver/Src/stm32l5xx_hal_rcc_ex.o
 .debug_aranges
                0x0000000000001118       0xe8 ./Drivers/STM32L5xx_HAL_Driver/Src/stm32l5xx_hal_rtc.o
 .debug_aranges
                0x0000000000001200      0x220 ./Drivers/STM32L5xx_HAL_Driver/Src/stm32l5xx_hal_rtc_ex.o
 .debug_aranges
                0x0000000000001420      0x248 ./Drivers/STM32L5xx_HAL_Driver/Src/stm32l5xx_hal_uart.o
 .debug_aranges
                0x0000000000001668       0xa8 ./Drivers/STM32L5xx_HAL_Driver/Src/stm32l5xx_hal_uart_ex.o
 .debug_aranges
                0x0000000000001710       0x70 ./Drivers/STM32L5xx_HAL_Driver/Src/stm32l5xx_ll_gpio.o
 .debug_aranges
                0x0000000000001780       0xb8 ./Drivers/STM32L5xx_HAL_Driver/Src/stm32l5xx_ll_usb.o

.debug_ranges   0x0000000000000000     0x1640
 .debug_ranges  0x0000000000000000       0x50 ./Core/Los_Driver/Src/LOS_D_SBUSReceiver.o
 .debug_ranges  0x0000000000000050       0x40 ./Core/Los_Driver/Src/LOS_D_SBUSSender.o
 .debug_ranges  0x0000000000000090       0x50 ./Core/Simple_SM/Src/Simple_System_Manager.o
 .debug_ranges  0x00000000000000e0       0x20 ./Core/Src/adc.o
 .debug_ranges  0x0000000000000100       0x10 ./Core/Src/dma.o
 .debug_ranges  0x0000000000000110       0x10 ./Core/Src/gpio.o
 .debug_ranges  0x0000000000000120       0x28 ./Core/Src/main.o
 .debug_ranges  0x0000000000000148       0x20 ./Core/Src/rtc.o
 .debug_ranges  0x0000000000000168       0x10 ./Core/Src/stm32l5xx_hal_msp.o
 .debug_ranges  0x0000000000000178       0x68 ./Core/Src/stm32l5xx_it.o
 .debug_ranges  0x00000000000001e0       0x98 ./Core/Src/syscalls.o
 .debug_ranges  0x0000000000000278       0x10 ./Core/Src/sysmem.o
 .debug_ranges  0x0000000000000288       0x18 ./Core/Src/system_stm32l5xx.o
 .debug_ranges  0x00000000000002a0       0x20 ./Core/Src/ucpd.o
 .debug_ranges  0x00000000000002c0       0x28 ./Core/Src/usart.o
 .debug_ranges  0x00000000000002e8       0x20 ./Core/Src/usb.o
 .debug_ranges  0x0000000000000308       0x20 ./Core/Startup/startup_stm32l552zetxq.o
 .debug_ranges  0x0000000000000328      0x120 ./Drivers/STM32L5xx_HAL_Driver/Src/stm32l5xx_hal.o
 .debug_ranges  0x0000000000000448      0x218 ./Drivers/STM32L5xx_HAL_Driver/Src/stm32l5xx_hal_adc.o
 .debug_ranges  0x0000000000000660      0x1a0 ./Drivers/STM32L5xx_HAL_Driver/Src/stm32l5xx_hal_adc_ex.o
 .debug_ranges  0x0000000000000800      0x120 ./Drivers/STM32L5xx_HAL_Driver/Src/stm32l5xx_hal_cortex.o
 .debug_ranges  0x0000000000000920       0x90 ./Drivers/STM32L5xx_HAL_Driver/Src/stm32l5xx_hal_dma.o
 .debug_ranges  0x00000000000009b0       0x50 ./Drivers/STM32L5xx_HAL_Driver/Src/stm32l5xx_hal_gpio.o
 .debug_ranges  0x0000000000000a00      0x128 ./Drivers/STM32L5xx_HAL_Driver/Src/stm32l5xx_hal_pcd.o
 .debug_ranges  0x0000000000000b28       0x48 ./Drivers/STM32L5xx_HAL_Driver/Src/stm32l5xx_hal_pcd_ex.o
 .debug_ranges  0x0000000000000b70       0x98 ./Drivers/STM32L5xx_HAL_Driver/Src/stm32l5xx_hal_pwr.o
 .debug_ranges  0x0000000000000c08      0x1a8 ./Drivers/STM32L5xx_HAL_Driver/Src/stm32l5xx_hal_pwr_ex.o
 .debug_ranges  0x0000000000000db0       0x98 ./Drivers/STM32L5xx_HAL_Driver/Src/stm32l5xx_hal_rcc.o
 .debug_ranges  0x0000000000000e48      0x108 ./Drivers/STM32L5xx_HAL_Driver/Src/stm32l5xx_hal_rcc_ex.o
 .debug_ranges  0x0000000000000f50       0xd8 ./Drivers/STM32L5xx_HAL_Driver/Src/stm32l5xx_hal_rtc.o
 .debug_ranges  0x0000000000001028      0x210 ./Drivers/STM32L5xx_HAL_Driver/Src/stm32l5xx_hal_rtc_ex.o
 .debug_ranges  0x0000000000001238      0x268 ./Drivers/STM32L5xx_HAL_Driver/Src/stm32l5xx_hal_uart.o
 .debug_ranges  0x00000000000014a0       0x98 ./Drivers/STM32L5xx_HAL_Driver/Src/stm32l5xx_hal_uart_ex.o
 .debug_ranges  0x0000000000001538       0x60 ./Drivers/STM32L5xx_HAL_Driver/Src/stm32l5xx_ll_gpio.o
 .debug_ranges  0x0000000000001598       0xa8 ./Drivers/STM32L5xx_HAL_Driver/Src/stm32l5xx_ll_usb.o

.debug_macro    0x0000000000000000    0x331e7
 .debug_macro   0x0000000000000000      0x321 ./Core/Los_Driver/Src/LOS_D_SBUSReceiver.o
 .debug_macro   0x0000000000000321      0xb5c ./Core/Los_Driver/Src/LOS_D_SBUSReceiver.o
 .debug_macro   0x0000000000000e7d      0x1a2 ./Core/Los_Driver/Src/LOS_D_SBUSReceiver.o
 .debug_macro   0x000000000000101f       0x2e ./Core/Los_Driver/Src/LOS_D_SBUSReceiver.o
 .debug_macro   0x000000000000104d       0x42 ./Core/Los_Driver/Src/LOS_D_SBUSReceiver.o
 .debug_macro   0x000000000000108f       0x1c ./Core/Los_Driver/Src/LOS_D_SBUSReceiver.o
 .debug_macro   0x00000000000010ab       0x22 ./Core/Los_Driver/Src/LOS_D_SBUSReceiver.o
 .debug_macro   0x00000000000010cd       0x8e ./Core/Los_Driver/Src/LOS_D_SBUSReceiver.o
 .debug_macro   0x000000000000115b       0x51 ./Core/Los_Driver/Src/LOS_D_SBUSReceiver.o
 .debug_macro   0x00000000000011ac      0x103 ./Core/Los_Driver/Src/LOS_D_SBUSReceiver.o
 .debug_macro   0x00000000000012af       0x6a ./Core/Los_Driver/Src/LOS_D_SBUSReceiver.o
 .debug_macro   0x0000000000001319      0x1df ./Core/Los_Driver/Src/LOS_D_SBUSReceiver.o
 .debug_macro   0x00000000000014f8       0x1c ./Core/Los_Driver/Src/LOS_D_SBUSReceiver.o
 .debug_macro   0x0000000000001514       0x29 ./Core/Los_Driver/Src/LOS_D_SBUSReceiver.o
 .debug_macro   0x000000000000153d       0xfb ./Core/Los_Driver/Src/LOS_D_SBUSReceiver.o
 .debug_macro   0x0000000000001638     0x1336 ./Core/Los_Driver/Src/LOS_D_SBUSReceiver.o
 .debug_macro   0x000000000000296e       0x5e ./Core/Los_Driver/Src/LOS_D_SBUSReceiver.o
 .debug_macro   0x00000000000029cc    0x1aca2 ./Core/Los_Driver/Src/LOS_D_SBUSReceiver.o
 .debug_macro   0x000000000001d66e       0x6c ./Core/Los_Driver/Src/LOS_D_SBUSReceiver.o
 .debug_macro   0x000000000001d6da     0x3535 ./Core/Los_Driver/Src/LOS_D_SBUSReceiver.o
 .debug_macro   0x0000000000020c0f      0x17b ./Core/Los_Driver/Src/LOS_D_SBUSReceiver.o
 .debug_macro   0x0000000000020d8a       0x5c ./Core/Los_Driver/Src/LOS_D_SBUSReceiver.o
 .debug_macro   0x0000000000020de6     0x1987 ./Core/Los_Driver/Src/LOS_D_SBUSReceiver.o
 .debug_macro   0x000000000002276d      0xa52 ./Core/Los_Driver/Src/LOS_D_SBUSReceiver.o
 .debug_macro   0x00000000000231bf      0x1cf ./Core/Los_Driver/Src/LOS_D_SBUSReceiver.o
 .debug_macro   0x000000000002338e      0x1d8 ./Core/Los_Driver/Src/LOS_D_SBUSReceiver.o
 .debug_macro   0x0000000000023566      0x4e1 ./Core/Los_Driver/Src/LOS_D_SBUSReceiver.o
 .debug_macro   0x0000000000023a47      0x1ab ./Core/Los_Driver/Src/LOS_D_SBUSReceiver.o
 .debug_macro   0x0000000000023bf2       0x4a ./Core/Los_Driver/Src/LOS_D_SBUSReceiver.o
 .debug_macro   0x0000000000023c3c      0x1b9 ./Core/Los_Driver/Src/LOS_D_SBUSReceiver.o
 .debug_macro   0x0000000000023df5      0xecd ./Core/Los_Driver/Src/LOS_D_SBUSReceiver.o
 .debug_macro   0x0000000000024cc2      0x608 ./Core/Los_Driver/Src/LOS_D_SBUSReceiver.o
 .debug_macro   0x00000000000252ca      0x2e9 ./Core/Los_Driver/Src/LOS_D_SBUSReceiver.o
 .debug_macro   0x00000000000255b3      0x230 ./Core/Los_Driver/Src/LOS_D_SBUSReceiver.o
 .debug_macro   0x00000000000257e3      0x3bb ./Core/Los_Driver/Src/LOS_D_SBUSReceiver.o
 .debug_macro   0x0000000000025b9e       0x36 ./Core/Los_Driver/Src/LOS_D_SBUSReceiver.o
 .debug_macro   0x0000000000025bd4      0x11c ./Core/Los_Driver/Src/LOS_D_SBUSReceiver.o
 .debug_macro   0x0000000000025cf0      0x22c ./Core/Los_Driver/Src/LOS_D_SBUSReceiver.o
 .debug_macro   0x0000000000025f1c       0x5b ./Core/Los_Driver/Src/LOS_D_SBUSReceiver.o
 .debug_macro   0x0000000000025f77       0xa5 ./Core/Los_Driver/Src/LOS_D_SBUSReceiver.o
 .debug_macro   0x000000000002601c       0xc8 ./Core/Los_Driver/Src/LOS_D_SBUSReceiver.o
 .debug_macro   0x00000000000260e4       0x73 ./Core/Los_Driver/Src/LOS_D_SBUSReceiver.o
 .debug_macro   0x0000000000026157      0x22d ./Core/Los_Driver/Src/LOS_D_SBUSReceiver.o
 .debug_macro   0x0000000000026384      0x199 ./Core/Los_Driver/Src/LOS_D_SBUSReceiver.o
 .debug_macro   0x000000000002651d      0x487 ./Core/Los_Driver/Src/LOS_D_SBUSReceiver.o
 .debug_macro   0x00000000000269a4      0x31a ./Core/Los_Driver/Src/LOS_D_SBUSReceiver.o
 .debug_macro   0x0000000000026cbe      0x748 ./Core/Los_Driver/Src/LOS_D_SBUSReceiver.o
 .debug_macro   0x0000000000027406       0xeb ./Core/Los_Driver/Src/LOS_D_SBUSReceiver.o
 .debug_macro   0x00000000000274f1      0x693 ./Core/Los_Driver/Src/LOS_D_SBUSReceiver.o
 .debug_macro   0x0000000000027b84       0xa6 ./Core/Los_Driver/Src/LOS_D_SBUSReceiver.o
 .debug_macro   0x0000000000027c2a      0x3f1 ./Core/Los_Driver/Src/LOS_D_SBUSReceiver.o
 .debug_macro   0x000000000002801b      0x2b6 ./Core/Los_Driver/Src/LOS_D_SBUSReceiver.o
 .debug_macro   0x00000000000282d1      0x1e2 ./Core/Los_Driver/Src/LOS_D_SBUSReceiver.o
 .debug_macro   0x00000000000284b3      0x15a ./Core/Los_Driver/Src/LOS_D_SBUSReceiver.o