Archive member included to satisfy reference by file (symbol)

c:/st/stm32cubeide_1.11.2/stm32cubeide/plugins/com.st.stm32cube.ide.mcu.externaltools.gnu-tools-for-stm32.10.3-2021.10.win32_1.0.100.202210260954/tools/bin/../lib/gcc/arm-none-eabi/10.3.1/../../../../arm-none-eabi/lib/thumb/v8-m.main+fp/hard\libstdc++_nano.a(new_op.o)
                              ./Core/Los_Driver/Src/LOS_D_SBUSReceiver.o (operator new(unsigned int))
c:/st/stm32cubeide_1.11.2/stm32cubeide/plugins/com.st.stm32cube.ide.mcu.externaltools.gnu-tools-for-stm32.10.3-2021.10.win32_1.0.100.202210260954/tools/bin/../lib/gcc/arm-none-eabi/10.3.1/../../../../arm-none-eabi/lib/thumb/v8-m.main+fp/hard\libstdc++_nano.a(new_handler.o)
                              c:/st/stm32cubeide_1.11.2/stm32cubeide/plugins/com.st.stm32cube.ide.mcu.externaltools.gnu-tools-for-stm32.10.3-2021.10.win32_1.0.100.202210260954/tools/bin/../lib/gcc/arm-none-eabi/10.3.1/../../../../arm-none-eabi/lib/thumb/v8-m.main+fp/hard\libstdc++_nano.a(new_op.o) (std::get_new_handler())
c:/st/stm32cubeide_1.11.2/stm32cubeide/plugins/com.st.stm32cube.ide.mcu.externaltools.gnu-tools-for-stm32.10.3-2021.10.win32_1.0.100.202210260954/tools/bin/../lib/gcc/arm-none-eabi/10.3.1/../../../../arm-none-eabi/lib/thumb/v8-m.main+fp/hard\libc_nano.a(lib_a-abort.o)
                              c:/st/stm32cubeide_1.11.2/stm32cubeide/plugins/com.st.stm32cube.ide.mcu.externaltools.gnu-tools-for-stm32.10.3-2021.10.win32_1.0.100.202210260954/tools/bin/../lib/gcc/arm-none-eabi/10.3.1/../../../../arm-none-eabi/lib/thumb/v8-m.main+fp/hard\libstdc++_nano.a(new_op.o) (abort)
c:/st/stm32cubeide_1.11.2/stm32cubeide/plugins/com.st.stm32cube.ide.mcu.externaltools.gnu-tools-for-stm32.10.3-2021.10.win32_1.0.100.202210260954/tools/bin/../lib/gcc/arm-none-eabi/10.3.1/../../../../arm-none-eabi/lib/thumb/v8-m.main+fp/hard\libc_nano.a(lib_a-errno.o)
                              ./Core/Src/syscalls.o (__errno)
c:/st/stm32cubeide_1.11.2/stm32cubeide/plugins/com.st.stm32cube.ide.mcu.externaltools.gnu-tools-for-stm32.10.3-2021.10.win32_1.0.100.202210260954/tools/bin/../lib/gcc/arm-none-eabi/10.3.1/../../../../arm-none-eabi/lib/thumb/v8-m.main+fp/hard\libc_nano.a(lib_a-exit.o)
                              c:/st/stm32cubeide_1.11.2/stm32cubeide/plugins/com.st.stm32cube.ide.mcu.externaltools.gnu-tools-for-stm32.10.3-2021.10.win32_1.0.100.202210260954/tools/bin/../lib/gcc/arm-none-eabi/10.3.1/../../../../arm-none-eabi/lib/thumb/v8-m.main+fp/hard/crt0.o (exit)
c:/st/stm32cubeide_1.11.2/stm32cubeide/plugins/com.st.stm32cube.ide.mcu.externaltools.gnu-tools-for-stm32.10.3-2021.10.win32_1.0.100.202210260954/tools/bin/../lib/gcc/arm-none-eabi/10.3.1/../../../../arm-none-eabi/lib/thumb/v8-m.main+fp/hard\libc_nano.a(lib_a-impure.o)
                              c:/st/stm32cubeide_1.11.2/stm32cubeide/plugins/com.st.stm32cube.ide.mcu.externaltools.gnu-tools-for-stm32.10.3-2021.10.win32_1.0.100.202210260954/tools/bin/../lib/gcc/arm-none-eabi/10.3.1/../../../../arm-none-eabi/lib/thumb/v8-m.main+fp/hard\libc_nano.a(lib_a-exit.o) (_global_impure_ptr)
c:/st/stm32cubeide_1.11.2/stm32cubeide/plugins/com.st.stm32cube.ide.mcu.externaltools.gnu-tools-for-stm32.10.3-2021.10.win32_1.0.100.202210260954/tools/bin/../lib/gcc/arm-none-eabi/10.3.1/../../../../arm-none-eabi/lib/thumb/v8-m.main+fp/hard\libc_nano.a(lib_a-init.o)
                              c:/st/stm32cubeide_1.11.2/stm32cubeide/plugins/com.st.stm32cube.ide.mcu.externaltools.gnu-tools-for-stm32.10.3-2021.10.win32_1.0.100.202210260954/tools/bin/../lib/gcc/arm-none-eabi/10.3.1/../../../../arm-none-eabi/lib/thumb/v8-m.main+fp/hard/crt0.o (__libc_init_array)
c:/st/stm32cubeide_1.11.2/stm32cubeide/plugins/com.st.stm32cube.ide.mcu.externaltools.gnu-tools-for-stm32.10.3-2021.10.win32_1.0.100.202210260954/tools/bin/../lib/gcc/arm-none-eabi/10.3.1/../../../../arm-none-eabi/lib/thumb/v8-m.main+fp/hard\libc_nano.a(lib_a-malloc.o)
                              c:/st/stm32cubeide_1.11.2/stm32cubeide/plugins/com.st.stm32cube.ide.mcu.externaltools.gnu-tools-for-stm32.10.3-2021.10.win32_1.0.100.202210260954/tools/bin/../lib/gcc/arm-none-eabi/10.3.1/../../../../arm-none-eabi/lib/thumb/v8-m.main+fp/hard\libstdc++_nano.a(new_op.o) (malloc)
c:/st/stm32cubeide_1.11.2/stm32cubeide/plugins/com.st.stm32cube.ide.mcu.externaltools.gnu-tools-for-stm32.10.3-2021.10.win32_1.0.100.202210260954/tools/bin/../lib/gcc/arm-none-eabi/10.3.1/../../../../arm-none-eabi/lib/thumb/v8-m.main+fp/hard\libc_nano.a(lib_a-memset.o)
                              c:/st/stm32cubeide_1.11.2/stm32cubeide/plugins/com.st.stm32cube.ide.mcu.externaltools.gnu-tools-for-stm32.10.3-2021.10.win32_1.0.100.202210260954/tools/bin/../lib/gcc/arm-none-eabi/10.3.1/../../../../arm-none-eabi/lib/thumb/v8-m.main+fp/hard/crt0.o (memset)
[...]
Memory Configuration

Name             Origin             Length             Attributes
RAM              0x0000000020000000 0x0000000000030000 xrw
RAM2             0x0000000020030000 0x0000000000010000 xrw
FLASH            0x0000000008000000 0x0000000000080000 xr
*default*        0x0000000000000000 0xffffffffffffffff

Linker script and memory map

LOAD c:/st/stm32cubeide_1.11.2/stm32cubeide/plugins/com.st.stm32cube.ide.mcu.externaltools.gnu-tools-for-stm32.10.3-2021.10.win32_1.0.100.202210260954/tools/bin/../lib/gcc/arm-none-eabi/10.3.1/thumb/v8-m.main+fp/hard/crti.o
LOAD c:/st/stm32cubeide_1.11.2/stm32cubeide/plugins/com.st.stm32cube.ide.mcu.externaltools.gnu-tools-for-stm32.10.3-2021.10.win32_1.0.100.202210260954/tools/bin/../lib/gcc/arm-none-eabi/10.3.1/thumb/v8-m.main+fp/hard/crtbegin.o
LOAD c:/st/stm32cubeide_1.11.2/stm32cubeide/plugins/com.st.stm32cube.ide.mcu.externaltools.gnu-tools-for-stm32.10.3-2021.10.win32_1.0.100.202210260954/tools/bin/../lib/gcc/arm-none-eabi/10.3.1/../../../../arm-none-eabi/lib/thumb/v8-m.main+fp/hard/crt0.o
LOAD ./Core/Los_Driver/Src/LOS_D_SBUSReceiver.o
LOAD ./Core/Los_Driver/Src/LOS_D_SBUSSender.o
LOAD ./Core/Simple_SM/Src/Simple_System_Manager.o
LOAD ./Core/Src/adc.o
LOAD ./Core/Src/dma.o
LOAD ./Core/Src/gpio.o
LOAD ./Core/Src/main.o
LOAD ./Core/Src/rtc.o
LOAD ./Core/Src/stm32l5xx_hal_msp.o
LOAD ./Core/Src/stm32l5xx_it.o
LOAD ./Core/Src/syscalls.o
LOAD ./Core/Src/sysmem.o
LOAD ./Core/Src/system_stm32l5xx.o
LOAD ./Core/Src/ucpd.o
LOAD ./Core/Src/usart.o
LOAD ./Core/Src/usb.o
LOAD ./Core/Startup/startup_stm32l552zetxq.o
LOAD ./Drivers/STM32L5xx_HAL_Driver/Src/stm32l5xx_hal.o
LOAD ./Drivers/STM32L5xx_HAL_Driver/Src/stm32l5xx_hal_adc.o
LOAD ./Drivers/STM32L5xx_HAL_Driver/Src/stm32l5xx_hal_adc_ex.o
LOAD ./Drivers/STM32L5xx_HAL_Driver/Src/stm32l5xx_hal_cortex.o
LOAD ./Drivers/STM32L5xx_HAL_Driver/Src/stm32l5xx_hal_dma.o
LOAD ./Drivers/STM32L5xx_HAL_Driver/Src/stm32l5xx_hal_dma_ex.o
LOAD ./Drivers/STM32L5xx_HAL_Driver/Src/stm32l5xx_hal_exti.o
LOAD ./Drivers/STM32L5xx_HAL_Driver/Src/stm32l5xx_hal_flash.o
LOAD ./Drivers/STM32L5xx_HAL_Driver/Src/stm32l5xx_hal_flash_ex.o
LOAD ./Drivers/STM32L5xx_HAL_Driver/Src/stm32l5xx_hal_flash_ramfunc.o
LOAD ./Drivers/STM32L5xx_HAL_Driver/Src/stm32l5xx_hal_gpio.o
LOAD ./Drivers/STM32L5xx_HAL_Driver/Src/stm32l5xx_hal_i2c.o
LOAD ./Drivers/STM32L5xx_HAL_Driver/Src/stm32l5xx_hal_i2c_ex.o
LOAD ./Drivers/STM32L5xx_HAL_Driver/Src/stm32l5xx_hal_icache.o
LOAD ./Drivers/STM32L5xx_HAL_Driver/Src/stm32l5xx_hal_pcd.o
LOAD ./Drivers/STM32L5xx_HAL_Driver/Src/stm32l5xx_hal_pcd_ex.o
LOAD ./Drivers/STM32L5xx_HAL_Driver/Src/stm32l5xx_hal_pwr.o
LOAD ./Drivers/STM32L5xx_HAL_Driver/Src/stm32l5xx_hal_pwr_ex.o
LOAD ./Drivers/STM32L5xx_HAL_Driver/Src/stm32l5xx_hal_rcc.o
LOAD ./Drivers/STM32L5xx_HAL_Driver/Src/stm32l5xx_hal_rcc_ex.o
LOAD ./Drivers/STM32L5xx_HAL_Driver/Src/stm32l5xx_hal_rtc.o
LOAD ./Drivers/STM32L5xx_HAL_Driver/Src/stm32l5xx_hal_rtc_ex.o
LOAD ./Drivers/STM32L5xx_HAL_Driver/Src/stm32l5xx_hal_tim.o
LOAD ./Drivers/STM32L5xx_HAL_Driver/Src/stm32l5xx_hal_tim_ex.o
LOAD ./Drivers/STM32L5xx_HAL_Driver/Src/stm32l5xx_hal_uart.o
LOAD ./Drivers/STM32L5xx_HAL_Driver/Src/stm32l5xx_hal_uart_ex.o
LOAD ./Drivers/STM32L5xx_HAL_Driver/Src/stm32l5xx_ll_dma.o
LOAD ./Drivers/STM32L5xx_HAL_Driver/Src/stm32l5xx_ll_exti.o
LOAD ./Drivers/STM32L5xx_HAL_Driver/Src/stm32l5xx_ll_gpio.o
LOAD ./Drivers/STM32L5xx_HAL_Driver/Src/stm32l5xx_ll_ucpd.o
LOAD ./Drivers/STM32L5xx_HAL_Driver/Src/stm32l5xx_ll_usb.o
LOAD ./Drivers/STM32L5xx_HAL_Driver/Src/stm32l5xx_ll_utils.o
START GROUP
LOAD c:/st/stm32cubeide_1.11.2/stm32cubeide/plugins/com.st.stm32cube.ide.mcu.externaltools.gnu-tools-for-stm32.10.3-2021.10.win32_1.0.100.202210260954/tools/bin/../lib/gcc/arm-none-eabi/10.3.1/../../../../arm-none-eabi/lib/thumb/v8-m.main+fp/hard\libstdc++_nano.a
LOAD c:/st/stm32cubeide_1.11.2/stm32cubeide/plugins/com.st.stm32cube.ide.mcu.externaltools.gnu-tools-for-stm32.10.3-2021.10.win32_1.0.100.202210260954/tools/bin/../lib/gcc/arm-none-eabi/10.3.1/../../../../arm-none-eabi/lib/thumb/v8-m.main+fp/hard\libsupc++_nano.a
END GROUP
LOAD c:/st/stm32cubeide_1.11.2/stm32cubeide/plugins/com.st.stm32cube.ide.mcu.externaltools.gnu-tools-for-stm32.10.3-2021.10.win32_1.0.100.202210260954/tools/bin/../lib/gcc/arm-none-eabi/10.3.1/../../../../arm-none-eabi/lib/thumb/v8-m.main+fp/hard\libstdc++_nano.a
LOAD c:/st/stm32cubeide_1.11.2/stm32cubeide/plugins/com.st.stm32cube.ide.mcu.externaltools.gnu-tools-for-stm32.10.3-2021.10.win32_1.0.100.202210260954/tools/bin/../lib/gcc/arm-none-eabi/10.3.1/../../../../arm-none-eabi/lib/thumb/v8-m.main+fp/hard\libm.a
LOAD c:/st/stm32cubeide_1.11.2/stm32cubeide/plugins/com.st.stm32cube.ide.mcu.externaltools.gnu-tools-for-stm32.10.3-2021.10.win32_1.0.100.202210260954/tools/bin/../lib/gcc/arm-none-eabi/10.3.1/../../../../arm-none-eabi/lib/thumb/v8-m.main+fp/hard\libc_nano.a
START GROUP
LOAD c:/st/stm32cubeide_1.11.2/stm32cubeide/plugins/com.st.stm32cube.ide.mcu.externaltools.gnu-tools-for-stm32.10.3-2021.10.win32_1.0.100.202210260954/tools/bin/../lib/gcc/arm-none-eabi/10.3.1/thumb/v8-m.main+fp/hard\libgcc.a
LOAD c:/st/stm32cubeide_1.11.2/stm32cubeide/plugins/com.st.stm32cube.ide.mcu.externaltools.gnu-tools-for-stm32.10.3-2021.10.win32_1.0.100.202210260954/tools/bin/../lib/gcc/arm-none-eabi/10.3.1/../../../../arm-none-eabi/lib/thumb/v8-m.main+fp/hard\libc_nano.a
END GROUP
START GROUP
LOAD c:/st/stm32cubeide_1.11.2/stm32cubeide/plugins/com.st.stm32cube.ide.mcu.externaltools.gnu-tools-for-stm32.10.3-2021.10.win32_1.0.100.202210260954/tools/bin/../lib/gcc/arm-none-eabi/10.3.1/thumb/v8-m.main+fp/hard\libgcc.a
LOAD c:/st/stm32cubeide_1.11.2/stm32cubeide/plugins/com.st.stm32cube.ide.mcu.externaltools.gnu-tools-for-stm32.10.3-2021.10.win32_1.0.100.202210260954/tools/bin/../lib/gcc/arm-none-eabi/10.3.1/../../../../arm-none-eabi/lib/thumb/v8-m.main+fp/hard\libc_nano.a
END GROUP
LOAD c:/st/stm32cubeide_1.11.2/stm32cubeide/plugins/com.st.stm32cube.ide.mcu.externaltools.gnu-tools-for-stm32.10.3-2021.10.win32_1.0.100.202210260954/tools/bin/../lib/gcc/arm-none-eabi/10.3.1/thumb/v8-m.main+fp/hard/crtend.o
LOAD c:/st/stm32cubeide_1.11.2/stm32cubeide/plugins/com.st.stm32cube.ide.mcu.externaltools.gnu-tools-for-stm32.10.3-2021.10.win32_1.0.100.202210260954/tools/bin/../lib/gcc/arm-none-eabi/10.3.1/thumb/v8-m.main+fp/hard/crtn.o
                0x0000000020030000                _estack = (ORIGIN (RAM) + LENGTH (RAM))
                0x0000000000000200                _Min_Heap_Size = 0x200
                0x0000000000000400                _Min_Stack_Size = 0x400

.isr_vector     0x0000000008000000      0x1f4
                0x0000000008000000                . = ALIGN (0x4)
 *(.isr_vector)
 .isr_vector    0x0000000008000000      0x1f4 ./Core/Startup/startup_stm32l552zetxq.o
                0x0000000008000000                g_pfnVectors
                0x00000000080001f4                . = ALIGN (0x4)

.text           0x00000000080001f4     0x7b84
                0x00000000080001f4                . = ALIGN (0x4)
 *(.text)
 .text          0x00000000080001f4       0x40 c:/st/stm32cubeide_1.11.2/stm32cubeide/plugins/com.st.stm32cube.ide.mcu.externaltools.gnu-tools-for-stm32.10.3-2021.10.win32_1.0.100.202210260954/tools/bin/../lib/gcc/arm-none-eabi/10.3.1/thumb/v8-m.main+fp/hard/crtbegin.o
 .text          0x0000000008000234       0x30 c:/st/stm32cubeide_1.11.2/stm32cubeide/plugins/com.st.stm32cube.ide.mcu.externaltools.gnu-tools-for-stm32.10.3-2021.10.win32_1.0.100.202210260954/tools/bin/../lib/gcc/arm-none-eabi/10.3.1/thumb/v8-m.main+fp/hard\libgcc.a(_aeabi_uldivmod.o)
                0x0000000008000234                __aeabi_uldivmod
 .text          0x0000000008000264      0x2ec c:/st/stm32cubeide_1.11.2/stm32cubeide/plugins/com.st.stm32cube.ide.mcu.externaltools.gnu-tools-for-stm32.10.3-2021.10.win32_1.0.100.202210260954/tools/bin/../lib/gcc/arm-none-eabi/10.3.1/thumb/v8-m.main+fp/hard\libgcc.a(_udivmoddi4.o)
                0x0000000008000264                __udivmoddi4
 .text          0x0000000008000550        0x4 c:/st/stm32cubeide_1.11.2/stm32cubeide/plugins/com.st.stm32cube.ide.mcu.externaltools.gnu-tools-for-stm32.10.3-2021.10.win32_1.0.100.202210260954/tools/bin/../lib/gcc/arm-none-eabi/10.3.1/thumb/v8-m.main+fp/hard\libgcc.a(_dvmd_tls.o)
                0x0000000008000550                __aeabi_idiv0
                0x0000000008000550                __aeabi_ldiv0
 *(.text*)
 .text._ZN9RCControlC2Ev
                0x0000000008000554       0x94 ./Core/Los_Driver/Src/LOS_D_SBUSReceiver.o
                0x0000000008000554                RCControl::RCControl()
                0x0000000008000554                RCControl::RCControl()
 .text._ZN12SBUSReceiver11getInstanceEP20__UART_HandleTypeDef
                0x00000000080005e8       0x38 ./Core/Los_Driver/Src/LOS_D_SBUSReceiver.o
                0x00000000080005e8                SBUSReceiver::getInstance(__UART_HandleTypeDef*)
 .text._ZN12SBUSReceiverC2EP20__UART_HandleTypeDef
                0x0000000008000620       0x7a ./Core/Los_Driver/Src/LOS_D_SBUSReceiver.o
                0x0000000008000620                SBUSReceiver::SBUSReceiver(__UART_HandleTypeDef*)
                0x0000000008000620                SBUSReceiver::SBUSReceiver(__UART_HandleTypeDef*)
 .text._ZN12SBUSReceiver7GetSBUSEv
                0x000000000800069a       0x5c ./Core/Los_Driver/Src/LOS_D_SBUSReceiver.o
                0x000000000800069a                SBUSReceiver::GetSBUS()
 .text._ZN12SBUSReceiver12GetRCControlEv
                0x00000000080006f6       0x4e ./Core/Los_Driver/Src/LOS_D_SBUSReceiver.o
                0x00000000080006f6                SBUSReceiver::GetRCControl()
 .text._ZN12SBUSReceiver5parseEv
                0x0000000008000744      0x2e4 ./Core/Los_Driver/Src/LOS_D_SBUSReceiver.o
                0x0000000008000744                SBUSReceiver::parse()
 .text._ZN12SBUSReceiver14cast_rccontrolEv
                0x0000000008000a28       0x48 ./Core/Los_Driver/Src/LOS_D_SBUSReceiver.o
                0x0000000008000a28                SBUSReceiver::cast_rccontrol()
 .text._ZN12SBUSReceiver17sbus_to_rccontrolEt
                0x0000000008000a70       0x4c ./Core/Los_Driver/Src/LOS_D_SBUSReceiver.o
                0x0000000008000a70                SBUSReceiver::sbus_to_rccontrol(unsigned short)
 .text.HAL_UART_RxCpltCallback
                0x0000000008000abc       0x6c ./Core/Los_Driver/Src/LOS_D_SBUSReceiver.o
                0x0000000008000abc                HAL_UART_RxCpltCallback
 .text.HAL_UART_ErrorCallback
                0x0000000008000b28       0x44 ./Core/Los_Driver/Src/LOS_D_SBUSReceiver.o
                0x0000000008000b28                HAL_UART_ErrorCallback
 .text._ZN10SBUSSender11getInstanceEP20__UART_HandleTypeDef
                0x0000000008000b6c       0x38 ./Core/Los_Driver/Src/LOS_D_SBUSSender.o
                0x0000000008000b6c                SBUSSender::getInstance(__UART_HandleTypeDef*)
 .text._ZN10SBUSSenderC2EP20__UART_HandleTypeDef
                0x0000000008000ba4       0x70 ./Core/Los_Driver/Src/LOS_D_SBUSSender.o
                0x0000000008000ba4                SBUSSender::SBUSSender(__UART_HandleTypeDef*)
                0x0000000008000ba4                SBUSSender::SBUSSender(__UART_HandleTypeDef*)
 .text._ZN10SBUSSender12SetSBusValueE4SBus
                0x0000000008000c14       0x3a ./Core/Los_Driver/Src/LOS_D_SBUSSender.o
                0x0000000008000c14                SBUSSender::SetSBusValue(SBus)
 .text._ZN10SBUSSender15assemble_packetEv
                0x0000000008000c4e      0x2ea ./Core/Los_Driver/Src/LOS_D_SBUSSender.o
                0x0000000008000c4e                SBUSSender::assemble_packet()
 .text.MX_ADC1_Init
                0x0000000008000f38       0xec ./Core/Src/adc.o
                0x0000000008000f38                MX_ADC1_Init
 .text.HAL_ADC_MspInit
                0x0000000008001024       0xb4 ./Core/Src/adc.o
                0x0000000008001024                HAL_ADC_MspInit
 .text.MX_DMA_Init
                0x00000000080010d8       0x64 ./Core/Src/dma.o
                0x00000000080010d8                MX_DMA_Init
 .text.MX_GPIO_Init
                0x000000000800113c      0x124 ./Core/Src/gpio.o
                0x000000000800113c                MX_GPIO_Init
 .text.main     0x0000000008001260       0xd4 ./Core/Src/main.o
                0x0000000008001260                main
 .text._Z18SystemClock_Configv
                0x0000000008001334       0xe0 ./Core/Src/main.o
                0x0000000008001334                SystemClock_Config()
 .text.Error_Handler
                0x0000000008001414        0xa ./Core/Src/main.o
                0x0000000008001414                Error_Handler
 *fill*         0x000000000800141e        0x2 
 .text.MX_RTC_Init
                0x0000000008001420       0x94 ./Core/Src/rtc.o
                0x0000000008001420                MX_RTC_Init
 .text.HAL_RTC_MspInit
                0x00000000080014b4       0x7c ./Core/Src/rtc.o
                0x00000000080014b4                HAL_RTC_MspInit
 .text.HAL_MspInit
                0x0000000008001530       0x48 ./Core/Src/stm32l5xx_hal_msp.o
                0x0000000008001530                HAL_MspInit
 .text.NMI_Handler
                0x0000000008001578        0x6 ./Core/Src/stm32l5xx_it.o
                0x0000000008001578                NMI_Handler
 .text.HardFault_Handler
                0x000000000800157e        0x6 ./Core/Src/stm32l5xx_it.o
                0x000000000800157e                HardFault_Handler
 .text.MemManage_Handler
                0x0000000008001584        0x6 ./Core/Src/stm32l5xx_it.o
                0x0000000008001584                MemManage_Handler
 .text.BusFault_Handler
                0x000000000800158a        0x6 ./Core/Src/stm32l5xx_it.o
                0x000000000800158a                BusFault_Handler
 .text.UsageFault_Handler
                0x0000000008001590        0x6 ./Core/Src/stm32l5xx_it.o
                0x0000000008001590                UsageFault_Handler
 .text.SVC_Handler
                0x0000000008001596        0xe ./Core/Src/stm32l5xx_it.o
                0x0000000008001596                SVC_Handler
 .text.DebugMon_Handler
                0x00000000080015a4        0xe ./Core/Src/stm32l5xx_it.o
                0x00000000080015a4                DebugMon_Handler
 .text.PendSV_Handler
                0x00000000080015b2        0xe ./Core/Src/stm32l5xx_it.o
                0x00000000080015b2                PendSV_Handler
 .text.SysTick_Handler
                0x00000000080015c0        0xc ./Core/Src/stm32l5xx_it.o
                0x00000000080015c0                SysTick_Handler
 .text.DMA1_Channel1_IRQHandler
                0x00000000080015cc       0x14 ./Core/Src/stm32l5xx_it.o
                0x00000000080015cc                DMA1_Channel1_IRQHandler
 .text.DMA1_Channel2_IRQHandler
                0x00000000080015e0       0x14 ./Core/Src/stm32l5xx_it.o
                0x00000000080015e0                DMA1_Channel2_IRQHandler
 .text.USART2_IRQHandler
                0x00000000080015f4       0x14 ./Core/Src/stm32l5xx_it.o
                0x00000000080015f4                USART2_IRQHandler
 .text._getpid  0x0000000008001608       0x10 ./Core/Src/syscalls.o
                0x0000000008001608                _getpid
 .text._kill    0x0000000008001618       0x20 ./Core/Src/syscalls.o
                0x0000000008001618                _kill
 .text._exit    0x0000000008001638       0x14 ./Core/Src/syscalls.o
                0x0000000008001638                _exit
 .text._sbrk    0x000000000800164c       0x6c ./Core/Src/sysmem.o
                0x000000000800164c                _sbrk
 .text.SystemInit
                0x00000000080016b8       0x24 ./Core/Src/system_stm32l5xx.o
                0x00000000080016b8                SystemInit
 .text.SystemCoreClockUpdate
                0x00000000080016dc      0x15c ./Core/Src/system_stm32l5xx.o
                0x00000000080016dc                SystemCoreClockUpdate
 .text.LL_AHB2_GRP1_EnableClock
                0x0000000008001838       0x30 ./Core/Src/ucpd.o
 .text.LL_APB1_GRP2_EnableClock
                0x0000000008001868       0x30 ./Core/Src/ucpd.o
 .text.MX_UCPD1_Init
                0x0000000008001898       0x6c ./Core/Src/ucpd.o
                0x0000000008001898                MX_UCPD1_Init
 .text.MX_LPUART1_UART_Init
                0x0000000008001904       0x9c ./Core/Src/usart.o
                0x0000000008001904                MX_LPUART1_UART_Init
 .text.MX_USART2_UART_Init
                0x00000000080019a0       0xb0 ./Core/Src/usart.o
                0x00000000080019a0                MX_USART2_UART_Init
 .text.HAL_UART_MspInit
                0x0000000008001a50      0x238 ./Core/Src/usart.o
                0x0000000008001a50                HAL_UART_MspInit
 .text.MX_USB_PCD_Init
                0x0000000008001c88       0x50 ./Core/Src/usb.o
                0x0000000008001c88                MX_USB_PCD_Init
 .text.HAL_PCD_MspInit
                0x0000000008001cd8       0xc0 ./Core/Src/usb.o
                0x0000000008001cd8                HAL_PCD_MspInit
 .text.Reset_Handler
                0x0000000008001d98       0x50 ./Core/Startup/startup_stm32l552zetxq.o
                0x0000000008001d98                Reset_Handler
 .text.Default_Handler
                0x0000000008001de8        0x2 ./Core/Startup/startup_stm32l552zetxq.o
                0x0000000008001de8                EXTI2_IRQHandler
                0x0000000008001de8                TIM8_TRG_COM_IRQHandler
                0x0000000008001de8                TIM8_CC_IRQHandler
                0x0000000008001de8                EXTI5_IRQHandler
                0x0000000008001de8                FLASH_S_IRQHandler
                0x0000000008001de8                EXTI13_IRQHandler
                0x0000000008001de8                TIM1_CC_IRQHandler
                0x0000000008001de8                TSC_IRQHandler
                0x0000000008001de8                TAMP_IRQHandler
                0x0000000008001de8                TIM6_IRQHandler
                0x0000000008001de8                EXTI12_IRQHandler
                0x0000000008001de8                DMA2_Channel8_IRQHandler
                0x0000000008001de8                EXTI3_IRQHandler
                0x0000000008001de8                EXTI8_IRQHandler
                0x0000000008001de8                LPTIM2_IRQHandler
                0x0000000008001de8                DFSDM1_FLT1_IRQHandler
                0x0000000008001de8                USB_FS_IRQHandler
                0x0000000008001de8                I2C3_ER_IRQHandler
                0x0000000008001de8                DFSDM1_FLT2_IRQHandler
                0x0000000008001de8                DMAMUX1_IRQHandler
                0x0000000008001de8                LPTIM3_IRQHandler
                0x0000000008001de8                EXTI0_IRQHandler
                0x0000000008001de8                I2C2_EV_IRQHandler
                0x0000000008001de8                FPU_IRQHandler
                0x0000000008001de8                FDCAN1_IT1_IRQHandler
                0x0000000008001de8                ADC1_2_IRQHandler
                0x0000000008001de8                SPI1_IRQHandler
                0x0000000008001de8                OCTOSPI1_IRQHandler
                0x0000000008001de8                TIM8_UP_IRQHandler
                0x0000000008001de8                RCC_S_IRQHandler
                0x0000000008001de8                DMA2_Channel2_IRQHandler
                0x0000000008001de8                DMA1_Channel4_IRQHandler
                0x0000000008001de8                SAI2_IRQHandler
                0x0000000008001de8                DFSDM1_FLT3_IRQHandler
                0x0000000008001de8                EXTI15_IRQHandler
                0x0000000008001de8                TIM17_IRQHandler
                0x0000000008001de8                USART3_IRQHandler
                0x0000000008001de8                RTC_IRQHandler
                0x0000000008001de8                EXTI9_IRQHandler
                0x0000000008001de8                DMA1_Channel7_IRQHandler
                0x0000000008001de8                UART5_IRQHandler
                0x0000000008001de8                TIM4_IRQHandler
                0x0000000008001de8                DMA2_Channel1_IRQHandler
                0x0000000008001de8                I2C1_EV_IRQHandler
                0x0000000008001de8                DMA1_Channel6_IRQHandler
                0x0000000008001de8                TIM16_IRQHandler
                0x0000000008001de8                UART4_IRQHandler
                0x0000000008001de8                DMA2_Channel4_IRQHandler
                0x0000000008001de8                SecureFault_Handler
                0x0000000008001de8                TIM3_IRQHandler
                0x0000000008001de8                RCC_IRQHandler
                0x0000000008001de8                TIM1_TRG_COM_IRQHandler
                0x0000000008001de8                Default_Handler
                0x0000000008001de8                DMA2_Channel7_IRQHandler
                0x0000000008001de8                DMA1_Channel8_IRQHandler
                0x0000000008001de8                TIM7_IRQHandler
                0x0000000008001de8                SDMMC1_IRQHandler
                0x0000000008001de8                TIM5_IRQHandler
                0x0000000008001de8                UCPD1_IRQHandler
                0x0000000008001de8                TIM15_IRQHandler
                0x0000000008001de8                I2C3_EV_IRQHandler
                0x0000000008001de8                PVD_PVM_IRQHandler
                0x0000000008001de8                SPI2_IRQHandler
                0x0000000008001de8                EXTI14_IRQHandler
                0x0000000008001de8                EXTI11_IRQHandler
                0x0000000008001de8                DMA2_Channel5_IRQHandler
                0x0000000008001de8                CRS_IRQHandler
                0x0000000008001de8                DMA1_Channel5_IRQHandler
                0x0000000008001de8                EXTI4_IRQHandler
                0x0000000008001de8                RTC_S_IRQHandler
                0x0000000008001de8                RNG_IRQHandler
                0x0000000008001de8                DMAMUX1_S_IRQHandler
                0x0000000008001de8                DMA1_Channel3_IRQHandler
                0x0000000008001de8                COMP_IRQHandler
                0x0000000008001de8                TIM1_UP_IRQHandler
                0x0000000008001de8                WWDG_IRQHandler
                0x0000000008001de8                I2C4_EV_IRQHandler
                0x0000000008001de8                LPUART1_IRQHandler
                0x0000000008001de8                DMA2_Channel6_IRQHandler
                0x0000000008001de8                FDCAN1_IT0_IRQHandler
                0x0000000008001de8                TIM2_IRQHandler
                0x0000000008001de8                TAMP_S_IRQHandler
                0x0000000008001de8                EXTI7_IRQHandler
                0x0000000008001de8                TIM1_BRK_IRQHandler
                0x0000000008001de8                DAC_IRQHandler
                0x0000000008001de8                EXTI1_IRQHandler
                0x0000000008001de8                GTZC_IRQHandler
                0x0000000008001de8                DFSDM1_FLT0_IRQHandler
                0x0000000008001de8                I2C2_ER_IRQHandler
                0x0000000008001de8                TIM8_BRK_IRQHandler
                0x0000000008001de8                FLASH_IRQHandler
                0x0000000008001de8                USART1_IRQHandler
                0x0000000008001de8                EXTI10_IRQHandler
                0x0000000008001de8                SPI3_IRQHandler
                0x0000000008001de8                I2C1_ER_IRQHandler
                0x0000000008001de8                FMC_IRQHandler
                0x0000000008001de8                EXTI6_IRQHandler
                0x0000000008001de8                LPTIM1_IRQHandler
                0x0000000008001de8                I2C4_ER_IRQHandler
                0x0000000008001de8                ICACHE_IRQHandler
                0x0000000008001de8                SAI1_IRQHandler
                0x0000000008001de8                HASH_IRQHandler
                0x0000000008001de8                DMA2_Channel3_IRQHandler
 .text.HAL_Init
                0x0000000008001dea       0x34 ./Drivers/STM32L5xx_HAL_Driver/Src/stm32l5xx_hal.o
                0x0000000008001dea                HAL_Init
 *fill*         0x0000000008001e1e        0x2 
 .text.HAL_InitTick
                0x0000000008001e20       0x78 ./Drivers/STM32L5xx_HAL_Driver/Src/stm32l5xx_hal.o
                0x0000000008001e20                HAL_InitTick
 .text.HAL_IncTick
                0x0000000008001e98       0x28 ./Drivers/STM32L5xx_HAL_Driver/Src/stm32l5xx_hal.o
                0x0000000008001e98                HAL_IncTick
 .text.HAL_GetTick
                0x0000000008001ec0       0x18 ./Drivers/STM32L5xx_HAL_Driver/Src/stm32l5xx_hal.o
                0x0000000008001ec0                HAL_GetTick
 .text.LL_ADC_SetCommonClock
                0x0000000008001ed8       0x26 ./Drivers/STM32L5xx_HAL_Driver/Src/stm32l5xx_hal_adc.o
 .text.LL_ADC_SetCommonPathInternalCh
                0x0000000008001efe       0x26 ./Drivers/STM32L5xx_HAL_Driver/Src/stm32l5xx_hal_adc.o
 .text.LL_ADC_GetCommonPathInternalCh
                0x0000000008001f24       0x1c ./Drivers/STM32L5xx_HAL_Driver/Src/stm32l5xx_hal_adc.o
 .text.LL_ADC_SetOffset
                0x0000000008001f40       0x48 ./Drivers/STM32L5xx_HAL_Driver/Src/stm32l5xx_hal_adc.o
 .text.LL_ADC_GetOffsetChannel
                0x0000000008001f88       0x2c ./Drivers/STM32L5xx_HAL_Driver/Src/stm32l5xx_hal_adc.o
 .text.LL_ADC_SetOffsetState
                0x0000000008001fb4       0x36 ./Drivers/STM32L5xx_HAL_Driver/Src/stm32l5xx_hal_adc.o
 .text.LL_ADC_SetSamplingTimeCommonConfig
                0x0000000008001fea       0x26 ./Drivers/STM32L5xx_HAL_Driver/Src/stm32l5xx_hal_adc.o
 .text.LL_ADC_REG_SetSequencerRanks
                0x0000000008002010       0x58 ./Drivers/STM32L5xx_HAL_Driver/Src/stm32l5xx_hal_adc.o
 .text.LL_ADC_SetChannelSamplingTime
                0x0000000008002068       0x56 ./Drivers/STM32L5xx_HAL_Driver/Src/stm32l5xx_hal_adc.o
 *fill*         0x00000000080020be        0x2 
 .text.LL_ADC_SetChannelSingleDiff
                0x00000000080020c0       0x48 ./Drivers/STM32L5xx_HAL_Driver/Src/stm32l5xx_hal_adc.o
 .text.LL_ADC_DisableDeepPowerDown
                0x0000000008002108       0x24 ./Drivers/STM32L5xx_HAL_Driver/Src/stm32l5xx_hal_adc.o
 .text.LL_ADC_IsDeepPowerDownEnabled
                0x000000000800212c       0x28 ./Drivers/STM32L5xx_HAL_Driver/Src/stm32l5xx_hal_adc.o
 .text.LL_ADC_EnableInternalRegulator
                0x0000000008002154       0x28 ./Drivers/STM32L5xx_HAL_Driver/Src/stm32l5xx_hal_adc.o
 .text.LL_ADC_IsInternalRegulatorEnabled
                0x000000000800217c       0x28 ./Drivers/STM32L5xx_HAL_Driver/Src/stm32l5xx_hal_adc.o
 .text.LL_ADC_IsEnabled
                0x00000000080021a4       0x26 ./Drivers/STM32L5xx_HAL_Driver/Src/stm32l5xx_hal_adc.o
 .text.LL_ADC_REG_IsConversionOngoing
                0x00000000080021ca       0x26 ./Drivers/STM32L5xx_HAL_Driver/Src/stm32l5xx_hal_adc.o
 .text.LL_ADC_INJ_IsConversionOngoing
                0x00000000080021f0       0x26 ./Drivers/STM32L5xx_HAL_Driver/Src/stm32l5xx_hal_adc.o
 *fill*         0x0000000008002216        0x2 
 .text.HAL_ADC_Init
                0x0000000008002218      0x298 ./Drivers/STM32L5xx_HAL_Driver/Src/stm32l5xx_hal_adc.o
                0x0000000008002218                HAL_ADC_Init
 .text.HAL_ADC_ConfigChannel
                0x00000000080024b0      0x7d4 ./Drivers/STM32L5xx_HAL_Driver/Src/stm32l5xx_hal_adc.o
                0x00000000080024b0                HAL_ADC_ConfigChannel
 .text.LL_ADC_IsEnabled
                0x0000000008002c84       0x26 ./Drivers/STM32L5xx_HAL_Driver/Src/stm32l5xx_hal_adc_ex.o
 .text.LL_ADC_REG_IsConversionOngoing
                0x0000000008002caa       0x26 ./Drivers/STM32L5xx_HAL_Driver/Src/stm32l5xx_hal_adc_ex.o
 .text.HAL_ADCEx_MultiModeConfigChannel
                0x0000000008002cd0      0x148 ./Drivers/STM32L5xx_HAL_Driver/Src/stm32l5xx_hal_adc_ex.o
                0x0000000008002cd0                HAL_ADCEx_MultiModeConfigChannel
 .text.__NVIC_SetPriorityGrouping
                0x0000000008002e18       0x48 ./Drivers/STM32L5xx_HAL_Driver/Src/stm32l5xx_hal_cortex.o
 .text.__NVIC_GetPriorityGrouping
                0x0000000008002e60       0x1c ./Drivers/STM32L5xx_HAL_Driver/Src/stm32l5xx_hal_cortex.o
 .text.__NVIC_EnableIRQ
                0x0000000008002e7c       0x3c ./Drivers/STM32L5xx_HAL_Driver/Src/stm32l5xx_hal_cortex.o
 .text.__NVIC_SetPriority
                0x0000000008002eb8       0x54 ./Drivers/STM32L5xx_HAL_Driver/Src/stm32l5xx_hal_cortex.o
 .text.NVIC_EncodePriority
                0x0000000008002f0c       0x66 ./Drivers/STM32L5xx_HAL_Driver/Src/stm32l5xx_hal_cortex.o
 *fill*         0x0000000008002f72        0x2 
 .text.SysTick_Config
                0x0000000008002f74       0x44 ./Drivers/STM32L5xx_HAL_Driver/Src/stm32l5xx_hal_cortex.o
 .text.HAL_NVIC_SetPriorityGrouping
                0x0000000008002fb8       0x16 ./Drivers/STM32L5xx_HAL_Driver/Src/stm32l5xx_hal_cortex.o
                0x0000000008002fb8                HAL_NVIC_SetPriorityGrouping
 .text.HAL_NVIC_SetPriority
                0x0000000008002fce       0x34 ./Drivers/STM32L5xx_HAL_Driver/Src/stm32l5xx_hal_cortex.o
                0x0000000008002fce                HAL_NVIC_SetPriority
 .text.HAL_NVIC_EnableIRQ
                0x0000000008003002       0x1c ./Drivers/STM32L5xx_HAL_Driver/Src/stm32l5xx_hal_cortex.o
                0x0000000008003002                HAL_NVIC_EnableIRQ
 .text.HAL_SYSTICK_Config
                0x000000000800301e       0x18 ./Drivers/STM32L5xx_HAL_Driver/Src/stm32l5xx_hal_cortex.o
                0x000000000800301e                HAL_SYSTICK_Config
 *fill*         0x0000000008003036        0x2 
 .text.HAL_DMA_Init
                0x0000000008003038      0x150 ./Drivers/STM32L5xx_HAL_Driver/Src/stm32l5xx_hal_dma.o
                0x0000000008003038                HAL_DMA_Init
 .text.HAL_DMA_Start_IT
                0x0000000008003188       0xf6 ./Drivers/STM32L5xx_HAL_Driver/Src/stm32l5xx_hal_dma.o
                0x0000000008003188                HAL_DMA_Start_IT
 .text.HAL_DMA_Abort
                0x000000000800327e       0xb8 ./Drivers/STM32L5xx_HAL_Driver/Src/stm32l5xx_hal_dma.o
                0x000000000800327e                HAL_DMA_Abort
 .text.HAL_DMA_Abort_IT
                0x0000000008003336       0xbe ./Drivers/STM32L5xx_HAL_Driver/Src/stm32l5xx_hal_dma.o
                0x0000000008003336                HAL_DMA_Abort_IT
 .text.HAL_DMA_IRQHandler
                0x00000000080033f4      0x200 ./Drivers/STM32L5xx_HAL_Driver/Src/stm32l5xx_hal_dma.o
                0x00000000080033f4                HAL_DMA_IRQHandler
 .text.HAL_DMA_GetError
                0x00000000080035f4       0x18 ./Drivers/STM32L5xx_HAL_Driver/Src/stm32l5xx_hal_dma.o
                0x00000000080035f4                HAL_DMA_GetError
 .text.HAL_DMA_ConfigChannelAttributes
                0x000000000800360c       0x60 ./Drivers/STM32L5xx_HAL_Driver/Src/stm32l5xx_hal_dma.o
                0x000000000800360c                HAL_DMA_ConfigChannelAttributes
 .text.DMA_SetConfig
                0x000000000800366c       0x7c ./Drivers/STM32L5xx_HAL_Driver/Src/stm32l5xx_hal_dma.o
 .text.DMA_CalcDMAMUXChannelBaseAndMask
                0x00000000080036e8       0x7c ./Drivers/STM32L5xx_HAL_Driver/Src/stm32l5xx_hal_dma.o
 .text.DMA_CalcDMAMUXRequestGenBaseAndMask
                0x0000000008003764       0x48 ./Drivers/STM32L5xx_HAL_Driver/Src/stm32l5xx_hal_dma.o
 .text.HAL_GPIO_Init
                0x00000000080037ac      0x300 ./Drivers/STM32L5xx_HAL_Driver/Src/stm32l5xx_hal_gpio.o
                0x00000000080037ac                HAL_GPIO_Init
 .text.HAL_GPIO_WritePin
                0x0000000008003aac       0x30 ./Drivers/STM32L5xx_HAL_Driver/Src/stm32l5xx_hal_gpio.o
                0x0000000008003aac                HAL_GPIO_WritePin
 .text.HAL_PCD_Init
                0x0000000008003adc      0x1b2 ./Drivers/STM32L5xx_HAL_Driver/Src/stm32l5xx_hal_pcd.o
                0x0000000008003adc                HAL_PCD_Init
 .text.HAL_PCDEx_ActivateLPM
                0x0000000008003c8e       0x54 ./Drivers/STM32L5xx_HAL_Driver/Src/stm32l5xx_hal_pcd_ex.o
                0x0000000008003c8e                HAL_PCDEx_ActivateLPM
 *fill*         0x0000000008003ce2        0x2 
 .text.HAL_PWR_EnableBkUpAccess
                0x0000000008003ce4       0x20 ./Drivers/STM32L5xx_HAL_Driver/Src/stm32l5xx_hal_pwr.o
                0x0000000008003ce4                HAL_PWR_EnableBkUpAccess
 .text.HAL_PWREx_GetVoltageRange
                0x0000000008003d04       0x1c ./Drivers/STM32L5xx_HAL_Driver/Src/stm32l5xx_hal_pwr_ex.o
                0x0000000008003d04                HAL_PWREx_GetVoltageRange
 .text.HAL_PWREx_ControlVoltageScaling
                0x0000000008003d20       0xb8 ./Drivers/STM32L5xx_HAL_Driver/Src/stm32l5xx_hal_pwr_ex.o
                0x0000000008003d20                HAL_PWREx_ControlVoltageScaling
 .text.HAL_PWREx_EnableVddIO2
                0x0000000008003dd8       0x20 ./Drivers/STM32L5xx_HAL_Driver/Src/stm32l5xx_hal_pwr_ex.o
                0x0000000008003dd8                HAL_PWREx_EnableVddIO2
 .text.HAL_PWREx_SMPS_GetEffectiveMode
                0x0000000008003df8       0x48 ./Drivers/STM32L5xx_HAL_Driver/Src/stm32l5xx_hal_pwr_ex.o
                0x0000000008003df8                HAL_PWREx_SMPS_GetEffectiveMode
 .text.HAL_RCC_OscConfig
                0x0000000008003e40      0x9ac ./Drivers/STM32L5xx_HAL_Driver/Src/stm32l5xx_hal_rcc.o
                0x0000000008003e40                HAL_RCC_OscConfig
 .text.HAL_RCC_ClockConfig
                0x00000000080047ec      0x270 ./Drivers/STM32L5xx_HAL_Driver/Src/stm32l5xx_hal_rcc.o
                0x00000000080047ec                HAL_RCC_ClockConfig
 .text.HAL_RCC_GetSysClockFreq
                0x0000000008004a5c      0x13c ./Drivers/STM32L5xx_HAL_Driver/Src/stm32l5xx_hal_rcc.o
                0x0000000008004a5c                HAL_RCC_GetSysClockFreq
 .text.HAL_RCC_GetHCLKFreq
                0x0000000008004b98       0x28 ./Drivers/STM32L5xx_HAL_Driver/Src/stm32l5xx_hal_rcc.o
                0x0000000008004b98                HAL_RCC_GetHCLKFreq
 .text.HAL_RCC_GetPCLK1Freq
                0x0000000008004bc0       0x28 ./Drivers/STM32L5xx_HAL_Driver/Src/stm32l5xx_hal_rcc.o
                0x0000000008004bc0                HAL_RCC_GetPCLK1Freq
 .text.HAL_RCC_GetPCLK2Freq
                0x0000000008004be8       0x28 ./Drivers/STM32L5xx_HAL_Driver/Src/stm32l5xx_hal_rcc.o
                0x0000000008004be8                HAL_RCC_GetPCLK2Freq
 .text.RCC_SetFlashLatencyFromMSIRange
                0x0000000008004c10       0xc8 ./Drivers/STM32L5xx_HAL_Driver/Src/stm32l5xx_hal_rcc.o
 .text.RCC_GetSysClockFreqFromPLLSource
                0x0000000008004cd8       0xdc ./Drivers/STM32L5xx_HAL_Driver/Src/stm32l5xx_hal_rcc.o
 .text.HAL_RCCEx_PeriphCLKConfig
                0x0000000008004db4      0x708 ./Drivers/STM32L5xx_HAL_Driver/Src/stm32l5xx_hal_rcc_ex.o
                0x0000000008004db4                HAL_RCCEx_PeriphCLKConfig
 .text.RCCEx_PLLSAI1_Config
                0x00000000080054bc      0x1cc ./Drivers/STM32L5xx_HAL_Driver/Src/stm32l5xx_hal_rcc_ex.o
 .text.RCCEx_PLLSAI2_Config
                0x0000000008005688      0x158 ./Drivers/STM32L5xx_HAL_Driver/Src/stm32l5xx_hal_rcc_ex.o
 .text.HAL_RTC_Init
                0x00000000080057e0       0xf0 ./Drivers/STM32L5xx_HAL_Driver/Src/stm32l5xx_hal_rtc.o
                0x00000000080057e0                HAL_RTC_Init
 .text.HAL_RTC_WaitForSynchro
                0x00000000080058d0       0x48 ./Drivers/STM32L5xx_HAL_Driver/Src/stm32l5xx_hal_rtc.o
                0x00000000080058d0                HAL_RTC_WaitForSynchro
 .text.RTC_EnterInitMode
                0x0000000008005918       0x68 ./Drivers/STM32L5xx_HAL_Driver/Src/stm32l5xx_hal_rtc.o
                0x0000000008005918                RTC_EnterInitMode
 .text.RTC_ExitInitMode
                0x0000000008005980       0x7c ./Drivers/STM32L5xx_HAL_Driver/Src/stm32l5xx_hal_rtc.o
                0x0000000008005980                RTC_ExitInitMode
 .text.HAL_RTCEx_PrivilegeModeSet
                0x00000000080059fc       0x58 ./Drivers/STM32L5xx_HAL_Driver/Src/stm32l5xx_hal_rtc_ex.o
                0x00000000080059fc                HAL_RTCEx_PrivilegeModeSet
 .text.HAL_UART_Init
                0x0000000008005a54       0xa0 ./Drivers/STM32L5xx_HAL_Driver/Src/stm32l5xx_hal_uart.o
                0x0000000008005a54                HAL_UART_Init
 .text.HAL_UART_Transmit
                0x0000000008005af4      0x11c ./Drivers/STM32L5xx_HAL_Driver/Src/stm32l5xx_hal_uart.o
                0x0000000008005af4                HAL_UART_Transmit
 .text.HAL_UART_Transmit_DMA
                0x0000000008005c10      0x100 ./Drivers/STM32L5xx_HAL_Driver/Src/stm32l5xx_hal_uart.o
                0x0000000008005c10                HAL_UART_Transmit_DMA
 .text.HAL_UART_Receive_DMA
                0x0000000008005d10       0x98 ./Drivers/STM32L5xx_HAL_Driver/Src/stm32l5xx_hal_uart.o
                0x0000000008005d10                HAL_UART_Receive_DMA
 .text.HAL_UART_DMAStop
                0x0000000008005da8      0x12c ./Drivers/STM32L5xx_HAL_Driver/Src/stm32l5xx_hal_uart.o
                0x0000000008005da8                HAL_UART_DMAStop
 .text.HAL_UART_IRQHandler
                0x0000000008005ed4      0x648 ./Drivers/STM32L5xx_HAL_Driver/Src/stm32l5xx_hal_uart.o
                0x0000000008005ed4                HAL_UART_IRQHandler
 .text.HAL_UART_TxCpltCallback
                0x000000000800651c       0x14 ./Drivers/STM32L5xx_HAL_Driver/Src/stm32l5xx_hal_uart.o
                0x000000000800651c                HAL_UART_TxCpltCallback
 .text.HAL_UART_TxHalfCpltCallback
                0x0000000008006530       0x14 ./Drivers/STM32L5xx_HAL_Driver/Src/stm32l5xx_hal_uart.o
                0x0000000008006530                HAL_UART_TxHalfCpltCallback
 .text.HAL_UART_RxHalfCpltCallback
                0x0000000008006544       0x14 ./Drivers/STM32L5xx_HAL_Driver/Src/stm32l5xx_hal_uart.o
                0x0000000008006544                HAL_UART_RxHalfCpltCallback
 .text.HAL_UARTEx_RxEventCallback
                0x0000000008006558       0x18 ./Drivers/STM32L5xx_HAL_Driver/Src/stm32l5xx_hal_uart.o
                0x0000000008006558                HAL_UARTEx_RxEventCallback
 .text.UART_SetConfig
                0x0000000008006570      0x600 ./Drivers/STM32L5xx_HAL_Driver/Src/stm32l5xx_hal_uart.o
                0x0000000008006570                UART_SetConfig
 .text.UART_AdvFeatureConfig
                0x0000000008006b70      0x144 ./Drivers/STM32L5xx_HAL_Driver/Src/stm32l5xx_hal_uart.o
                0x0000000008006b70                UART_AdvFeatureConfig
 .text.UART_CheckIdleState
                0x0000000008006cb4      0x154 ./Drivers/STM32L5xx_HAL_Driver/Src/stm32l5xx_hal_uart.o
                0x0000000008006cb4                UART_CheckIdleState
 .text.UART_WaitOnFlagUntilTimeout
                0x0000000008006e08       0xce ./Drivers/STM32L5xx_HAL_Driver/Src/stm32l5xx_hal_uart.o
                0x0000000008006e08                UART_WaitOnFlagUntilTimeout
 *fill*         0x0000000008006ed6        0x2 
 .text.UART_Start_Receive_DMA
                0x0000000008006ed8      0x14c ./Drivers/STM32L5xx_HAL_Driver/Src/stm32l5xx_hal_uart.o
                0x0000000008006ed8                UART_Start_Receive_DMA
 .text.UART_EndTxTransfer
                0x0000000008007024       0x82 ./Drivers/STM32L5xx_HAL_Driver/Src/stm32l5xx_hal_uart.o
 .text.UART_EndRxTransfer
                0x00000000080070a6       0xcc ./Drivers/STM32L5xx_HAL_Driver/Src/stm32l5xx_hal_uart.o
 .text.UART_DMATransmitCplt
                0x0000000008007172       0x9a ./Drivers/STM32L5xx_HAL_Driver/Src/stm32l5xx_hal_uart.o
 .text.UART_DMATxHalfCplt
                0x000000000800720c       0x1c ./Drivers/STM32L5xx_HAL_Driver/Src/stm32l5xx_hal_uart.o
 .text.UART_DMAReceiveCplt
                0x0000000008007228      0x12c ./Drivers/STM32L5xx_HAL_Driver/Src/stm32l5xx_hal_uart.o
 .text.UART_DMARxHalfCplt
                0x0000000008007354       0x3e ./Drivers/STM32L5xx_HAL_Driver/Src/stm32l5xx_hal_uart.o
 .text.UART_DMAError
                0x0000000008007392       0x80 ./Drivers/STM32L5xx_HAL_Driver/Src/stm32l5xx_hal_uart.o
 .text.UART_DMAAbortOnError
                0x0000000008007412       0x2c ./Drivers/STM32L5xx_HAL_Driver/Src/stm32l5xx_hal_uart.o
 .text.UART_EndTransmit_IT
                0x000000000800743e       0x56 ./Drivers/STM32L5xx_HAL_Driver/Src/stm32l5xx_hal_uart.o
 .text.HAL_UARTEx_WakeupCallback
                0x0000000008007494       0x14 ./Drivers/STM32L5xx_HAL_Driver/Src/stm32l5xx_hal_uart_ex.o
                0x0000000008007494                HAL_UARTEx_WakeupCallback
 .text.HAL_UARTEx_RxFifoFullCallback
                0x00000000080074a8       0x14 ./Drivers/STM32L5xx_HAL_Driver/Src/stm32l5xx_hal_uart_ex.o
                0x00000000080074a8                HAL_UARTEx_RxFifoFullCallback
 .text.HAL_UARTEx_TxFifoEmptyCallback
                0x00000000080074bc       0x14 ./Drivers/STM32L5xx_HAL_Driver/Src/stm32l5xx_hal_uart_ex.o
                0x00000000080074bc                HAL_UARTEx_TxFifoEmptyCallback
 .text.HAL_UARTEx_DisableFifoMode
                0x00000000080074d0       0x72 ./Drivers/STM32L5xx_HAL_Driver/Src/stm32l5xx_hal_uart_ex.o
                0x00000000080074d0                HAL_UARTEx_DisableFifoMode
 .text.HAL_UARTEx_SetTxFifoThreshold
                0x0000000008007542       0x7c ./Drivers/STM32L5xx_HAL_Driver/Src/stm32l5xx_hal_uart_ex.o
                0x0000000008007542                HAL_UARTEx_SetTxFifoThreshold
 .text.HAL_UARTEx_SetRxFifoThreshold
                0x00000000080075be       0x7c ./Drivers/STM32L5xx_HAL_Driver/Src/stm32l5xx_hal_uart_ex.o
                0x00000000080075be                HAL_UARTEx_SetRxFifoThreshold
 *fill*         0x000000000800763a        0x2 
 .text.UARTEx_SetNbDataToProcess
                0x000000000800763c       0x9c ./Drivers/STM32L5xx_HAL_Driver/Src/stm32l5xx_hal_uart_ex.o
 .text.LL_GPIO_SetPinMode
                0x00000000080076d8       0x7a ./Drivers/STM32L5xx_HAL_Driver/Src/stm32l5xx_ll_gpio.o
 .text.LL_GPIO_SetPinOutputType
                0x0000000008007752       0x30 ./Drivers/STM32L5xx_HAL_Driver/Src/stm32l5xx_ll_gpio.o
 .text.LL_GPIO_SetPinSpeed
                0x0000000008007782       0x7a ./Drivers/STM32L5xx_HAL_Driver/Src/stm32l5xx_ll_gpio.o
 .text.LL_GPIO_SetPinPull
                0x00000000080077fc       0x7a ./Drivers/STM32L5xx_HAL_Driver/Src/stm32l5xx_ll_gpio.o
 .text.LL_GPIO_SetAFPin_0_7
                0x0000000008007876       0x7a ./Drivers/STM32L5xx_HAL_Driver/Src/stm32l5xx_ll_gpio.o
 .text.LL_GPIO_SetAFPin_8_15
                0x00000000080078f0       0x7e ./Drivers/STM32L5xx_HAL_Driver/Src/stm32l5xx_ll_gpio.o
 .text.LL_GPIO_Init
                0x000000000800796e       0xda ./Drivers/STM32L5xx_HAL_Driver/Src/stm32l5xx_ll_gpio.o
                0x000000000800796e                LL_GPIO_Init
 .text.USB_DisableGlobalInt
                0x0000000008007a48       0x36 ./Drivers/STM32L5xx_HAL_Driver/Src/stm32l5xx_ll_usb.o
                0x0000000008007a48                USB_DisableGlobalInt
 .text.USB_DevInit
                0x0000000008007a7e       0x42 ./Drivers/STM32L5xx_HAL_Driver/Src/stm32l5xx_ll_usb.o
                0x0000000008007a7e                USB_DevInit
 .text._Znwj    0x0000000008007ac0       0x22 c:/st/stm32cubeide_1.11.2/stm32cubeide/plugins/com.st.stm32cube.ide.mcu.externaltools.gnu-tools-for-stm32.10.3-2021.10.win32_1.0.100.202210260954/tools/bin/../lib/gcc/arm-none-eabi/10.3.1/../../../../arm-none-eabi/lib/thumb/v8-m.main+fp/hard\libstdc++_nano.a(new_op.o)
                0x0000000008007ac0                operator new(unsigned int)
 *fill*         0x0000000008007ae2        0x2 
 .text._ZSt15get_new_handlerv
                0x0000000008007ae4        0xc c:/st/stm32cubeide_1.11.2/stm32cubeide/plugins/com.st.stm32cube.ide.mcu.externaltools.gnu-tools-for-stm32.10.3-2021.10.win32_1.0.100.202210260954/tools/bin/../lib/gcc/arm-none-eabi/10.3.1/../../../../arm-none-eabi/lib/thumb/v8-m.main+fp/hard\libstdc++_nano.a(new_handler.o)
                0x0000000008007ae4                std::get_new_handler()
 .text.abort    0x0000000008007af0        0xe c:/st/stm32cubeide_1.11.2/stm32cubeide/plugins/com.st.stm32cube.ide.mcu.externaltools.gnu-tools-for-stm32.10.3-2021.10.win32_1.0.100.202210260954/tools/bin/../lib/gcc/arm-none-eabi/10.3.1/../../../../arm-none-eabi/lib/thumb/v8-m.main+fp/hard\libc_nano.a(lib_a-abort.o)
                0x0000000008007af0                abort
 *fill*         0x0000000008007afe        0x2 
 .text.__errno  0x0000000008007b00        0xc c:/st/stm32cubeide_1.11.2/stm32cubeide/plugins/com.st.stm32cube.ide.mcu.externaltools.gnu-tools-for-stm32.10.3-2021.10.win32_1.0.100.202210260954/tools/bin/../lib/gcc/arm-none-eabi/10.3.1/../../../../arm-none-eabi/lib/thumb/v8-m.main+fp/hard\libc_nano.a(lib_a-errno.o)
                0x0000000008007b00                __errno
 .text.__libc_init_array
                0x0000000008007b0c       0x48 c:/st/stm32cubeide_1.11.2/stm32cubeide/plugins/com.st.stm32cube.ide.mcu.externaltools.gnu-tools-for-stm32.10.3-2021.10.win32_1.0.100.202210260954/tools/bin/../lib/gcc/arm-none-eabi/10.3.1/../../../../arm-none-eabi/lib/thumb/v8-m.main+fp/hard\libc_nano.a(lib_a-init.o)
                0x0000000008007b0c                __libc_init_array
 .text.malloc   0x0000000008007b54       0x10 c:/st/stm32cubeide_1.11.2/stm32cubeide/plugins/com.st.stm32cube.ide.mcu.externaltools.gnu-tools-for-stm32.10.3-2021.10.win32_1.0.100.202210260954/tools/bin/../lib/gcc/arm-none-eabi/10.3.1/../../../../arm-none-eabi/lib/thumb/v8-m.main+fp/hard\libc_nano.a(lib_a-malloc.o)
                0x0000000008007b54                malloc
 .text.memset   0x0000000008007b64       0x10 c:/st/stm32cubeide_1.11.2/stm32cubeide/plugins/com.st.stm32cube.ide.mcu.externaltools.gnu-tools-for-stm32.10.3-2021.10.win32_1.0.100.202210260954/tools/bin/../lib/gcc/arm-none-eabi/10.3.1/../../../../arm-none-eabi/lib/thumb/v8-m.main+fp/hard\libc_nano.a(lib_a-memset.o)
                0x0000000008007b64                memset
 .text.sbrk_aligned
                0x0000000008007b74       0x40 c:/st/stm32cubeide_1.11.2/stm32cubeide/plugins/com.st.stm32cube.ide.mcu.externaltools.gnu-tools-for-stm32.10.3-2021.10.win32_1.0.100.202210260954/tools/bin/../lib/gcc/arm-none-eabi/10.3.1/../../../../arm-none-eabi/lib/thumb/v8-m.main+fp/hard\libc_nano.a(lib_a-nano-mallocr.o)
 .text._malloc_r
                0x0000000008007bb4       0xe8 c:/st/stm32cubeide_1.11.2/stm32cubeide/plugins/com.st.stm32cube.ide.mcu.externaltools.gnu-tools-for-stm32.10.3-2021.10.win32_1.0.100.202210260954/tools/bin/../lib/gcc/arm-none-eabi/10.3.1/../../../../arm-none-eabi/lib/thumb/v8-m.main+fp/hard\libc_nano.a(lib_a-nano-mallocr.o)
                0x0000000008007bb4                _malloc_r
 .text._sbrk_r  0x0000000008007c9c       0x20 c:/st/stm32cubeide_1.11.2/stm32cubeide/plugins/com.st.stm32cube.ide.mcu.externaltools.gnu-tools-for-stm32.10.3-2021.10.win32_1.0.100.202210260954/tools/bin/../lib/gcc/arm-none-eabi/10.3.1/../../../../arm-none-eabi/lib/thumb/v8-m.main+fp/hard\libc_nano.a(lib_a-sbrkr.o)
                0x0000000008007c9c                _sbrk_r
 .text._raise_r
                0x0000000008007cbc       0x50 c:/st/stm32cubeide_1.11.2/stm32cubeide/plugins/com.st.stm32cube.ide.mcu.externaltools.gnu-tools-for-stm32.10.3-2021.10.win32_1.0.100.202210260954/tools/bin/../lib/gcc/arm-none-eabi/10.3.1/../../../../arm-none-eabi/lib/thumb/v8-m.main+fp/hard\libc_nano.a(lib_a-signal.o)
                0x0000000008007cbc                _raise_r
 .text.raise    0x0000000008007d0c       0x10 c:/st/stm32cubeide_1.11.2/stm32cubeide/plugins/com.st.stm32cube.ide.mcu.externaltools.gnu-tools-for-stm32.10.3-2021.10.win32_1.0.100.202210260954/tools/bin/../lib/gcc/arm-none-eabi/10.3.1/../../../../arm-none-eabi/lib/thumb/v8-m.main+fp/hard\libc_nano.a(lib_a-signal.o)
                0x0000000008007d0c                raise
 .text._kill_r  0x0000000008007d1c       0x24 c:/st/stm32cubeide_1.11.2/stm32cubeide/plugins/com.st.stm32cube.ide.mcu.externaltools.gnu-tools-for-stm32.10.3-2021.10.win32_1.0.100.202210260954/tools/bin/../lib/gcc/arm-none-eabi/10.3.1/../../../../arm-none-eabi/lib/thumb/v8-m.main+fp/hard\libc_nano.a(lib_a-signalr.o)
                0x0000000008007d1c                _kill_r
 .text._getpid_r
                0x0000000008007d40        0x4 c:/st/stm32cubeide_1.11.2/stm32cubeide/plugins/com.st.stm32cube.ide.mcu.externaltools.gnu-tools-for-stm32.10.3-2021.10.win32_1.0.100.202210260954/tools/bin/../lib/gcc/arm-none-eabi/10.3.1/../../../../arm-none-eabi/lib/thumb/v8-m.main+fp/hard\libc_nano.a(lib_a-signalr.o)
                0x0000000008007d40                _getpid_r
 .text.__malloc_lock
                0x0000000008007d44        0xc c:/st/stm32cubeide_1.11.2/stm32cubeide/plugins/com.st.stm32cube.ide.mcu.externaltools.gnu-tools-for-stm32.10.3-2021.10.win32_1.0.100.202210260954/tools/bin/../lib/gcc/arm-none-eabi/10.3.1/../../../../arm-none-eabi/lib/thumb/v8-m.main+fp/hard\libc_nano.a(lib_a-mlock.o)
                0x0000000008007d44                __malloc_lock
 .text.__malloc_unlock
                0x0000000008007d50        0xc c:/st/stm32cubeide_1.11.2/stm32cubeide/plugins/com.st.stm32cube.ide.mcu.externaltools.gnu-tools-for-stm32.10.3-2021.10.win32_1.0.100.202210260954/tools/bin/../lib/gcc/arm-none-eabi/10.3.1/../../../../arm-none-eabi/lib/thumb/v8-m.main+fp/hard\libc_nano.a(lib_a-mlock.o)
                0x0000000008007d50                __malloc_unlock
 .text.__retarget_lock_acquire_recursive
                0x0000000008007d5c        0x2 c:/st/stm32cubeide_1.11.2/stm32cubeide/plugins/com.st.stm32cube.ide.mcu.externaltools.gnu-tools-for-stm32.10.3-2021.10.win32_1.0.100.202210260954/tools/bin/../lib/gcc/arm-none-eabi/10.3.1/../../../../arm-none-eabi/lib/thumb/v8-m.main+fp/hard\libc_nano.a(lib_a-lock.o)
                0x0000000008007d5c                __retarget_lock_acquire_recursive
 .text.__retarget_lock_release_recursive
                0x0000000008007d5e        0x2 c:/st/stm32cubeide_1.11.2/stm32cubeide/plugins/com.st.stm32cube.ide.mcu.externaltools.gnu-tools-for-stm32.10.3-2021.10.win32_1.0.100.202210260954/tools/bin/../lib/gcc/arm-none-eabi/10.3.1/../../../../arm-none-eabi/lib/thumb/v8-m.main+fp/hard\libc_nano.a(lib_a-lock.o)
                0x0000000008007d5e                __retarget_lock_release_recursive
 *(.glue_7)
 .glue_7        0x0000000008007d60        0x0 linker stubs
 *(.glue_7t)
 .glue_7t       0x0000000008007d60        0x0 linker stubs
 *(.eh_frame)
 .eh_frame      0x0000000008007d60        0x0 c:/st/stm32cubeide_1.11.2/stm32cubeide/plugins/com.st.stm32cube.ide.mcu.externaltools.gnu-tools-for-stm32.10.3-2021.10.win32_1.0.100.202210260954/tools/bin/../lib/gcc/arm-none-eabi/10.3.1/thumb/v8-m.main+fp/hard/crtbegin.o
 *(.init)
 .init          0x0000000008007d60        0x4 c:/st/stm32cubeide_1.11.2/stm32cubeide/plugins/com.st.stm32cube.ide.mcu.externaltools.gnu-tools-for-stm32.10.3-2021.10.win32_1.0.100.202210260954/tools/bin/../lib/gcc/arm-none-eabi/10.3.1/thumb/v8-m.main+fp/hard/crti.o
                0x0000000008007d60                _init
 .init          0x0000000008007d64        0x8 c:/st/stm32cubeide_1.11.2/stm32cubeide/plugins/com.st.stm32cube.ide.mcu.externaltools.gnu-tools-for-stm32.10.3-2021.10.win32_1.0.100.202210260954/tools/bin/../lib/gcc/arm-none-eabi/10.3.1/thumb/v8-m.main+fp/hard/crtn.o
 *(.fini)
 .fini          0x0000000008007d6c        0x4 c:/st/stm32cubeide_1.11.2/stm32cubeide/plugins/com.st.stm32cube.ide.mcu.externaltools.gnu-tools-for-stm32.10.3-2021.10.win32_1.0.100.202210260954/tools/bin/../lib/gcc/arm-none-eabi/10.3.1/thumb/v8-m.main+fp/hard/crti.o
                0x0000000008007d6c                _fini
 .fini          0x0000000008007d70        0x8 c:/st/stm32cubeide_1.11.2/stm32cubeide/plugins/com.st.stm32cube.ide.mcu.externaltools.gnu-tools-for-stm32.10.3-2021.10.win32_1.0.100.202210260954/tools/bin/../lib/gcc/arm-none-eabi/10.3.1/thumb/v8-m.main+fp/hard/crtn.o
                0x0000000008007d78                . = ALIGN (0x4)
                0x0000000008007d78                _etext = .

.vfp11_veneer   0x0000000008007d78        0x0
 .vfp11_veneer  0x0000000008007d78        0x0 linker stubs

.v4_bx          0x0000000008007d78        0x0
 .v4_bx         0x0000000008007d78        0x0 linker stubs

.iplt           0x0000000008007d78        0x0
 .iplt          0x0000000008007d78        0x0 c:/st/stm32cubeide_1.11.2/stm32cubeide/plugins/com.st.stm32cube.ide.mcu.externaltools.gnu-tools-for-stm32.10.3-2021.10.win32_1.0.100.202210260954/tools/bin/../lib/gcc/arm-none-eabi/10.3.1/thumb/v8-m.main+fp/hard/crtbegin.o

.rodata         0x0000000008007d78       0x80
                0x0000000008007d78                . = ALIGN (0x4)
 *(.rodata)
 *(.rodata*)
 .rodata.AHBPrescTable
                0x0000000008007d78       0x10 ./Core/Src/system_stm32l5xx.o
                0x0000000008007d78                AHBPrescTable
 .rodata.APBPrescTable
                0x0000000008007d88        0x8 ./Core/Src/system_stm32l5xx.o
                0x0000000008007d88                APBPrescTable
 .rodata.MSIRangeTable
                0x0000000008007d90       0x40 ./Core/Src/system_stm32l5xx.o
                0x0000000008007d90                MSIRangeTable
 .rodata.UARTPrescTable
                0x0000000008007dd0       0x18 ./Drivers/STM32L5xx_HAL_Driver/Src/stm32l5xx_hal_uart.o
                0x0000000008007dd0                UARTPrescTable
 .rodata.numerator.1
                0x0000000008007de8        0x8 ./Drivers/STM32L5xx_HAL_Driver/Src/stm32l5xx_hal_uart_ex.o
 .rodata.denominator.0
                0x0000000008007df0        0x8 ./Drivers/STM32L5xx_HAL_Driver/Src/stm32l5xx_hal_uart_ex.o
                0x0000000008007df8                . = ALIGN (0x4)

.ARM.extab      0x0000000008007df8        0x0
                0x0000000008007df8                . = ALIGN (0x4)
 *(.ARM.extab* .gnu.linkonce.armextab.*)
                0x0000000008007df8                . = ALIGN (0x4)

.ARM            0x0000000008007df8        0x8
                0x0000000008007df8                . = ALIGN (0x4)
                0x0000000008007df8                __exidx_start = .
 *(.ARM.exidx*)
 .ARM.exidx     0x0000000008007df8        0x8 c:/st/stm32cubeide_1.11.2/stm32cubeide/plugins/com.st.stm32cube.ide.mcu.externaltools.gnu-tools-for-stm32.10.3-2021.10.win32_1.0.100.202210260954/tools/bin/../lib/gcc/arm-none-eabi/10.3.1/thumb/v8-m.main+fp/hard\libgcc.a(_udivmoddi4.o)
                0x0000000008007e00                __exidx_end = .
                0x0000000008007e00                . = ALIGN (0x4)

.rel.dyn        0x0000000008007e00        0x0
 .rel.iplt      0x0000000008007e00        0x0 c:/st/stm32cubeide_1.11.2/stm32cubeide/plugins/com.st.stm32cube.ide.mcu.externaltools.gnu-tools-for-stm32.10.3-2021.10.win32_1.0.100.202210260954/tools/bin/../lib/gcc/arm-none-eabi/10.3.1/thumb/v8-m.main+fp/hard/crtbegin.o

.preinit_array  0x0000000008007e00        0x0
                0x0000000008007e00                . = ALIGN (0x4)
                0x0000000008007e00                PROVIDE (__preinit_array_start = .)
 *(.preinit_array*)
                0x0000000008007e00                PROVIDE (__preinit_array_end = .)
                0x0000000008007e00                . = ALIGN (0x4)

.init_array     0x0000000008007e00        0x4
                0x0000000008007e00                . = ALIGN (0x4)
                0x0000000008007e00                PROVIDE (__init_array_start = .)
 *(SORT_BY_NAME(.init_array.*))
 *(.init_array*)
 .init_array    0x0000000008007e00        0x4 c:/st/stm32cubeide_1.11.2/stm32cubeide/plugins/com.st.stm32cube.ide.mcu.externaltools.gnu-tools-for-stm32.10.3-2021.10.win32_1.0.100.202210260954/tools/bin/../lib/gcc/arm-none-eabi/10.3.1/thumb/v8-m.main+fp/hard/crtbegin.o
                0x0000000008007e04                PROVIDE (__init_array_end = .)
                0x0000000008007e04                . = ALIGN (0x4)

.fini_array     0x0000000008007e04        0x4
                0x0000000008007e04                . = ALIGN (0x4)
                [!provide]                        PROVIDE (__fini_array_start = .)
 *(SORT_BY_NAME(.fini_array.*))
 *(.fini_array*)
 .fini_array    0x0000000008007e04        0x4 c:/st/stm32cubeide_1.11.2/stm32cubeide/plugins/com.st.stm32cube.ide.mcu.externaltools.gnu-tools-for-stm32.10.3-2021.10.win32_1.0.100.202210260954/tools/bin/../lib/gcc/arm-none-eabi/10.3.1/thumb/v8-m.main+fp/hard/crtbegin.o
                [!provide]                        PROVIDE (__fini_array_end = .)
                0x0000000008007e08                . = ALIGN (0x4)
                0x0000000008007e08                _sidata = LOADADDR (.data)

.data           0x0000000020000000       0x70 load address 0x0000000008007e08
                0x0000000020000000                . = ALIGN (0x4)
                0x0000000020000000                _sdata = .
 *(.data)
 *(.data*)
 .data.SystemCoreClock
                0x0000000020000000        0x4 ./Core/Src/system_stm32l5xx.o
                0x0000000020000000                SystemCoreClock
 .data.uwTickPrio
                0x0000000020000004        0x4 ./Drivers/STM32L5xx_HAL_Driver/Src/stm32l5xx_hal.o
                0x0000000020000004                uwTickPrio
 .data.uwTickFreq
                0x0000000020000008        0x1 ./Drivers/STM32L5xx_HAL_Driver/Src/stm32l5xx_hal.o
                0x0000000020000008                uwTickFreq
 *fill*         0x0000000020000009        0x3 
 .data._impure_ptr
                0x000000002000000c        0x4 c:/st/stm32cubeide_1.11.2/stm32cubeide/plugins/com.st.stm32cube.ide.mcu.externaltools.gnu-tools-for-stm32.10.3-2021.10.win32_1.0.100.202210260954/tools/bin/../lib/gcc/arm-none-eabi/10.3.1/../../../../arm-none-eabi/lib/thumb/v8-m.main+fp/hard\libc_nano.a(lib_a-impure.o)
                0x000000002000000c                _impure_ptr
 .data.impure_data
                0x0000000020000010       0x60 c:/st/stm32cubeide_1.11.2/stm32cubeide/plugins/com.st.stm32cube.ide.mcu.externaltools.gnu-tools-for-stm32.10.3-2021.10.win32_1.0.100.202210260954/tools/bin/../lib/gcc/arm-none-eabi/10.3.1/../../../../arm-none-eabi/lib/thumb/v8-m.main+fp/hard\libc_nano.a(lib_a-impure.o)
 *(.RamFunc)
 *(.RamFunc*)
                0x0000000020000070                . = ALIGN (0x4)
                0x0000000020000070                _edata = .

.igot.plt       0x0000000020000070        0x0 load address 0x0000000008007e78
 .igot.plt      0x0000000020000070        0x0 c:/st/stm32cubeide_1.11.2/stm32cubeide/plugins/com.st.stm32cube.ide.mcu.externaltools.gnu-tools-for-stm32.10.3-2021.10.win32_1.0.100.202210260954/tools/bin/../lib/gcc/arm-none-eabi/10.3.1/thumb/v8-m.main+fp/hard/crtbegin.o
                0x0000000020000070                . = ALIGN (0x4)

.bss            0x0000000020000070      0x5bc load address 0x0000000008007e78
                0x0000000020000070                _sbss = .
                0x0000000020000070                __bss_start__ = _sbss
 *(.bss)
 .bss           0x0000000020000070       0x1c c:/st/stm32cubeide_1.11.2/stm32cubeide/plugins/com.st.stm32cube.ide.mcu.externaltools.gnu-tools-for-stm32.10.3-2021.10.win32_1.0.100.202210260954/tools/bin/../lib/gcc/arm-none-eabi/10.3.1/thumb/v8-m.main+fp/hard/crtbegin.o
 *(.bss*)
 .bss._ZN12SBUSReceiver10singleton_E
                0x000000002000008c        0x4 ./Core/Los_Driver/Src/LOS_D_SBUSReceiver.o
                0x000000002000008c                SBUSReceiver::singleton_
 .bss._ZN10SBUSSender10singleton_E
                0x0000000020000090        0x4 ./Core/Los_Driver/Src/LOS_D_SBUSSender.o
                0x0000000020000090                SBUSSender::singleton_
 .bss.hadc1     0x0000000020000094       0x68 ./Core/Src/adc.o
                0x0000000020000094                hadc1
 .bss.hrtc      0x00000000200000fc       0x28 ./Core/Src/rtc.o
                0x00000000200000fc                hrtc
 .bss.__sbrk_heap_end
                0x0000000020000124        0x4 ./Core/Src/sysmem.o
 .bss.hlpuart1  0x0000000020000128       0x94 ./Core/Src/usart.o
                0x0000000020000128                hlpuart1
 .bss.huart2    0x00000000200001bc       0x94 ./Core/Src/usart.o
                0x00000000200001bc                huart2
 .bss.hdma_usart2_rx
                0x0000000020000250       0x68 ./Core/Src/usart.o
                0x0000000020000250                hdma_usart2_rx
 .bss.hdma_usart2_tx
                0x00000000200002b8       0x68 ./Core/Src/usart.o
                0x00000000200002b8                hdma_usart2_tx
 .bss.hpcd_USB_FS
                0x0000000020000320      0x2f4 ./Core/Src/usb.o
                0x0000000020000320                hpcd_USB_FS
 .bss.uwTick    0x0000000020000614        0x4 ./Drivers/STM32L5xx_HAL_Driver/Src/stm32l5xx_hal.o
                0x0000000020000614                uwTick
 .bss._ZN12_GLOBAL__N_113__new_handlerE
                0x0000000020000618        0x4 c:/st/stm32cubeide_1.11.2/stm32cubeide/plugins/com.st.stm32cube.ide.mcu.externaltools.gnu-tools-for-stm32.10.3-2021.10.win32_1.0.100.202210260954/tools/bin/../lib/gcc/arm-none-eabi/10.3.1/../../../../arm-none-eabi/lib/thumb/v8-m.main+fp/hard\libstdc++_nano.a(new_handler.o)
 .bss.__malloc_free_list
                0x000000002000061c        0x4 c:/st/stm32cubeide_1.11.2/stm32cubeide/plugins/com.st.stm32cube.ide.mcu.externaltools.gnu-tools-for-stm32.10.3-2021.10.win32_1.0.100.202210260954/tools/bin/../lib/gcc/arm-none-eabi/10.3.1/../../../../arm-none-eabi/lib/thumb/v8-m.main+fp/hard\libc_nano.a(lib_a-nano-mallocr.o)
                0x000000002000061c                __malloc_free_list
 .bss.__malloc_sbrk_start
                0x0000000020000620        0x4 c:/st/stm32cubeide_1.11.2/stm32cubeide/plugins/com.st.stm32cube.ide.mcu.externaltools.gnu-tools-for-stm32.10.3-2021.10.win32_1.0.100.202210260954/tools/bin/../lib/gcc/arm-none-eabi/10.3.1/../../../../arm-none-eabi/lib/thumb/v8-m.main+fp/hard\libc_nano.a(lib_a-nano-mallocr.o)
                0x0000000020000620                __malloc_sbrk_start
 .bss.errno     0x0000000020000624        0x4 c:/st/stm32cubeide_1.11.2/stm32cubeide/plugins/com.st.stm32cube.ide.mcu.externaltools.gnu-tools-for-stm32.10.3-2021.10.win32_1.0.100.202210260954/tools/bin/../lib/gcc/arm-none-eabi/10.3.1/../../../../arm-none-eabi/lib/thumb/v8-m.main+fp/hard\libc_nano.a(lib_a-reent.o)
                0x0000000020000624                errno
 .bss.__lock___malloc_recursive_mutex
                0x0000000020000628        0x1 c:/st/stm32cubeide_1.11.2/stm32cubeide/plugins/com.st.stm32cube.ide.mcu.externaltools.gnu-tools-for-stm32.10.3-2021.10.win32_1.0.100.202210260954/tools/bin/../lib/gcc/arm-none-eabi/10.3.1/../../../../arm-none-eabi/lib/thumb/v8-m.main+fp/hard\libc_nano.a(lib_a-lock.o)
                0x0000000020000628                __lock___malloc_recursive_mutex
 *(COMMON)
                0x000000002000062c                . = ALIGN (0x4)
 *fill*         0x0000000020000629        0x3 
                0x000000002000062c                _ebss = .
                0x000000002000062c                __bss_end__ = _ebss

._user_heap_stack
                0x000000002000062c      0x604 load address 0x0000000008007e78
                0x0000000020000630                . = ALIGN (0x8)
 *fill*         0x000000002000062c        0x4 
                [!provide]                        PROVIDE (end = .)
                0x0000000020000630                PROVIDE (_end = .)
                0x0000000020000830                . = (. + _Min_Heap_Size)
 *fill*         0x0000000020000630      0x200 
                0x0000000020000c30                . = (. + _Min_Stack_Size)
 *fill*         0x0000000020000830      0x400 
                0x0000000020000c30                . = ALIGN (0x8)

/DISCARD/
 libc.a(*)
 libm.a(*)
 libgcc.a(*)

.ARM.attributes
                0x0000000000000000       0x36
 *(.ARM.attributes)
 .ARM.attributes
                0x0000000000000000       0x22 c:/st/stm32cubeide_1.11.2/stm32cubeide/plugins/com.st.stm32cube.ide.mcu.externaltools.gnu-tools-for-stm32.10.3-2021.10.win32_1.0.100.202210260954/tools/bin/../lib/gcc/arm-none-eabi/10.3.1/thumb/v8-m.main+fp/hard/crti.o
 .ARM.attributes
                0x0000000000000022       0x38 c:/st/stm32cubeide_1.11.2/stm32cubeide/plugins/com.st.stm32cube.ide.mcu.externaltools.gnu-tools-for-stm32.10.3-2021.10.win32_1.0.100.202210260954/tools/bin/../lib/gcc/arm-none-eabi/10.3.1/thumb/v8-m.main+fp/hard/crtbegin.o
 .ARM.attributes
                0x000000000000005a       0x3a ./Core/Los_Driver/Src/LOS_D_SBUSReceiver.o
 .ARM.attributes
                0x0000000000000094       0x3a ./Core/Los_Driver/Src/LOS_D_SBUSSender.o
 .ARM.attributes
                0x00000000000000ce       0x3a ./Core/Src/adc.o
 .ARM.attributes
                0x0000000000000108       0x3a ./Core/Src/dma.o
 .ARM.attributes
                0x0000000000000142       0x3a ./Core/Src/gpio.o
 .ARM.attributes
                0x000000000000017c       0x3a ./Core/Src/main.o
 .ARM.attributes
                0x00000000000001b6       0x3a ./Core/Src/rtc.o
 .ARM.attributes
                0x00000000000001f0       0x3a ./Core/Src/stm32l5xx_hal_msp.o
 .ARM.attributes
                0x000000000000022a       0x3a ./Core/Src/stm32l5xx_it.o
 .ARM.attributes
                0x0000000000000264       0x3a ./Core/Src/syscalls.o
 .ARM.attributes
                0x000000000000029e       0x3a ./Core/Src/sysmem.o
 .ARM.attributes
                0x00000000000002d8       0x3a ./Core/Src/system_stm32l5xx.o
 .ARM.attributes
                0x0000000000000312       0x3a ./Core/Src/ucpd.o
 .ARM.attributes
                0x000000000000034c       0x3a ./Core/Src/usart.o
 .ARM.attributes
                0x0000000000000386       0x3a ./Core/Src/usb.o
 .ARM.attributes
                0x00000000000003c0       0x24 ./Core/Startup/startup_stm32l552zetxq.o
 .ARM.attributes
                0x00000000000003e4       0x3a ./Drivers/STM32L5xx_HAL_Driver/Src/stm32l5xx_hal.o
 .ARM.attributes
                0x000000000000041e       0x3a ./Drivers/STM32L5xx_HAL_Driver/Src/stm32l5xx_hal_adc.o
 .ARM.attributes
                0x0000000000000458       0x3a ./Drivers/STM32L5xx_HAL_Driver/Src/stm32l5xx_hal_adc_ex.o
 .ARM.attributes
                0x0000000000000492       0x3a ./Drivers/STM32L5xx_HAL_Driver/Src/stm32l5xx_hal_cortex.o
 .ARM.attributes
                0x00000000000004cc       0x3a ./Drivers/STM32L5xx_HAL_Driver/Src/stm32l5xx_hal_dma.o
 .ARM.attributes
                0x0000000000000506       0x3a ./Drivers/STM32L5xx_HAL_Driver/Src/stm32l5xx_hal_gpio.o
 .ARM.attributes
                0x0000000000000540       0x3a ./Drivers/STM32L5xx_HAL_Driver/Src/stm32l5xx_hal_pcd.o
 .ARM.attributes
                0x000000000000057a       0x3a ./Drivers/STM32L5xx_HAL_Driver/Src/stm32l5xx_hal_pcd_ex.o
 .ARM.attributes
                0x00000000000005b4       0x3a ./Drivers/STM32L5xx_HAL_Driver/Src/stm32l5xx_hal_pwr.o
 .ARM.attributes
                0x00000000000005ee       0x3a ./Drivers/STM32L5xx_HAL_Driver/Src/stm32l5xx_hal_pwr_ex.o
 .ARM.attributes
                0x0000000000000628       0x3a ./Drivers/STM32L5xx_HAL_Driver/Src/stm32l5xx_hal_rcc.o
 .ARM.attributes
                0x0000000000000662       0x3a ./Drivers/STM32L5xx_HAL_Driver/Src/stm32l5xx_hal_rcc_ex.o
 .ARM.attributes
                0x000000000000069c       0x3a ./Drivers/STM32L5xx_HAL_Driver/Src/stm32l5xx_hal_rtc.o
 .ARM.attributes
                0x00000000000006d6       0x3a ./Drivers/STM32L5xx_HAL_Driver/Src/stm32l5xx_hal_rtc_ex.o
 .ARM.attributes
                0x0000000000000710       0x3a ./Drivers/STM32L5xx_HAL_Driver/Src/stm32l5xx_hal_uart.o
 .ARM.attributes
                0x000000000000074a       0x3a ./Drivers/STM32L5xx_HAL_Driver/Src/stm32l5xx_hal_uart_ex.o
 .ARM.attributes
                0x0000000000000784       0x3a ./Drivers/STM32L5xx_HAL_Driver/Src/stm32l5xx_ll_gpio.o
 .ARM.attributes
                0x00000000000007be       0x3a ./Drivers/STM32L5xx_HAL_Driver/Src/stm32l5xx_ll_usb.o
 .ARM.attributes
                0x00000000000007f8       0x38 c:/st/stm32cubeide_1.11.2/stm32cubeide/plugins/com.st.stm32cube.ide.mcu.externaltools.gnu-tools-for-stm32.10.3-2021.10.win32_1.0.100.202210260954/tools/bin/../lib/gcc/arm-none-eabi/10.3.1/../../../../arm-none-eabi/lib/thumb/v8-m.main+fp/hard\libstdc++_nano.a(new_op.o)
 .ARM.attributes
                0x0000000000000830       0x38 c:/st/stm32cubeide_1.11.2/stm32cubeide/plugins/com.st.stm32cube.ide.mcu.externaltools.gnu-tools-for-stm32.10.3-2021.10.win32_1.0.100.202210260954/tools/bin/../lib/gcc/arm-none-eabi/10.3.1/../../../../arm-none-eabi/lib/thumb/v8-m.main+fp/hard\libstdc++_nano.a(new_handler.o)
 .ARM.attributes
                0x0000000000000868       0x38 c:/st/stm32cubeide_1.11.2/stm32cubeide/plugins/com.st.stm32cube.ide.mcu.externaltools.gnu-tools-for-stm32.10.3-2021.10.win32_1.0.100.202210260954/tools/bin/../lib/gcc/arm-none-eabi/10.3.1/../../../../arm-none-eabi/lib/thumb/v8-m.main+fp/hard\libc_nano.a(lib_a-abort.o)
 .ARM.attributes
                0x00000000000008a0       0x38 c:/st/stm32cubeide_1.11.2/stm32cubeide/plugins/com.st.stm32cube.ide.mcu.externaltools.gnu-tools-for-stm32.10.3-2021.10.win32_1.0.100.202210260954/tools/bin/../lib/gcc/arm-none-eabi/10.3.1/../../../../arm-none-eabi/lib/thumb/v8-m.main+fp/hard\libc_nano.a(lib_a-errno.o)
 .ARM.attributes
                0x00000000000008d8       0x38 c:/st/stm32cubeide_1.11.2/stm32cubeide/plugins/com.st.stm32cube.ide.mcu.externaltools.gnu-tools-for-stm32.10.3-2021.10.win32_1.0.100.202210260954/tools/bin/../lib/gcc/arm-none-eabi/10.3.1/../../../../arm-none-eabi/lib/thumb/v8-m.main+fp/hard\libc_nano.a(lib_a-impure.o)
 .ARM.attributes
                0x0000000000000910       0x38 c:/st/stm32cubeide_1.11.2/stm32cubeide/plugins/com.st.stm32cube.ide.mcu.externaltools.gnu-tools-for-stm32.10.3-2021.10.win32_1.0.100.202210260954/tools/bin/../lib/gcc/arm-none-eabi/10.3.1/../../../../arm-none-eabi/lib/thumb/v8-m.main+fp/hard\libc_nano.a(lib_a-init.o)
 .ARM.attributes
                0x0000000000000948       0x38 c:/st/stm32cubeide_1.11.2/stm32cubeide/plugins/com.st.stm32cube.ide.mcu.externaltools.gnu-tools-for-stm32.10.3-2021.10.win32_1.0.100.202210260954/tools/bin/../lib/gcc/arm-none-eabi/10.3.1/../../../../arm-none-eabi/lib/thumb/v8-m.main+fp/hard\libc_nano.a(lib_a-malloc.o)
 .ARM.attributes
                0x0000000000000980       0x38 c:/st/stm32cubeide_1.11.2/stm32cubeide/plugins/com.st.stm32cube.ide.mcu.externaltools.gnu-tools-for-stm32.10.3-2021.10.win32_1.0.100.202210260954/tools/bin/../lib/gcc/arm-none-eabi/10.3.1/../../../../arm-none-eabi/lib/thumb/v8-m.main+fp/hard\libc_nano.a(lib_a-memset.o)
 .ARM.attributes
                0x00000000000009b8       0x38 c:/st/stm32cubeide_1.11.2/stm32cubeide/plugins/com.st.stm32cube.ide.mcu.externaltools.gnu-tools-for-stm32.10.3-2021.10.win32_1.0.100.202210260954/tools/bin/../lib/gcc/arm-none-eabi/10.3.1/../../../../arm-none-eabi/lib/thumb/v8-m.main+fp/hard\libc_nano.a(lib_a-nano-mallocr.o)
 .ARM.attributes
                0x00000000000009f0       0x38 c:/st/stm32cubeide_1.11.2/stm32cubeide/plugins/com.st.stm32cube.ide.mcu.externaltools.gnu-tools-for-stm32.10.3-2021.10.win32_1.0.100.202210260954/tools/bin/../lib/gcc/arm-none-eabi/10.3.1/../../../../arm-none-eabi/lib/thumb/v8-m.main+fp/hard\libc_nano.a(lib_a-sbrkr.o)
 .ARM.attributes
                0x0000000000000a28       0x38 c:/st/stm32cubeide_1.11.2/stm32cubeide/plugins/com.st.stm32cube.ide.mcu.externaltools.gnu-tools-for-stm32.10.3-2021.10.win32_1.0.100.202210260954/tools/bin/../lib/gcc/arm-none-eabi/10.3.1/../../../../arm-none-eabi/lib/thumb/v8-m.main+fp/hard\libc_nano.a(lib_a-signal.o)
 .ARM.attributes
                0x0000000000000a60       0x38 c:/st/stm32cubeide_1.11.2/stm32cubeide/plugins/com.st.stm32cube.ide.mcu.externaltools.gnu-tools-for-stm32.10.3-2021.10.win32_1.0.100.202210260954/tools/bin/../lib/gcc/arm-none-eabi/10.3.1/../../../../arm-none-eabi/lib/thumb/v8-m.main+fp/hard\libc_nano.a(lib_a-signalr.o)
 .ARM.attributes
                0x0000000000000a98       0x38 c:/st/stm32cubeide_1.11.2/stm32cubeide/plugins/com.st.stm32cube.ide.mcu.externaltools.gnu-tools-for-stm32.10.3-2021.10.win32_1.0.100.202210260954/tools/bin/../lib/gcc/arm-none-eabi/10.3.1/../../../../arm-none-eabi/lib/thumb/v8-m.main+fp/hard\libc_nano.a(lib_a-mlock.o)
 .ARM.attributes
                0x0000000000000ad0       0x38 c:/st/stm32cubeide_1.11.2/stm32cubeide/plugins/com.st.stm32cube.ide.mcu.externaltools.gnu-tools-for-stm32.10.3-2021.10.win32_1.0.100.202210260954/tools/bin/../lib/gcc/arm-none-eabi/10.3.1/../../../../arm-none-eabi/lib/thumb/v8-m.main+fp/hard\libc_nano.a(lib_a-reent.o)
 .ARM.attributes
                0x0000000000000b08       0x38 c:/st/stm32cubeide_1.11.2/stm32cubeide/plugins/com.st.stm32cube.ide.mcu.externaltools.gnu-tools-for-stm32.10.3-2021.10.win32_1.0.100.202210260954/tools/bin/../lib/gcc/arm-none-eabi/10.3.1/../../../../arm-none-eabi/lib/thumb/v8-m.main+fp/hard\libc_nano.a(lib_a-lock.o)
 .ARM.attributes
                0x0000000000000b40       0x22 c:/st/stm32cubeide_1.11.2/stm32cubeide/plugins/com.st.stm32cube.ide.mcu.externaltools.gnu-tools-for-stm32.10.3-2021.10.win32_1.0.100.202210260954/tools/bin/../lib/gcc/arm-none-eabi/10.3.1/thumb/v8-m.main+fp/hard\libgcc.a(_aeabi_uldivmod.o)
 .ARM.attributes
                0x0000000000000b62       0x38 c:/st/stm32cubeide_1.11.2/stm32cubeide/plugins/com.st.stm32cube.ide.mcu.externaltools.gnu-tools-for-stm32.10.3-2021.10.win32_1.0.100.202210260954/tools/bin/../lib/gcc/arm-none-eabi/10.3.1/thumb/v8-m.main+fp/hard\libgcc.a(_udivmoddi4.o)
 .ARM.attributes
                0x0000000000000b9a       0x22 c:/st/stm32cubeide_1.11.2/stm32cubeide/plugins/com.st.stm32cube.ide.mcu.externaltools.gnu-tools-for-stm32.10.3-2021.10.win32_1.0.100.202210260954/tools/bin/../lib/gcc/arm-none-eabi/10.3.1/thumb/v8-m.main+fp/hard\libgcc.a(_dvmd_tls.o)
 .ARM.attributes
                0x0000000000000bbc       0x22 c:/st/stm32cubeide_1.11.2/stm32cubeide/plugins/com.st.stm32cube.ide.mcu.externaltools.gnu-tools-for-stm32.10.3-2021.10.win32_1.0.100.202210260954/tools/bin/../lib/gcc/arm-none-eabi/10.3.1/thumb/v8-m.main+fp/hard/crtn.o
OUTPUT(SimpleSystemManager.elf elf32-littlearm)
LOAD linker stubs
LOAD c:/st/stm32cubeide_1.11.2/stm32cubeide/plugins/com.st.stm32cube.ide.mcu.externaltools.gnu-tools-for-stm32.10.3-2021.10.win32_1.0.100.202210260954/tools/bin/../lib/gcc/arm-none-eabi/10.3.1/../../../../arm-none-eabi/lib/thumb/v8-m.main+fp/hard\libc.a
LOAD c:/st/stm32cubeide_1.11.2/stm32cubeide/plugins/com.st.stm32cube.ide.mcu.externaltools.gnu-tools-for-stm32.10.3-2021.10.win32_1.0.100.202210260954/tools/bin/../lib/gcc/arm-none-eabi/10.3.1/../../../../arm-none-eabi/lib/thumb/v8-m.main+fp/hard\libm.a
LOAD c:/st/stm32cubeide_1.11.2/stm32cubeide/plugins/com.st.stm32cube.ide.mcu.externaltools.gnu-tools-for-stm32.10.3-2021.10.win32_1.0.100.202210260954/tools/bin/../lib/gcc/arm-none-eabi/10.3.1/thumb/v8-m.main+fp/hard\libgcc.a

.debug_info     0x0000000000000000    0x240cd
 .debug_info    0x0000000000000000     0x1f6b ./Core/Los_Driver/Src/LOS_D_SBUSReceiver.o
 .debug_info    0x0000000000001f6b     0x1c17 ./Core/Los_Driver/Src/LOS_D_SBUSSender.o
 .debug_info    0x0000000000003b82     0x11a9 ./Core/Src/adc.o
 .debug_info    0x0000000000004d2b      0x71f ./Core/Src/dma.o
 .debug_info    0x000000000000544a      0x622 ./Core/Src/gpio.o
 .debug_info    0x0000000000005a6c     0x21ea ./Core/Src/main.o
 .debug_info    0x0000000000007c56      0xa5d ./Core/Src/rtc.o
 .debug_info    0x00000000000086b3      0x424 ./Core/Src/stm32l5xx_hal_msp.o
 .debug_info    0x0000000000008ad7      0x935 ./Core/Src/stm32l5xx_it.o
 .debug_info    0x000000000000940c      0x6e0 ./Core/Src/syscalls.o
 .debug_info    0x0000000000009aec      0x171 ./Core/Src/sysmem.o
 .debug_info    0x0000000000009c5d      0x7fc ./Core/Src/system_stm32l5xx.o
 .debug_info    0x000000000000a459      0x5f5 ./Core/Src/ucpd.o
 .debug_info    0x000000000000aa4e     0x1429 ./Core/Src/usart.o
 .debug_info    0x000000000000be77      0xdea ./Core/Src/usb.o
 .debug_info    0x000000000000cc61       0x22 ./Core/Startup/startup_stm32l552zetxq.o
 .debug_info    0x000000000000cc83      0xd43 ./Drivers/STM32L5xx_HAL_Driver/Src/stm32l5xx_hal.o
 .debug_info    0x000000000000d9c6     0x2026 ./Drivers/STM32L5xx_HAL_Driver/Src/stm32l5xx_hal_adc.o
 .debug_info    0x000000000000f9ec     0x1da4 ./Drivers/STM32L5xx_HAL_Driver/Src/stm32l5xx_hal_adc_ex.o
 .debug_info    0x0000000000011790     0x1177 ./Drivers/STM32L5xx_HAL_Driver/Src/stm32l5xx_hal_cortex.o
 .debug_info    0x0000000000012907      0x9c0 ./Drivers/STM32L5xx_HAL_Driver/Src/stm32l5xx_hal_dma.o
 .debug_info    0x00000000000132c7      0x655 ./Drivers/STM32L5xx_HAL_Driver/Src/stm32l5xx_hal_gpio.o
 .debug_info    0x000000000001391c     0x1714 ./Drivers/STM32L5xx_HAL_Driver/Src/stm32l5xx_hal_pcd.o
 .debug_info    0x0000000000015030      0x882 ./Drivers/STM32L5xx_HAL_Driver/Src/stm32l5xx_hal_pcd_ex.o
 .debug_info    0x00000000000158b2      0xd12 ./Drivers/STM32L5xx_HAL_Driver/Src/stm32l5xx_hal_pwr.o
 .debug_info    0x00000000000165c4      0xdf9 ./Drivers/STM32L5xx_HAL_Driver/Src/stm32l5xx_hal_pwr_ex.o
 .debug_info    0x00000000000173bd     0x1083 ./Drivers/STM32L5xx_HAL_Driver/Src/stm32l5xx_hal_rcc.o
 .debug_info    0x0000000000018440     0x121a ./Drivers/STM32L5xx_HAL_Driver/Src/stm32l5xx_hal_rcc_ex.o
 .debug_info    0x000000000001965a     0x1079 ./Drivers/STM32L5xx_HAL_Driver/Src/stm32l5xx_hal_rtc.o
 .debug_info    0x000000000001a6d3     0x1b9b ./Drivers/STM32L5xx_HAL_Driver/Src/stm32l5xx_hal_rtc_ex.o
 .debug_info    0x000000000001c26e     0x4ba2 ./Drivers/STM32L5xx_HAL_Driver/Src/stm32l5xx_hal_uart.o
 .debug_info    0x0000000000020e10     0x10a8 ./Drivers/STM32L5xx_HAL_Driver/Src/stm32l5xx_hal_uart_ex.o
 .debug_info    0x0000000000021eb8      0xaec ./Drivers/STM32L5xx_HAL_Driver/Src/stm32l5xx_ll_gpio.o
 .debug_info    0x00000000000229a4     0x1729 ./Drivers/STM32L5xx_HAL_Driver/Src/stm32l5xx_ll_usb.o

.debug_abbrev   0x0000000000000000     0x4b47
 .debug_abbrev  0x0000000000000000      0x446 ./Core/Los_Driver/Src/LOS_D_SBUSReceiver.o
 .debug_abbrev  0x0000000000000446      0x3dc ./Core/Los_Driver/Src/LOS_D_SBUSSender.o
 .debug_abbrev  0x0000000000000822      0x207 ./Core/Src/adc.o
 .debug_abbrev  0x0000000000000a29      0x12d ./Core/Src/dma.o
 .debug_abbrev  0x0000000000000b56      0x180 ./Core/Src/gpio.o
 .debug_abbrev  0x0000000000000cd6      0x401 ./Core/Src/main.o
 .debug_abbrev  0x00000000000010d7      0x1d1 ./Core/Src/rtc.o
 .debug_abbrev  0x00000000000012a8       0xec ./Core/Src/stm32l5xx_hal_msp.o
 .debug_abbrev  0x0000000000001394      0x189 ./Core/Src/stm32l5xx_it.o
 .debug_abbrev  0x000000000000151d      0x1b3 ./Core/Src/syscalls.o
 .debug_abbrev  0x00000000000016d0       0xbb ./Core/Src/sysmem.o
 .debug_abbrev  0x000000000000178b      0x127 ./Core/Src/system_stm32l5xx.o
 .debug_abbrev  0x00000000000018b2      0x1b1 ./Core/Src/ucpd.o
 .debug_abbrev  0x0000000000001a63      0x262 ./Core/Src/usart.o
 .debug_abbrev  0x0000000000001cc5      0x224 ./Core/Src/usb.o
 .debug_abbrev  0x0000000000001ee9       0x12 ./Core/Startup/startup_stm32l552zetxq.o
 .debug_abbrev  0x0000000000001efb      0x2c3 ./Drivers/STM32L5xx_HAL_Driver/Src/stm32l5xx_hal.o
 .debug_abbrev  0x00000000000021be      0x2b6 ./Drivers/STM32L5xx_HAL_Driver/Src/stm32l5xx_hal_adc.o
 .debug_abbrev  0x0000000000002474      0x2da ./Drivers/STM32L5xx_HAL_Driver/Src/stm32l5xx_hal_adc_ex.o
 .debug_abbrev  0x000000000000274e      0x31d ./Drivers/STM32L5xx_HAL_Driver/Src/stm32l5xx_hal_cortex.o
 .debug_abbrev  0x0000000000002a6b      0x1e8 ./Drivers/STM32L5xx_HAL_Driver/Src/stm32l5xx_hal_dma.o
 .debug_abbrev  0x0000000000002c53      0x1b2 ./Drivers/STM32L5xx_HAL_Driver/Src/stm32l5xx_hal_gpio.o
 .debug_abbrev  0x0000000000002e05      0x2a4 ./Drivers/STM32L5xx_HAL_Driver/Src/stm32l5xx_hal_pcd.o
 .debug_abbrev  0x00000000000030a9      0x21d ./Drivers/STM32L5xx_HAL_Driver/Src/stm32l5xx_hal_pcd_ex.o
 .debug_abbrev  0x00000000000032c6      0x1fa ./Drivers/STM32L5xx_HAL_Driver/Src/stm32l5xx_hal_pwr.o
 .debug_abbrev  0x00000000000034c0      0x283 ./Drivers/STM32L5xx_HAL_Driver/Src/stm32l5xx_hal_pwr_ex.o
 .debug_abbrev  0x0000000000003743      0x2ee ./Drivers/STM32L5xx_HAL_Driver/Src/stm32l5xx_hal_rcc.o
 .debug_abbrev  0x0000000000003a31      0x2b9 ./Drivers/STM32L5xx_HAL_Driver/Src/stm32l5xx_hal_rcc_ex.o
 .debug_abbrev  0x0000000000003cea      0x1ff ./Drivers/STM32L5xx_HAL_Driver/Src/stm32l5xx_hal_rtc.o
 .debug_abbrev  0x0000000000003ee9      0x21f ./Drivers/STM32L5xx_HAL_Driver/Src/stm32l5xx_hal_rtc_ex.o
 .debug_abbrev  0x0000000000004108      0x310 ./Drivers/STM32L5xx_HAL_Driver/Src/stm32l5xx_hal_uart.o
 .debug_abbrev  0x0000000000004418      0x2bd ./Drivers/STM32L5xx_HAL_Driver/Src/stm32l5xx_hal_uart_ex.o
 .debug_abbrev  0x00000000000046d5      0x243 ./Drivers/STM32L5xx_HAL_Driver/Src/stm32l5xx_ll_gpio.o
 .debug_abbrev  0x0000000000004918      0x22f ./Drivers/STM32L5xx_HAL_Driver/Src/stm32l5xx_ll_usb.o

.debug_aranges  0x0000000000000000     0x17e0
 .debug_aranges
                0x0000000000000000       0x68 ./Core/Los_Driver/Src/LOS_D_SBUSReceiver.o
 .debug_aranges
                0x0000000000000068       0x50 ./Core/Los_Driver/Src/LOS_D_SBUSSender.o
 .debug_aranges
                0x00000000000000b8       0x30 ./Core/Src/adc.o
 .debug_aranges
                0x00000000000000e8       0x20 ./Core/Src/dma.o
 .debug_aranges
                0x0000000000000108       0x20 ./Core/Src/gpio.o
 .debug_aranges
                0x0000000000000128       0x38 ./Core/Src/main.o
 .debug_aranges
                0x0000000000000160       0x30 ./Core/Src/rtc.o
 .debug_aranges
                0x0000000000000190       0x20 ./Core/Src/stm32l5xx_hal_msp.o
 .debug_aranges
                0x00000000000001b0       0x78 ./Core/Src/stm32l5xx_it.o
 .debug_aranges
                0x0000000000000228       0xa8 ./Core/Src/syscalls.o
 .debug_aranges
                0x00000000000002d0       0x20 ./Core/Src/sysmem.o
 .debug_aranges
                0x00000000000002f0       0x28 ./Core/Src/system_stm32l5xx.o
 .debug_aranges
                0x0000000000000318       0x30 ./Core/Src/ucpd.o
 .debug_aranges
                0x0000000000000348       0x38 ./Core/Src/usart.o
 .debug_aranges
                0x0000000000000380       0x30 ./Core/Src/usb.o
 .debug_aranges
                0x00000000000003b0       0x28 ./Core/Startup/startup_stm32l552zetxq.o
 .debug_aranges
                0x00000000000003d8      0x130 ./Drivers/STM32L5xx_HAL_Driver/Src/stm32l5xx_hal.o
 .debug_aranges
                0x0000000000000508      0x228 ./Drivers/STM32L5xx_HAL_Driver/Src/stm32l5xx_hal_adc.o
 .debug_aranges
                0x0000000000000730      0x1b0 ./Drivers/STM32L5xx_HAL_Driver/Src/stm32l5xx_hal_adc_ex.o
 .debug_aranges
                0x00000000000008e0      0x130 ./Drivers/STM32L5xx_HAL_Driver/Src/stm32l5xx_hal_cortex.o
 .debug_aranges
                0x0000000000000a10       0xa0 ./Drivers/STM32L5xx_HAL_Driver/Src/stm32l5xx_hal_dma.o
 .debug_aranges
                0x0000000000000ab0       0x60 ./Drivers/STM32L5xx_HAL_Driver/Src/stm32l5xx_hal_gpio.o
 .debug_aranges
                0x0000000000000b10      0x138 ./Drivers/STM32L5xx_HAL_Driver/Src/stm32l5xx_hal_pcd.o
 .debug_aranges
                0x0000000000000c48       0x58 ./Drivers/STM32L5xx_HAL_Driver/Src/stm32l5xx_hal_pcd_ex.o
 .debug_aranges
                0x0000000000000ca0       0xa8 ./Drivers/STM32L5xx_HAL_Driver/Src/stm32l5xx_hal_pwr.o
 .debug_aranges
                0x0000000000000d48      0x1b8 ./Drivers/STM32L5xx_HAL_Driver/Src/stm32l5xx_hal_pwr_ex.o
 .debug_aranges
                0x0000000000000f00       0xa8 ./Drivers/STM32L5xx_HAL_Driver/Src/stm32l5xx_hal_rcc.o
 .debug_aranges
                0x0000000000000fa8      0x118 ./Drivers/STM32L5xx_HAL_Driver/Src/stm32l5xx_hal_rcc_ex.o
 .debug_aranges
                0x00000000000010c0       0xe8 ./Drivers/STM32L5xx_HAL_Driver/Src/stm32l5xx_hal_rtc.o
 .debug_aranges
                0x00000000000011a8      0x220 ./Drivers/STM32L5xx_HAL_Driver/Src/stm32l5xx_hal_rtc_ex.o
 .debug_aranges
                0x00000000000013c8      0x248 ./Drivers/STM32L5xx_HAL_Driver/Src/stm32l5xx_hal_uart.o
 .debug_aranges
                0x0000000000001610       0xa8 ./Drivers/STM32L5xx_HAL_Driver/Src/stm32l5xx_hal_uart_ex.o
 .debug_aranges
                0x00000000000016b8       0x70 ./Drivers/STM32L5xx_HAL_Driver/Src/stm32l5xx_ll_gpio.o
 .debug_aranges
                0x0000000000001728       0xb8 ./Drivers/STM32L5xx_HAL_Driver/Src/stm32l5xx_ll_usb.o

.debug_ranges   0x0000000000000000     0x15f8
 .debug_ranges  0x0000000000000000       0x58 ./Core/Los_Driver/Src/LOS_D_SBUSReceiver.o
 .debug_ranges  0x0000000000000058       0x40 ./Core/Los_Driver/Src/LOS_D_SBUSSender.o
 .debug_ranges  0x0000000000000098       0x20 ./Core/Src/adc.o
 .debug_ranges  0x00000000000000b8       0x10 ./Core/Src/dma.o
 .debug_ranges  0x00000000000000c8       0x10 ./Core/Src/gpio.o
 .debug_ranges  0x00000000000000d8       0x28 ./Core/Src/main.o
 .debug_ranges  0x0000000000000100       0x20 ./Core/Src/rtc.o
 .debug_ranges  0x0000000000000120       0x10 ./Core/Src/stm32l5xx_hal_msp.o
 .debug_ranges  0x0000000000000130       0x68 ./Core/Src/stm32l5xx_it.o
 .debug_ranges  0x0000000000000198       0x98 ./Core/Src/syscalls.o
 .debug_ranges  0x0000000000000230       0x10 ./Core/Src/sysmem.o
 .debug_ranges  0x0000000000000240       0x18 ./Core/Src/system_stm32l5xx.o
 .debug_ranges  0x0000000000000258       0x20 ./Core/Src/ucpd.o
 .debug_ranges  0x0000000000000278       0x28 ./Core/Src/usart.o
 .debug_ranges  0x00000000000002a0       0x20 ./Core/Src/usb.o
 .debug_ranges  0x00000000000002c0       0x20 ./Core/Startup/startup_stm32l552zetxq.o
 .debug_ranges  0x00000000000002e0      0x120 ./Drivers/STM32L5xx_HAL_Driver/Src/stm32l5xx_hal.o
 .debug_ranges  0x0000000000000400      0x218 ./Drivers/STM32L5xx_HAL_Driver/Src/stm32l5xx_hal_adc.o
 .debug_ranges  0x0000000000000618      0x1a0 ./Drivers/STM32L5xx_HAL_Driver/Src/stm32l5xx_hal_adc_ex.o
 .debug_ranges  0x00000000000007b8      0x120 ./Drivers/STM32L5xx_HAL_Driver/Src/stm32l5xx_hal_cortex.o
 .debug_ranges  0x00000000000008d8       0x90 ./Drivers/STM32L5xx_HAL_Driver/Src/stm32l5xx_hal_dma.o
 .debug_ranges  0x0000000000000968       0x50 ./Drivers/STM32L5xx_HAL_Driver/Src/stm32l5xx_hal_gpio.o
 .debug_ranges  0x00000000000009b8      0x128 ./Drivers/STM32L5xx_HAL_Driver/Src/stm32l5xx_hal_pcd.o
 .debug_ranges  0x0000000000000ae0       0x48 ./Drivers/STM32L5xx_HAL_Driver/Src/stm32l5xx_hal_pcd_ex.o
 .debug_ranges  0x0000000000000b28       0x98 ./Drivers/STM32L5xx_HAL_Driver/Src/stm32l5xx_hal_pwr.o
 .debug_ranges  0x0000000000000bc0      0x1a8 ./Drivers/STM32L5xx_HAL_Driver/Src/stm32l5xx_hal_pwr_ex.o
 .debug_ranges  0x0000000000000d68       0x98 ./Drivers/STM32L5xx_HAL_Driver/Src/stm32l5xx_hal_rcc.o
 .debug_ranges  0x0000000000000e00      0x108 ./Drivers/STM32L5xx_HAL_Driver/Src/stm32l5xx_hal_rcc_ex.o
 .debug_ranges  0x0000000000000f08       0xd8 ./Drivers/STM32L5xx_HAL_Driver/Src/stm32l5xx_hal_rtc.o
 .debug_ranges  0x0000000000000fe0      0x210 ./Drivers/STM32L5xx_HAL_Driver/Src/stm32l5xx_hal_rtc_ex.o
 .debug_ranges  0x00000000000011f0      0x268 ./Drivers/STM32L5xx_HAL_Driver/Src/stm32l5xx_hal_uart.o
 .debug_ranges  0x0000000000001458       0x98 ./Drivers/STM32L5xx_HAL_Driver/Src/stm32l5xx_hal_uart_ex.o
 .debug_ranges  0x00000000000014f0       0x60 ./Drivers/STM32L5xx_HAL_Driver/Src/stm32l5xx_ll_gpio.o
 .debug_ranges  0x0000000000001550       0xa8 ./Drivers/STM32L5xx_HAL_Driver/Src/stm32l5xx_ll_usb.o

.debug_macro    0x0000000000000000    0x32ebc
 .debug_macro   0x0000000000000000      0x321 ./Core/Los_Driver/Src/LOS_D_SBUSReceiver.o
 .debug_macro   0x0000000000000321      0xb5c ./Core/Los_Driver/Src/LOS_D_SBUSReceiver.o
 .debug_macro   0x0000000000000e7d      0x1a2 ./Core/Los_Driver/Src/LOS_D_SBUSReceiver.o
 .debug_macro   0x000000000000101f       0x2e ./Core/Los_Driver/Src/LOS_D_SBUSReceiver.o
 .debug_macro   0x000000000000104d       0x42 ./Core/Los_Driver/Src/LOS_D_SBUSReceiver.o
 .debug_macro   0x000000000000108f       0x1c ./Core/Los_Driver/Src/LOS_D_SBUSReceiver.o
 .debug_macro   0x00000000000010ab       0x22 ./Core/Los_Driver/Src/LOS_D_SBUSReceiver.o
 .debug_macro   0x00000000000010cd       0x8e ./Core/Los_Driver/Src/LOS_D_SBUSReceiver.o
 .debug_macro   0x000000000000115b       0x51 ./Core/Los_Driver/Src/LOS_D_SBUSReceiver.o
 .debug_macro   0x00000000000011ac      0x103 ./Core/Los_Driver/Src/LOS_D_SBUSReceiver.o
 .debug_macro   0x00000000000012af       0x6a ./Core/Los_Driver/Src/LOS_D_SBUSReceiver.o
 .debug_macro   0x0000000000001319      0x1df ./Core/Los_Driver/Src/LOS_D_SBUSReceiver.o
 .debug_macro   0x00000000000014f8       0x1c ./Core/Los_Driver/Src/LOS_D_SBUSReceiver.o
 .debug_macro   0x0000000000001514       0x29 ./Core/Los_Driver/Src/LOS_D_SBUSReceiver.o
 .debug_macro   0x000000000000153d       0xfb ./Core/Los_Driver/Src/LOS_D_SBUSReceiver.o
 .debug_macro   0x0000000000001638     0x1336 ./Core/Los_Driver/Src/LOS_D_SBUSReceiver.o
 .debug_macro   0x000000000000296e       0x5e ./Core/Los_Driver/Src/LOS_D_SBUSReceiver.o
 .debug_macro   0x00000000000029cc    0x1aca2 ./Core/Los_Driver/Src/LOS_D_SBUSReceiver.o
 .debug_macro   0x000000000001d66e       0x6c ./Core/Los_Driver/Src/LOS_D_SBUSReceiver.o
 .debug_macro   0x000000000001d6da     0x3535 ./Core/Los_Driver/Src/LOS_D_SBUSReceiver.o
 .debug_macro   0x0000000000020c0f      0x17b ./Core/Los_Driver/Src/LOS_D_SBUSReceiver.o
 .debug_macro   0x0000000000020d8a       0x5c ./Core/Los_Driver/Src/LOS_D_SBUSReceiver.o
 .debug_macro   0x0000000000020de6     0x1987 ./Core/Los_Driver/Src/LOS_D_SBUSReceiver.o
 .debug_macro   0x000000000002276d      0xa52 ./Core/Los_Driver/Src/LOS_D_SBUSReceiver.o
 .debug_macro   0x00000000000231bf      0x1cf ./Core/Los_Driver/Src/LOS_D_SBUSReceiver.o
 .debug_macro   0x000000000002338e      0x1d8 ./Core/Los_Driver/Src/LOS_D_SBUSReceiver.o
 .debug_macro   0x0000000000023566      0x4e1 ./Core/Los_Driver/Src/LOS_D_SBUSReceiver.o
 .debug_macro   0x0000000000023a47      0x1ab ./Core/Los_Driver/Src/LOS_D_SBUSReceiver.o
 .debug_macro   0x0000000000023bf2       0x4a ./Core/Los_Driver/Src/LOS_D_SBUSReceiver.o
 .debug_macro   0x0000000000023c3c      0x1b9 ./Core/Los_Driver/Src/LOS_D_SBUSReceiver.o
 .debug_macro   0x0000000000023df5      0xecd ./Core/Los_Driver/Src/LOS_D_SBUSReceiver.o
 .debug_macro   0x0000000000024cc2      0x608 ./Core/Los_Driver/Src/LOS_D_SBUSReceiver.o
 .debug_macro   0x00000000000252ca      0x2e9 ./Core/Los_Driver/Src/LOS_D_SBUSReceiver.o
 .debug_macro   0x00000000000255b3      0x230 ./Core/Los_Driver/Src/LOS_D_SBUSReceiver.o
 .debug_macro   0x00000000000257e3      0x3bb ./Core/Los_Driver/Src/LOS_D_SBUSReceiver.o
 .debug_macro   0x0000000000025b9e       0x36 ./Core/Los_Driver/Src/LOS_D_SBUSReceiver.o
 .debug_macro   0x0000000000025bd4      0x11c ./Core/Los_Driver/Src/LOS_D_SBUSReceiver.o
 .debug_macro   0x0000000000025cf0      0x22c ./Core/Los_Driver/Src/LOS_D_SBUSReceiver.o
 .debug_macro   0x0000000000025f1c       0x5b ./Core/Los_Driver/Src/LOS_D_SBUSReceiver.o
 .debug_macro   0x0000000000025f77       0xa5 ./Core/Los_Driver/Src/LOS_D_SBUSReceiver.o
 .debug_macro   0x000000000002601c       0xc8 ./Core/Los_Driver/Src/LOS_D_SBUSReceiver.o
 .debug_macro   0x00000000000260e4       0x73 ./Core/Los_Driver/Src/LOS_D_SBUSReceiver.o
 .debug_macro   0x0000000000026157      0x22d ./Core/Los_Driver/Src/LOS_D_SBUSReceiver.o
 .debug_macro   0x0000000000026384      0x199 ./Core/Los_Driver/Src/LOS_D_SBUSReceiver.o
 .debug_macro   0x000000000002651d      0x487 ./Core/Los_Driver/Src/LOS_D_SBUSReceiver.o
 .debug_macro   0x00000000000269a4      0x31a ./Core/Los_Driver/Src/LOS_D_SBUSReceiver.o
 .debug_macro   0x0000000000026cbe      0x748 ./Core/Los_Driver/Src/LOS_D_SBUSReceiver.o
 .debug_macro   0x0000000000027406       0xeb ./Core/Los_Driver/Src/LOS_D_SBUSReceiver.o
 .debug_macro   0x00000000000274f1      0x693 ./Core/Los_Driver/Src/LOS_D_SBUSReceiver.o
 .debug_macro   0x0000000000027b84       0xa6 ./Core/Los_Driver/Src/LOS_D_SBUSReceiver.o
 .debug_macro   0x0000000000027c2a      0x3f1 ./Core/Los_Driver/Src/LOS_D_SBUSReceiver.o
 .debug_macro   0x000000000002801b      0x2b6 ./Core/Los_Driver/Src/LOS_D_SBUSReceiver.o
 .debug_macro   0x00000000000282d1      0x1e2 ./Core/Los_Driver/Src/LOS_D_SBUSReceiver.o
 .debug_macro   0x00000000000284b3      0x15a ./Core/Los_Driver/Src/LOS_D_SBUSReceiver.o
 .debug_macro   0x000000000002860d      0xbd0 ./Core/Los_Driver/Src/LOS_D_SBUSReceiver.o
 .debug_macro   0x00000000000291dd      0x398 ./Core/Los_Driver/Src/LOS_D_SBUSReceiver.o
 .debug_macro   0x0000000000029575       0xae ./Core/Los_Driver/Src/LOS_D_SBUSReceiver.o
 .debug_macro   0x0000000000029623      0x21d ./Core/Los_Driver/Src/LOS_D_SBUSReceiver.o
 .debug_macro   0x0000000000029840      0x165 ./Core/Los_Driver/Src/LOS_D_SBUSReceiver.o
 .debug_macro   0x00000000000299a5      0x5bf ./Core/Los_Driver/Src/LOS_D_SBUSReceiver.o
 .debug_macro   0x0000000000029f64      0x314 ./Core/Los_Driver/Src/LOS_D_SBUSReceiver.o
 .debug_macro   0x000000000002a278      0x215 ./Core/Los_Driver/Src/LOS_D_SBUSReceiver.o
 .debug_macro   0x000000000002a48d       0x70 ./Core/Los_Driver/Src/LOS_D_SBUSReceiver.o
 .debug_macro   0x000000000002a4fd      0x18a ./Core/Los_Driver/Src/LOS_D_SBUSReceiver.o
 .debug_macro   0x000000000002a687       0x10 ./Core/Los_Driver/Src/LOS_D_SBUSReceiver.o
 .debug_macro   0x000000000002a697      0x3d1 ./Core/Los_Driver/Src/LOS_D_SBUSReceiver.o
 .debug_macro   0x000000000002aa68       0x8e ./Core/Los_Driver/Src/LOS_D_SBUSReceiver.o
 .debug_macro   0x000000000002aaf6      0x317 ./Core/Los_Driver/Src/LOS_D_SBUSSender.o
 .debug_macro   0x000000000002ae0d      0x2be ./Core/Src/adc.o
 .debug_macro   0x000000000002b0cb      0xa84 ./Core/Src/adc.o
 .debug_macro   0x000000000002bb4f     0x1336 ./Core/Src/adc.o
 .debug_macro   0x000000000002ce85      0x174 ./Core/Src/adc.o
 .debug_macro   0x000000000002cff9      0x2be ./Core/Src/dma.o
 .debug_macro   0x000000000002d2b7      0x2be ./Core/Src/gpio.o
 .debug_macro   0x000000000002d575      0x36f ./Core/Src/main.o
 .debug_macro   0x000000000002d8e4      0x2be ./Core/Src/rtc.o
 .debug_macro   0x000000000002dba2      0x2b4 ./Core/Src/stm32l5xx_hal_msp.o