../Core/Los_Driver/SSM_MAVLink_Driver/Src/../Inc/MAVLink/ardupilotmega/../checksum.h:35:20:void crc_accumulate(uint8_t, uint16_t*)	24	static
../Core/Los_Driver/SSM_MAVLink_Driver/Src/../Inc/MAVLink/ardupilotmega/../checksum.h:52:20:void crc_init(uint16_t*)	16	static
../Core/Los_Driver/SSM_MAVLink_Driver/Src/../Inc/MAVLink/ardupilotmega/../mavlink_sha256.h:91:21:void mavlink_sha256_init(mavlink_sha256_ctx*)	16	static
../Core/Los_Driver/SSM_MAVLink_Driver/Src/../Inc/MAVLink/ardupilotmega/../mavlink_sha256.h:105:20:void mavlink_sha256_calc(mavlink_sha256_ctx*, uint32_t*)	320	static
../Core/Los_Driver/SSM_MAVLink_Driver/Src/../Inc/MAVLink/ardupilotmega/../mavlink_sha256.h:152:21:void mavlink_sha256_update(mavlink_sha256_ctx*, const void*, uint32_t)	120	static
../Core/Los_Driver/SSM_MAVLink_Driver/Src/../Inc/MAVLink/ardupilotmega/../mavlink_sha256.h:192:21:void mavlink_sha256_final_48(mavlink_sha256_ctx*, uint8_t*)	104	static
../Core/Los_Driver/SSM_MAVLink_Driver/Src/../Inc/MAVLink/ardupilotmega/../mavlink_helpers.h:23:34:mavlink_status_t* mavlink_get_channel_status(uint8_t)	16	static
../Core/Los_Driver/SSM_MAVLink_Driver/Src/../Inc/MAVLink/ardupilotmega/../mavlink_helpers.h:39:35:mavlink_message_t* mavlink_get_channel_buffer(uint8_t)	16	static
../Core/Los_Driver/SSM_MAVLink_Driver/Src/../Inc/MAVLink/ardupilotmega/../mavlink_helpers.h:123:21:bool mavlink_signature_check(mavlink_signing_t*, mavlink_signing_streams_t*, const mavlink_message_t*)	184	static
../Core/Los_Driver/SSM_MAVLink_Driver/Src/../Inc/MAVLink/ardupilotmega/../mavlink_helpers.h:302:20:void _mav_parse_error(mavlink_status_t*)	16	static
../Core/Los_Driver/SSM_MAVLink_Driver/Src/../Inc/MAVLink/ardupilotmega/../mavlink_helpers.h:492:21:void mavlink_start_checksum(mavlink_message_t*)	24	static
../Core/Los_Driver/SSM_MAVLink_Driver/Src/../Inc/MAVLink/ardupilotmega/../mavlink_helpers.h:499:21:void mavlink_update_checksum(mavlink_message_t*, uint8_t)	24	static
../Core/Los_Driver/SSM_MAVLink_Driver/Src/../Inc/MAVLink/ardupilotmega/../mavlink_helpers.h:510:43:const mavlink_msg_entry_t* mavlink_get_msg_entry(uint32_t)	32	static
../Core/Los_Driver/SSM_MAVLink_Driver/Src/../Inc/MAVLink/ardupilotmega/../mavlink_helpers.h:582:24:uint8_t mavlink_frame_char_buffer(mavlink_message_t*, mavlink_status_t*, uint8_t, mavlink_message_t*, mavlink_status_t*)	40	static
../Core/Los_Driver/SSM_MAVLink_Driver/Src/../Inc/MAVLink/ardupilotmega/../mavlink_helpers.h:906:24:uint8_t mavlink_frame_char(uint8_t, uint8_t, mavlink_message_t*, mavlink_status_t*)	40	static
../Core/Los_Driver/SSM_MAVLink_Driver/Src/../Inc/MAVLink/ardupilotmega/../mavlink_helpers.h:984:24:uint8_t mavlink_parse_char(uint8_t, uint8_t, mavlink_message_t*, mavlink_status_t*)	40	static
../Core/Los_Driver/SSM_MAVLink_Driver/Src/SSM_D_MAVLink.cpp:13:1:MAVLink::MAVLink(UART_HandleTypeDef*)	32	static
../Core/Los_Driver/SSM_MAVLink_Driver/Src/SSM_D_MAVLink.cpp:22:1:MAVLink::~MAVLink()	16	static
../Core/Los_Driver/SSM_MAVLink_Driver/Src/SSM_D_MAVLink.cpp:26:20:mavlink_message_t* MAVLink::get_mavlink_msg()	16	static
../Core/Los_Driver/SSM_MAVLink_Driver/Src/SSM_D_MAVLink.cpp:34:6:bool MAVLink::readMessage()	344	static
